******************************************************************************
                  TI ARM Linker PC v5.2.7                      
******************************************************************************
>> Linked Sun Feb 28 19:30:19 2016

OUTPUT FILE NAME:   <email.out>
ENTRY POINT SYMBOL: "_c_int00"  address: 20014145


MEMORY CONFIGURATION

         name            origin    length      used     unused   attr    fill
----------------------  --------  ---------  --------  --------  ----  --------
  SRAM_CODE             20004000   00016000  0001520e  00000df2  RW X
  SRAM_DATA             2001a000   00016000  0000c487  00009b79  RW X


SEGMENT ALLOCATION MAP

run origin  load origin   length   init length attrs members
----------  ----------- ---------- ----------- ----- -------
20004000    20004000    00015218   00015218    r-x
  20004000    20004000    0000030c   0000030c    r-- .resetVecs
  20004310    20004310    00011fba   00011fba    r-x .text
  200162d0    200162d0    00002b70   00002b70    r-- .const
  20018e40    20018e40    000003d8   000003d8    r-- .cinit
2001a000    2001a000    0000a488   00000000    rw-
  2001a000    2001a000    00009e27   00000000    rw- .bss
  20023e28    20023e28    00000660   00000000    rw- .data
2002e000    2002e000    00002000   00000000    rw-
  2002e000    2002e000    00002000   00000000    rw- .stack


SECTION ALLOCATION MAP

 output                                  attributes/
section   page    origin      length       input sections
--------  ----  ----------  ----------   ----------------
.init_array 
*          0    20004000    00000000     UNINITIALIZED

.resetVecs 
*          0    20004000    0000030c     
                  20004000    0000030c     app_pem4.oem4 (.resetVecs)

.text      0    20004310    00011fba     
                  20004310    000012c8     network_if.obj (.text)
                  200055d8    000010a6     rtsv7M4_T_le_eabi.lib : _printfi.obj (.text)
                  2000667e    00000002     driverlib.a : interrupt.obj (.text:IntDefaultHandler)
                  20006680    00000e90     main.obj (.text)
                  20007510    00000ba4     libEmail.a : email.obj (.text)
                  200080b4    000005ec     simplelink.a : driver.obj (.text:_SlDrvMsgRead)
                  200086a0    00000544     ti_rtos.a : osi_tirtos.obj (.text)
                  20008be4    00000518     NTPTime.obj (.text)
                  200090fc    00000480     rtsv7M4_T_le_eabi.lib : pow.obj (.text)
                  2000957c    00000448     tmp006drv.obj (.text)
                  200099c4    00000004     app_pem4.oem4 (.text:ti_sysbios_BIOS_RtsGateProxy_enter__E)
                  200099c8    00000430     sysbios.aem4 : BIOS.obj (.text:ti_sysbios_family_arm_m3_Hwi_excDumpRegs__I)
                  20009df8    00000394     gpio_if.obj (.text)
                  2000a18c    0000034c     ti.targets.arm.rtsarm.aem4 : System.oem4 (.text:xdc_runtime_System_doPrint__I)
                  2000a4d8    00000314     sysbios.aem4 : BIOS.obj (.text:ti_sysbios_knl_Semaphore_pend__E)
                  2000a7ec    000002e4     rtsv7M4_T_le_eabi.lib : xlog.obj (.text)
                  2000aad0    000002d4                           : trgdrv.obj (.text)
                  2000ada4    000002a8                           : mktime.obj (.text)
                  2000b04c    00000290     i2c_if.obj (.text)
                  2000b2dc    00000280     uart_if.obj (.text)
                  2000b55c    00000004     app_pem4.oem4 (.text:ti_sysbios_BIOS_RtsGateProxy_leave__E)
                  2000b560    00000254     sysbios.aem4 : BIOS.obj (.text:ti_sysbios_heaps_HeapMem_free__E)
                  2000b7b4    00000248     simplelink.a : driver.obj (.text:_SlDrvRxHdrRead)
                  2000b9fc    00000004     app_pem4.oem4 (.text:ti_sysbios_family_arm_m3_Hwi_delete)
                  2000ba00    00000248     sysbios.aem4 : BIOS.obj (.text:ti_sysbios_heaps_HeapMem_alloc__E)
                  2000bc48    00000244     simplelink.a : wlan.obj (.text:sl_WlanConnect)
                  2000be8c    00000004     app_pem4.oem4 (.text:ti_sysbios_family_arm_m3_TaskSupport_Module__startupDone__S)
                  2000be90    0000022c     sysbios.aem4 : BIOS.obj (.text:ti_sysbios_knl_Task_Instance_finalize__E)
                  2000c0bc    00000004     app_pem4.oem4 (.text:ti_sysbios_heaps_HeapMem_Module_GateProxy_enter__E)
                  2000c0c0    00000200     sysbios.aem4 : BIOS.obj (.text:ti_sysbios_knl_Task_sleep__E)
                  2000c2c0    000001fc     rtsv7M4_T_le_eabi.lib : xexp.obj (.text)
                  2000c4bc    00000004     app_pem4.oem4 (.text:ti_sysbios_heaps_HeapMem_Module_GateProxy_leave__E)
                  2000c4c0    000001fc     sysbios.aem4 : BIOS.obj (.text:ti_sysbios_family_arm_m3_Hwi_excHandlerMax__I)
                  2000c6bc    000001f4     rtsv7M4_T_le_eabi.lib : ull_div_t2.obj (.text)
                  2000c8b0    000001d0     simplelink.a : driver.obj (.text:_SlDrvReleasePoolObj)
                  2000ca80    000001cc                  : driver.obj (.text:_SlDrvMsgWrite)
                  2000cc4c    00000004     app_pem4.oem4 (.text:ti_sysbios_knl_Clock_TimerProxy_getMaxTicks__E)
                  2000cc50    000001c8     sysbios.aem4 : BIOS.obj (.text:ti_sysbios_knl_Task_Instance_init__E)
                  2000ce18    000001c0     timer_if.obj (.text)
                  2000cfd8    000001b6     rtsv7M4_T_le_eabi.lib : fd_add_t2.obj (.text)
                  2000d18e    00000002                           : i_div0.obj (.text)
                  2000d190    0000019c     sysbios.aem4 : BIOS.obj (.text:ti_sysbios_knl_Task_Module_startup__E)
                  2000d32c    00000190     simplelink.a : driver.obj (.text:_SlDrvWaitForPoolObj)
                  2000d4bc    00000174                  : driver.obj (.text:_SlDrvDriverCBInit)
                  2000d630    00000174     sysbios.aem4 : BIOS.obj (.text:ti_sysbios_family_arm_m3_Hwi_excBusFault__I)
                  2000d7a4    00000170     simplelink.a : driver.obj (.text:_SlFindAndSetActiveObj)
                  2000d914    00000004     app_pem4.oem4 (.text:ti_sysbios_knl_Mailbox_delete)
                  2000d918    00000164     sysbios.aem4 : BIOS.obj (.text:ti_sysbios_family_arm_m3_Hwi_excUsageFault__I)
                  2000da7c    00000004     app_pem4.oem4 (.text:ti_sysbios_knl_Queue_destruct)
                  2000da80    00000158     sysbios.aem4 : BIOS.obj (.text:ti_sysbios_knl_Mailbox_Instance_init__E)
                  2000dbd8    00000150     button_if.obj (.text)
                  2000dd28    0000014c     simplelink.a : cc_pal.obj (.text:spi_Open)
                  2000de74    00000004     app_pem4.oem4 (.text:ti_sysbios_knl_Semaphore_delete)
                  2000de78    00000148     sysbios.aem4 : BIOS.obj (.text:ti_sysbios_family_arm_m3_Hwi_excMemFault__I)
                  2000dfc0    00000140                  : BIOS.obj (.text:ti_sysbios_knl_Semaphore_post__E)
                  2000e100    0000013c     libEmail.a : base64.obj (.text)
                  2000e23c    00000004     app_pem4.oem4 (.text:ti_sysbios_knl_Semaphore_destruct)
                  2000e240    0000013c     sysbios.aem4 : BIOS.obj (.text:ti_sysbios_heaps_HeapMem_Instance_init__E)
                  2000e37c    00000004     app_pem4.oem4 (.text:ti_sysbios_knl_Task_delete)
                  2000e380    00000138     sysbios.aem4 : BIOS.obj (.text:ti_sysbios_family_arm_m3_Hwi_dispatchC__I)
                  2000e4b8    00000138     ti.targets.arm.rtsarm.aem4 : LoggerBuf.oem4 (.text:xdc_runtime_LoggerBuf_write8__E)
                  2000e5f0    00000136     rtsv7M4_T_le_eabi.lib : fd_div_t2.obj (.text)
                  2000e726    00000002     app_pem4.oem4 (.text:ti_sysbios_BIOS_nullFunc__I)
                  2000e728    00000134     driverlib.a : prcm.obj (.text:PRCMCC3200MCUInit)
                  2000e85c    00000004     ti.targets.arm.rtsarm.aem4 : Error.oem4 (.text:xdc_runtime_Error_getSite__E)
                  2000e860    00000134     sysbios.aem4 : BIOS.obj (.text:ti_sysbios_knl_Clock_workFunc__E)
                  2000e994    00000128     simplelink.a : driver.obj (.text:_SlDrvDataReadOp)
                  2000eabc    00000004     app_pem4.oem4 (.text:xdc_runtime_LoggerBuf_Module_GateProxy_enter__E)
                  2000eac0    0000011c     sysbios.aem4 : BIOS.obj (.text:ti_sysbios_knl_Swi_run__I)
                  2000ebdc    00000118     simplelink.a : socket.obj (.text:sl_SendTo)
                  2000ecf4    00000118     ti.targets.arm.rtsarm.aem4 : Error.oem4 (.text:xdc_runtime_Error_policyDefault__E)
                  2000ee0c    00000110     rtsv7M4_T_le_eabi.lib : xdscale.obj (.text)
                  2000ef1c    0000010c     simplelink.a : socket.obj (.text:sl_RecvFrom)
                  2000f028    00000108                  : socket.obj (.text:sl_Connect)
                  2000f130    00000108                  : socket.obj (.text:sl_Send)
                  2000f238    00000104                  : driver.obj (.text:_SlDrvDataWriteOp)
                  2000f33c    00000104                  : netapp.obj (.text:sl_NetAppDnsGetHostByName)
                  2000f440    00000100     ti.targets.arm.rtsarm.aem4 : Core-mem.oem4 (.text:xdc_runtime_Core_createObject__I)
                  2000f540    000000fe     simplelink.a : netapp.obj (.text:_SlDrvNetAppEventHandler)
                  2000f63e    000000fc     rtsv7M4_T_le_eabi.lib : fd_mul_t2.obj (.text)
                  2000f73a    000000fa                           : fs_add_t2.obj (.text)
                  2000f834    000000f8     ti.targets.arm.rtsarm.aem4 : Startup.oem4 (.text:xdc_runtime_Startup_startMods__I)
                  2000f92c    000000f8     app_pem4.oem4 (.text:xdc_runtime_System_printfExtend__I)
                  2000fa24    000000f4     simplelink.a : driver.obj (.text:_SlDrvDriverCBDeinit)
                  2000fb18    000000f0     driverlib.a : udma.obj (.text:uDMAChannelTransferSet)
                  2000fc08    000000e8     smartconfig.obj (.text)
                  2000fcf0    000000dc     simplelink.a : cc_pal.obj (.text:spi_Read)
                  2000fdcc    000000d8                  : driver.obj (.text:_SlDrvClassifyRxMsg)
                  2000fea4    000000d4                  : device.obj (.text:sl_Stop)
                  2000ff78    000000d4     ti.targets.arm.rtsarm.aem4 : LoggerBuf.oem4 (.text:xdc_runtime_LoggerBuf_write4__E)
                  2001004c    00000004     app_pem4.oem4 (.text:xdc_runtime_LoggerBuf_Module_GateProxy_leave__E)
                  20010050    000000d0     sysbios.aem4 : BIOS.obj (.text:ti_sysbios_family_arm_m3_Hwi_Module_startup__E)
                  20010120    000000d0                  : m3_Hwi_asm.obj (.text:ti_sysbios_family_arm_m3_Hwi_dispatch__I)
                  200101f0    000000cc                  : BIOS.obj (.text:ti_sysbios_knl_Task_schedule__I)
                  200102bc    000000cc     ti.targets.arm.rtsarm.aem4 : Core-smem.oem4 (.text:xdc_runtime_Core_constructObject__I)
                  20010388    000000c8     simplelink.a : netapp.obj (.text:_sl_HandleAsync_DnsGetHostByService)
                  20010450    000000c0                  : driver.obj (.text:_SlRemoveFromList)
                  20010510    000000c0     rtsv7M4_T_le_eabi.lib : xdint.obj (.text)
                  200105d0    000000be                           : xdnorm.obj (.text)
                  2001068e    00000002     app_pem4.oem4 (.text:xdc_runtime_Startup_reset__I)
                  20010690    000000bc     simplelink.a : driver.obj (.text:_SlDrvMsgReadCmdCtx)
                  2001074c    000000bc                  : device.obj (.text:sl_Start)
                  20010808    000000bc     sysbios.aem4 : BIOS.obj (.text:ti_sysbios_family_arm_m3_Hwi_excDebugMon__I)
                  200108c4    00000004     app_pem4.oem4 (.text:xdc_runtime_System_Module_GateProxy_enter__E)
                  200108c8    000000bc     sysbios.aem4 : BIOS.obj (.text:ti_sysbios_family_arm_m3_Hwi_excHardFault__I)
                  20010984    00000004     app_pem4.oem4 (.text:xdc_runtime_System_Module_GateProxy_leave__E)
                  20010988    000000bc     sysbios.aem4 : BIOS.obj (.text:ti_sysbios_knl_Task_startCore__E)
                  20010a44    000000b8     simplelink.a : driver.obj (.text:_SlAsyncEventGenericHandler)
                  20010afc    000000b4                  : netapp.obj (.text:sl_NetAppMDNSRegisterUnregisterService)
                  20010bb0    000000b4     sysbios.aem4 : BIOS.obj (.text:ti_sysbios_gates_GateMutex_enter__E)
                  20010c64    00000004     ti.targets.arm.rtsarm.aem4 : System.oem4 (.text:xdc_runtime_System_aprintf_va__F)
                  20010c68    000000b4     sysbios.aem4 : BIOS.obj (.text:ti_sysbios_knl_Task_checkStacks__E)
                  20010d1c    00000004     ti.targets.arm.rtsarm.aem4 : System.oem4 (.text:xdc_runtime_System_printf_va__F)
                  20010d20    000000b4     sysbios.aem4 : BIOS.obj (.text:ti_sysbios_knl_Task_yield__E)
                  20010dd4    000000b0     pinmux.obj (.text)
                  20010e84    00000004     --HOLE-- [fill = 0]
                  20010e88    000000ac     sysbios.aem4 : BIOS.obj (.text:ti_sysbios_knl_Swi_post__E)
                  20010f34    000000a8     driverlib.a : interrupt.obj (.text:IntDisable)
                  20010fdc    000000a8                 : interrupt.obj (.text:IntEnable)
                  20011084    000000a8     simplelink.a : netcfg.obj (.text:sl_NetCfgGet)
                  2001112c    00000004     --HOLE-- [fill = 0]
                  20011130    000000a8     sysbios.aem4 : BIOS.obj (.text:ti_sysbios_knl_Task_blockI__E)
                  200111d8    000000a8                  : BIOS.obj (.text:ti_sysbios_knl_Task_postInit__I)
                  20011280    000000a0     driverlib.a : spi.obj (.text:SPIConfigSetExpClk)
                  20011320    000000a0     auto_init.aem4 : auto_init.oem4 (.text)
                  200113c0    000000a0     ti.targets.arm.rtsarm.aem4 : Text.oem4 (.text:xdc_runtime_Text_putMod__E)
                  20011460    0000009c     simplelink.a : driver.obj (.text:_SlDrvMsgReadSpawnCtx)
                  200114fc    0000009c     rtsv7M4_T_le_eabi.lib : memcpy_t2.obj (.text)
                  20011598    0000009c     simplelink.a : device.obj (.text:sl_DevGet)
                  20011634    00000004     --HOLE-- [fill = 0]
                  20011638    0000009c     sysbios.aem4 : BIOS.obj (.text:ti_sysbios_knl_Semaphore_Instance_init__E)
                  200116d4    0000009c     ti.targets.arm.rtsarm.aem4 : LoggerBuf.oem4 (.text:xdc_runtime_LoggerBuf_setFilterLevel__E)
                  20011770    0000009a                                : Text.oem4 (.text:xdc_runtime_Text_putSite__E)
                  2001180a    00000006     driverlib.a : utils.obj (.text:UtilsDelay)
                  20011810    00000098     sysbios.aem4 : BIOS.obj (.text:ti_sysbios_knl_Mailbox_post__E)
                  200118a8    00000094     driverlib.a : prcm.obj (.text:PRCMPeripheralClockGet)
                  2001193c    00000094     rtsv7M4_T_le_eabi.lib : snprintf.obj (.text)
                  200119d0    00000094     sysbios.aem4 : BIOS.obj (.text:ti_sysbios_family_arm_m3_Hwi_Instance_init__E)
                  20011a64    00000004     --HOLE-- [fill = 0]
                  20011a68    00000094                  : BIOS.obj (.text:ti_sysbios_knl_Task_exit__E)
                  20011afc    00000092     rtsv7M4_T_le_eabi.lib : fs_div_t2.obj (.text)
                  20011b8e    00000002     --HOLE-- [fill = 0]
                  20011b90    00000090     simplelink.a : wlan.obj (.text:sl_WlanSmartConfigStart)
                  20011c20    00000090     sysbios.aem4 : BIOS.obj (.text:ti_sysbios_knl_Task_unblockI__E)
                  20011cb0    0000008c     simplelink.a : cc_pal.obj (.text:SetupDMAReceive)
                  20011d3c    0000008c                  : cc_pal.obj (.text:SetupDMASend)
                  20011dc8    0000008c                  : netapp.obj (.text:_sl_HandleAsync_DnsGetHostByName)
                  20011e54    0000008c                  : netapp.obj (.text:_sl_HandleAsync_PingResponse)
                  20011ee0    0000008c                  : cc_pal.obj (.text:spi_Write)
                  20011f6c    00000004     --HOLE-- [fill = 0]
                  20011f70    0000008c     sysbios.aem4 : BIOS.obj (.text:ti_sysbios_knl_Mailbox_pend__E)
                  20011ffc    00000088     driverlib.a : pin.obj (.text:PinConfigSet)
                  20012084    00000088     rtsv7M4_T_le_eabi.lib : vsnprintf.obj (.text)
                  2001210c    00000088     simplelink.a : socket.obj (.text:sl_Bind)
                  20012194    00000004     --HOLE-- [fill = 0]
                  20012198    00000088     sysbios.aem4 : BIOS.obj (.text:ti_sysbios_family_arm_m3_Hwi_initNVIC__E)
                  20012220    00000088                  : BIOS.obj (.text:ti_sysbios_knl_Mailbox_Module_startup__E)
                  200122a8    00000086     rtsv7M4_T_le_eabi.lib : fd_cmp_t2.obj (.text:__aeabi_cdcmple)
                  2001232e    00000086                           : fd_cmp_t2.obj (.text:__aeabi_cdrcmple)
                  200123b4    00000084     driverlib.a : i2c.obj (.text:I2CMasterInitExpClk)
                  20012438    00000084     simplelink.a : cc_pal.obj (.text:NwpPowerOnPreamble)
                  200124bc    00000004     --HOLE-- [fill = 0]
                  200124c0    00000084     sysbios.aem4 : BIOS.obj (.text:ti_sysbios_family_arm_m3_Hwi_postInit__I)
                  20012544    00000082     driverlib.a : gpio.obj (.text:GPIOIntTypeSet)
                  200125c6    00000002     --HOLE-- [fill = 0]
                  200125c8    00000080     simplelink.a : driver.obj (.text:_SlDrvCmdOp)
                  20012648    00000080                  : cc_pal.obj (.text:spi_Read_CPU)
                  200126c8    00000080                  : cc_pal.obj (.text:spi_Write_CPU)
                  20012748    0000007c                  : device.obj (.text:_sl_HandleAsync_InitComplete)
                  200127c4    00000004     --HOLE-- [fill = 0]
                  200127c8    0000007c     sysbios.aem4 : BIOS.obj (.text:ti_sysbios_family_arm_m3_TimestampProvider_get64__E)
                  20012844    0000007a     rtsv7M4_T_le_eabi.lib : fs_mul_t2.obj (.text)
                  200128be    0000007a                           : memset_t2.obj (.text)
                  20012938    00000078     simplelink.a : socket.obj (.text:_sl_HandleAsync_Connect)
                  200129b0    00000078                  : cc_pal.obj (.text:spi_Close)
                  20012a28    00000076     driverlib.a : uart.obj (.text:UARTConfigSetExpClk)
                  20012a9e    00000002     --HOLE-- [fill = 0]
                  20012aa0    00000074     simplelink.a : socket.obj (.text:sl_Recv)
                  20012b14    00000074     ti.targets.arm.rtsarm.aem4 : LoggerBuf.oem4 (.text:xdc_runtime_LoggerBuf_getFilterLevel__E)
                  20012b88    00000070     sysbios.aem4 : BIOS.obj (.text:ti_sysbios_knl_Mailbox_Instance_finalize__E)
                  20012bf8    0000006e     rtsv7M4_T_le_eabi.lib : fd_tos_t2.obj (.text)
                  20012c66    00000002     --HOLE-- [fill = 0]
                  20012c68    0000006d     ti.targets.arm.rtsarm.aem4 : System.oem4 (.text:xdc_runtime_System_formatNum__I)
                  20012cd5    00000003     --HOLE-- [fill = 0]
                  20012cd8    0000006c     simplelink.a : driver.obj (.text:_SlDrvCmdSend)
                  20012d44    00000004     --HOLE-- [fill = 0]
                  20012d48    0000006c     sysbios.aem4 : BIOS.obj (.text:ti_sysbios_knl_Swi_restoreHwi__E)
                  20012db4    0000006c     ti.targets.arm.rtsarm.aem4 : Error.oem4 (.text:xdc_runtime_Error_print__E)
                  20012e20    0000006c                                : Memory.oem4 (.text:xdc_runtime_Memory_alloc__E)
                  20012e8c    0000006a     rtsv7M4_T_le_eabi.lib : copy_decompress_rle.obj (.text)
                  20012ef6    00000002     --HOLE-- [fill = 0]
                  20012ef8    00000068     driverlib.a : timer.obj (.text:TimerIntUnregister)
                  20012f60    00000068     simplelink.a : netapp.obj (.text:_sl_NetAppSendTokenValue)
                  20012fc8    00000068     rtsv7M4_T_le_eabi.lib : trgmsg.obj (.text)
                  20013030    00000068     simplelink.a : netcfg.obj (.text:sl_NetCfgSet)
                  20013098    00000068                  : socket.obj (.text:sl_SetSockOpt)
                  20013100    00000068                  : wlan.obj (.text:sl_WlanSet)
                  20013168    00000066     rtsv7M4_T_le_eabi.lib : xdunscal.obj (.text)
                  200131ce    00000066     ti.targets.arm.rtsarm.aem4 : Core-mem.oem4 (.text:xdc_runtime_Core_deleteObject__I)
                  20013234    00000064     app_pem4.oem4 (.text:ti_sysbios_family_arm_m3_Hwi_create)
                  20013298    00000064     app_pem4.oem4 (.text:ti_sysbios_knl_Mailbox_create)
                  200132fc    00000064     driverlib.a : udma.obj (.text:uDMAChannelAttributeDisable)
                  20013360    00000064                 : udma.obj (.text:uDMAChannelAttributeEnable)
                  200133c4    00000060     simplelink.a : socket.obj (.text:_sl_HandleAsync_Accept)
                  20013424    00000060                  : wlan.obj (.text:sl_WlanPolicySet)
                  20013484    00000004     --HOLE-- [fill = 0]
                  20013488    00000060     sysbios.aem4 : BIOS.obj (.text:ti_sysbios_knl_Clock_logTick__E)
                  200134e8    0000005c     simplelink.a : socket.obj (.text:sl_Socket)
                  20013544    00000004     --HOLE-- [fill = 0]
                  20013548    0000005c     sysbios.aem4 : BIOS.obj (.text:ti_sysbios_knl_Swi_schedule__I)
                  200135a4    0000005c     app_pem4.oem4 (.text:ti_sysbios_knl_Task_create)
                  20013600    0000005c     app_pem4.oem4 (.text:xdc_runtime_LoggerBuf_Object__create__S)
                  2001365c    0000005b     ti.targets.arm.rtsarm.aem4 : Text.oem4 (.text:xdc_runtime_Text_putLab__E)
                  200136b7    00000001     --HOLE-- [fill = 0]
                  200136b8    00000058     driverlib.a : interrupt.obj (.text:IntPendClear)
                  20013710    00000058                 : prcm.obj (.text:PRCMPeripheralReset)
                  20013768    00000058     sysbios.aem4 : BIOS.obj (.text:ti_sysbios_family_arm_m3_Timer_setPeriod__E)
                  200137c0    00000056     rtsv7M4_T_le_eabi.lib : ltoa.obj (.text)
                  20013816    00000002     --HOLE-- [fill = 0]
                  20013818    00000054     simplelink.a : socket.obj (.text:_sl_HandleAsync_Select)
                  2001386c    00000054                  : wlan.obj (.text:sl_WlanRxFilterSet)
                  200138c0    00000054     sysbios.aem4 : BIOS.obj (.text:ti_sysbios_family_arm_m3_Timer_start__E)
                  20013914    00000054     ti.targets.arm.rtsarm.aem4 : Assert.oem4 (.text:xdc_runtime_Assert_raise__I)
                  20013968    00000050     simplelink.a : device.obj (.text:_sl_HandleAsync_Stop)
                  200139b8    00000050     ti.targets.arm.rtsarm.aem4 : Startup.oem4 (.text:xdc_runtime_Startup_exec__E)
                  20013a08    00000050                                : Text.oem4 (.text:xdc_runtime_Text_visitRope2__I)
                  20013a58    0000004c     driverlib.a : spi.obj (.text:SPIIntEnable)
                  20013aa4    0000004c     simplelink.a : driver.obj (.text:_SlDrvProtectAsyncRespSetting)
                  20013af0    0000004c                  : driver.obj (.text:_SlDrvRxIrqHandler)
                  20013b3c    0000004c                  : socket.obj (.text:_sl_BuildAddress)
                  20013b88    0000004c     rtsv7M4_T_le_eabi.lib : atoi.obj (.text)
                  20013bd4    0000004c                           : cpy_tbl.obj (.text)
                  20013c20    0000004c                           : localtim.obj (.text)
                  20013c6c    0000004c     sysbios.aem4 : m3_TaskSupport_asm.obj (.text:ti_sysbios_family_arm_m3_TaskSupport_buildTaskStack)
                  20013cb8    0000004c                  : BIOS.obj (.text:ti_sysbios_heaps_HeapMem_getStats__E)
                  20013d04    00000004     --HOLE-- [fill = 0]
                  20013d08    0000004c                  : BIOS.obj (.text:ti_sysbios_knl_Swi_runLoop__I)
                  20013d54    00000004     --HOLE-- [fill = 0]
                  20013d58    0000004c                  : BIOS.obj (.text:ti_sysbios_knl_Task_allBlockedFunction__I)
                  20013da4    0000004c     driverlib.a : udma.obj (.text:uDMAChannelAssign)
                  20013df0    00000048                 : spi.obj (.text:SPIIntClear)
                  20013e38    00000048     simplelink.a : driver.obj (.text:_SlDrvBasicCmd)
                  20013e80    00000048     rtsv7M4_T_le_eabi.lib : fd_toi_t2.obj (.text)
                  20013ec8    00000048     sysbios.aem4 : BIOS.obj (.text:ti_sysbios_family_arm_m3_Hwi_disableInterrupt__E)
                  20013f10    00000048                  : BIOS.obj (.text:ti_sysbios_family_arm_m3_Hwi_enableInterrupt__E)
                  20013f58    00000048                  : BIOS.obj (.text:ti_sysbios_family_arm_m3_Hwi_excReserved__I)
                  20013fa0    00000048                  : m3_Hwi_asm_switch.obj (.text:ti_sysbios_family_arm_m3_Hwi_initStacks__E)
                  20013fe8    00000048                  : BIOS.obj (.text:ti_sysbios_family_arm_m3_Timer_initDevice__I)
                  20014030    00000046     rtsv7M4_T_le_eabi.lib : ldexp.obj (.text)
                  20014076    00000046     ti.targets.arm.rtsarm.aem4 : Core-params.oem4 (.text:xdc_runtime_Core_assignParams__I)
                  200140bc    00000044     driverlib.a : spi.obj (.text:SPIDmaMaskGet)
                  20014100    00000044                 : timer.obj (.text:TimerConfigure)
                  20014144    00000044     boot.aem4 : boot.oem4 (.text)
                  20014188    00000044     simplelink.a : cc_pal.obj (.text:cc_SetupTransfer)
                  200141cc    00000044     rtsv7M4_T_le_eabi.lib : exit.obj (.text)
                  20014210    00000044     sysbios.aem4 : BIOS.obj (.text:ti_sysbios_family_arm_m3_Hwi_getStackInfo__E)
                  20014254    00000004     --HOLE-- [fill = 0]
                  20014258    00000044                  : BIOS.obj (.text:ti_sysbios_knl_Mailbox_postInit__I)
                  2001429c    00000044     ti.targets.arm.rtsarm.aem4 : Error.oem4 (.text:xdc_runtime_Error_setX__E)
                  200142e0    00000044                                : LoggerBuf.oem4 (.text:xdc_runtime_LoggerBuf_filterOutEvent__I)
                  20014324    00000044                                : SysMin.oem4 (.text:xdc_runtime_SysMin_flush__E)
                  20014368    00000044                                : Text.oem4 (.text:xdc_runtime_Text_xprintf__I)
                  200143ac    00000042     simplelink.a : socket.obj (.text:sl_Htonl)
                  200143ee    00000002     --HOLE-- [fill = 0]
                  200143f0    00000040     driverlib.a : pin.obj (.text:PinModeSet)
                  20014430    00000040     rtsv7M4_T_le_eabi.lib : signal.obj (.text)
                  20014470    00000040                           : u_divt2.obj (.text)
                  200144b0    00000040     sysbios.aem4 : BIOS.obj (.text:ti_sysbios_family_arm_m3_Timer_Module_startup__E)
                  200144f0    0000003e     app_pem4.oem4 (.text:realloc)
                  2001452e    0000003c     simplelink.a : netapp.obj (.text:CopyPingResultsToReport)
                  2001456a    00000002     --HOLE-- [fill = 0]
                  2001456c    0000003c     driverlib.a : prcm.obj (.text:PRCMPeripheralClkEnable)
                  200145a8    0000003c     simplelink.a : socket.obj (.text:_sl_TruncatePayloadByProtocol)
                  200145e4    0000003c                  : socket.obj (.text:sl_Htons)
                  20014620    0000003c     sysbios.aem4 : BIOS.obj (.text:ti_sysbios_family_arm_m3_Hwi_excSvCall__I)
                  2001465c    00000004     --HOLE-- [fill = 0]
                  20014660    0000003c                  : BIOS.obj (.text:ti_sysbios_heaps_HeapMem_init__I)
                  2001469c    00000004     --HOLE-- [fill = 0]
                  200146a0    0000003c                  : BIOS.obj (.text:ti_sysbios_knl_Swi_startup__E)
                  200146dc    0000003c     driverlib.a : udma.obj (.text:uDMAChannelControlSet)
                  20014718    0000003a     ti.targets.arm.rtsarm.aem4 : LoggerBuf.oem4 (.text:xdc_runtime_LoggerBuf_Instance_init__E)
                  20014752    00000002     --HOLE-- [fill = 0]
                  20014754    00000038     simplelink.a : cc_pal.obj (.text:NwpPowerOff)
                  2001478c    00000038     rtsv7M4_T_le_eabi.lib : fs_tod_t2.obj (.text)
                  200147c4    00000038                           : i_tofs_t2.obj (.text)
                  200147fc    00000004     --HOLE-- [fill = 0]
                  20014800    00000038     sysbios.aem4 : BIOS.obj (.text:ti_sysbios_family_arm_m3_Hwi_excNoIsr__I)
                  20014838    00000038                  : BIOS.obj (.text:ti_sysbios_knl_Task_processVitalTaskFlag__I)
                  20014870    00000038     ti.targets.arm.rtsarm.aem4 : SysMin.oem4 (.text:xdc_runtime_SysMin_putch__E)
                  200148a8    00000038                                : System.oem4 (.text:xdc_runtime_System_atexit__E)
                  200148e0    00000036     driverlib.a : gpio.obj (.text:GPIODirModeSet)
                  20014916    00000036     simplelink.a : netapp.obj (.text:sl_NetAppMDNSUnRegisterService)
                  2001494c    00000034     driverlib.a : prcm.obj (.text:PRCMPeripheralStatusGet)
                  20014980    00000034                 : spi.obj (.text:SPIFIFOLevelSet)
                  200149b4    00000034     rtsv7M4_T_le_eabi.lib : feraiseexcept.obj (.text)
                  200149e8    00000034     sysbios.aem4 : BIOS.obj (.text:ti_sysbios_family_arm_m3_Hwi_Instance_finalize__E)
                  20014a1c    00000004     --HOLE-- [fill = 0]
                  20014a20    00000034                  : BIOS.obj (.text:ti_sysbios_family_arm_m3_Hwi_excNmi__I)
                  20014a54    00000004     --HOLE-- [fill = 0]
                  20014a58    00000034                  : BIOS.obj (.text:ti_sysbios_family_arm_m3_Timer_periodicStub__I)
                  20014a8c    00000004     --HOLE-- [fill = 0]
                  20014a90    00000034                  : BIOS.obj (.text:ti_sysbios_hal_Hwi_checkStack)
                  20014ac4    00000034     app_pem4.oem4 (.text:ti_sysbios_knl_Semaphore_create)
                  20014af8    00000034     ti.targets.arm.rtsarm.aem4 : Core-label.oem4 (.text:xdc_runtime_Core_assignLabel__I)
                  20014b2c    00000033                                : Text.oem4 (.text:xdc_runtime_Text_printVisFxn__I)
                  20014b5f    00000001     --HOLE-- [fill = 0]
                  20014b60    00000032     sysbios.aem4 : BIOS.obj (.text:ti_sysbios_hal_Hwi_initStack)
                  20014b92    00000006     ti.targets.arm.rtsarm.aem4 : xdc_noinit.oem4 (.text:__xdc__init)
                  20014b98    00000032     sysbios.aem4 : BIOS.obj (.text:ti_sysbios_knl_Semaphore_pendTimeout__I)
                  20014bca    00000030     driverlib.a : pin.obj (.text:PinTypeGPIO)
                  20014bfa    00000002     --HOLE-- [fill = 0]
                  20014bfc    00000030                 : uart.obj (.text:UARTDisable)
                  20014c2c    00000030     simplelink.a : device.obj (.text:_SlDrvDeviceEventHandler)
                  20014c5c    00000030     rtsv7M4_T_le_eabi.lib : strncpy.obj (.text)
                  20014c8c    00000030                           : xferaise.obj (.text)
                  20014cbc    00000030     simplelink.a : socket.obj (.text:sl_Close)
                  20014cec    00000030                  : wlan.obj (.text:sl_WlanProfileDel)
                  20014d1c    00000030                  : wlan.obj (.text:sl_WlanSetMode)
                  20014d4c    00000030     app_pem4.oem4 (.text:ti_sysbios_BIOS_atExitFunc__I)
                  20014d7c    00000004     --HOLE-- [fill = 0]
                  20014d80    00000030     sysbios.aem4 : BIOS.obj (.text:ti_sysbios_family_arm_m3_TaskSupport_start__E)
                  20014db0    00000030     app_pem4.oem4 (.text:ti_sysbios_gates_GateHwi_Object__create__S)
                  20014de0    00000030     app_pem4.oem4 (.text:ti_sysbios_gates_GateMutex_Object__create__S)
                  20014e10    00000030     app_pem4.oem4 (.text:ti_sysbios_heaps_HeapMem_Object__create__S)
                  20014e40    00000030     app_pem4.oem4 (.text:ti_sysbios_knl_Semaphore_construct)
                  20014e70    00000030     ti.targets.arm.rtsarm.aem4 : SysMin.oem4 (.text:xdc_runtime_SysMin_abort__E)
                  20014ea0    00000030                                : System.oem4 (.text:xdc_runtime_System_processAtExit__E)
                  20014ed0    0000002e     app_pem4.oem4 (.text:malloc)
                  20014efe    0000002e     rtsv7M4_T_le_eabi.lib : i_tofd_t2.obj (.text)
                  20014f2c    0000002e                           : raise.obj (.text)
                  20014f5a    00000002     --HOLE-- [fill = 0]
                  20014f5c    0000002c     simplelink.a : cc_pal.obj (.text:DmaSpiSwIntHandler)
                  20014f88    0000002c     driverlib.a : i2c.obj (.text:I2CMasterErr)
                  20014fb4    0000002c     simplelink.a : cc_pal.obj (.text:NwpPowerOn)
                  20014fe0    0000002c     driverlib.a : prcm.obj (.text:PRCMSysResetCauseGet)
                  2001500c    0000002c     app_pem4.oem4 (.text:ti_sysbios_knl_Clock_doTick__I)
                  20015038    0000002c     app_pem4.oem4 (.text:ti_sysbios_knl_Queue_construct)
                  20015064    00000004     --HOLE-- [fill = 0]
                  20015068    0000002c     sysbios.aem4 : BIOS.obj (.text:ti_sysbios_knl_Task_restore__E)
                  20015094    0000002c     ti.targets.arm.rtsarm.aem4 : Text.oem4 (.text:xdc_runtime_Text_cordText__E)
                  200150c0    0000002a     driverlib.a : timer.obj (.text:TimerLoadSet)
                  200150ea    0000002a                 : timer.obj (.text:TimerPrescaleSet)
                  20015114    0000002a     rtsv7M4_T_le_eabi.lib : xdclass.obj (.text)
                  2001513e    0000002a     ti.targets.arm.rtsarm.aem4 : System.oem4 (.text:xdc_runtime_System_putchar__I)
                  20015168    00000028     driverlib.a : prcm.obj (.text:PRCMPeripheralClkDisable)
                  20015190    00000028     sysbios.aem4 : BIOS.obj (.text:ti_sysbios_knl_Swi_Module_startup__E)
                  200151b8    00000028     ti.targets.arm.rtsarm.aem4 : LoggerBuf.oem4 (.text:xdc_runtime_LoggerBuf_Module_startup__E)
                  200151e0    00000026     simplelink.a : cc_pal.obj (.text:NwpRegisterInterruptHandler)
                  20015206    00000026     ti.targets.arm.rtsarm.aem4 : System.oem4 (.text:xdc_runtime_System_avprintf__E)
                  2001522c    00000024     driverlib.a : interrupt.obj (.text:IntUnregister)
                  20015250    00000024                 : uart.obj (.text:UARTEnable)
                  20015274    00000024     simplelink.a : driver.obj (.text:_SlDrvProtectionObjLockWaitForever)
                  20015298    00000024     rtsv7M4_T_le_eabi.lib : memmov.obj (.text)
                  200152bc    00000024     app_pem4.oem4 (.text:ti_sysbios_BIOS_errorRaiseHook__I)
                  200152e0    00000024     app_pem4.oem4 (.text:ti_sysbios_BIOS_registerRTSLock__I)
                  20015304    00000024     app_pem4.oem4 (.text:ti_sysbios_BIOS_removeRTSLock__I)
                  20015328    00000024     app_pem4.oem4 (.text:ti_sysbios_BIOS_startFunc__I)
                  2001534c    00000004     --HOLE-- [fill = 0]
                  20015350    00000024     sysbios.aem4 : BIOS.obj (.text:ti_sysbios_family_arm_m3_Hwi_doTaskRestore__I)
                  20015374    00000004     --HOLE-- [fill = 0]
                  20015378    00000024                  : BIOS.obj (.text:ti_sysbios_family_arm_m3_Timer_startup__E)
                  2001539c    00000024     app_pem4.oem4 (.text:ti_sysbios_gates_GateMutex_Object__delete__S)
                  200153c0    00000024     sysbios.aem4 : BIOS.obj (.text:ti_sysbios_knl_Clock_Module_startup__E)
                  200153e4    00000024     app_pem4.oem4 (.text:ti_sysbios_knl_Semaphore_Object__delete__S)
                  20015408    00000024     ti.targets.arm.rtsarm.aem4 : System.oem4 (.text:xdc_runtime_System_vprintf__E)
                  2001542c    00000022     driverlib.a : gpio.obj (.text:GPIOIntStatus)
                  2001544e    00000022                 : i2c.obj (.text:I2CMasterSlaveAddrSet)
                  20015470    00000022                 : spi.obj (.text:SPIReset)
                  20015492    00000022                 : spi.obj (.text:SPIWordCountSet)
                  200154b4    00000022     rtsv7M4_T_le_eabi.lib : frexp.obj (.text)
                  200154d6    00000022     app_pem4.oem4 (.text:xdc_runtime_SysMin_output__I)
                  200154f8    00000020     driverlib.a : gpio.obj (.text:GPIOPinWrite)
                  20015518    00000020                 : interrupt.obj (.text:IntRegister)
                  20015538    00000020     simplelink.a : driver.obj (.text:_SlDrvProtectionObjUnLock)
                  20015558    00000020     app_pem4.oem4 (.text:ti_sysbios_BIOS_rtsLock__I)
                  20015578    00000020     app_pem4.oem4 (.text:ti_sysbios_family_arm_m3_Hwi_Object__delete__S)
                  20015598    00000020     sysbios.aem4 : m3_Hwi_asm.obj (.text:ti_sysbios_family_arm_m3_Hwi_excHandlerAsm__I)
                  200155b8    00000020                  : BIOS.obj (.text:ti_sysbios_family_arm_m3_Hwi_excHandler__I)
                  200155d8    00000020                  : BIOS.obj (.text:ti_sysbios_family_arm_m3_TimestampProvider_Module_startup__E)
                  200155f8    00000020     app_pem4.oem4 (.text:ti_sysbios_gates_GateHwi_Object__delete__S)
                  20015618    00000020     app_pem4.oem4 (.text:ti_sysbios_heaps_HeapMem_Object__delete__S)
                  20015638    00000020     sysbios.aem4 : BIOS.obj (.text:ti_sysbios_knl_Idle_run__E)
                  20015658    00000020     app_pem4.oem4 (.text:ti_sysbios_knl_Mailbox_Object__delete__S)
                  20015678    00000020     app_pem4.oem4 (.text:ti_sysbios_knl_Semaphore_Object__destruct__S)
                  20015698    00000020     app_pem4.oem4 (.text:ti_sysbios_knl_Task_Object__delete__S)
                  200156b8    00000020     app_pem4.oem4 (.text:xdc_runtime_LoggerBuf_Object__delete__S)
                  200156d8    00000020     ti.targets.arm.rtsarm.aem4 : LoggerBuf.oem4 (.text:xdc_runtime_LoggerBuf_reset__E)
                  200156f8    00000020                                : Registry.oem4 (.text:xdc_runtime_Registry_findById__E)
                  20015718    00000020                                : SysMin.oem4 (.text:xdc_runtime_SysMin_Module_startup__E)
                  20015738    0000001e     driverlib.a : i2c.obj (.text:I2CMasterIntStatusEx)
                  20015756    0000001e                 : timer.obj (.text:TimerDisable)
                  20015774    0000001e                 : timer.obj (.text:TimerEnable)
                  20015792    0000001e                 : timer.obj (.text:TimerIntStatus)
                  200157b0    0000001e                 : uart.obj (.text:UARTCharPut)
                  200157ce    0000001e     simplelink.a : cc_pal.obj (.text:cc_UDMAChannelSelect)
                  200157ec    0000001e     sysbios.aem4 : m3_Hwi_asm_switch.obj (.text:ti_sysbios_family_xxx_Hwi_switchAndRunFunc)
                  2001580a    0000001c     driverlib.a : pin.obj (.text:PinTypeI2C)
                  20015826    00000002     --HOLE-- [fill = 0]
                  20015828    0000001c                 : systick.obj (.text:SysTickIntRegister)
                  20015844    0000001c                 : timer.obj (.text:TimerValueGet)
                  20015860    0000001c                 : uart.obj (.text:UARTCharGetNonBlocking)
                  2001587c    0000001c     simplelink.a : driver.obj (.text:_SlDrvObjLockWaitForever)
                  20015898    0000001c                  : driver.obj (.text:_SlDrvSyncObjWaitForever)
                  200158b4    0000001c     rtsv7M4_T_le_eabi.lib : gmtime.obj (.text)
                  200158d0    0000001c                           : memccpy.obj (.text)
                  200158ec    00000004     --HOLE-- [fill = 0]
                  200158f0    0000001c     sysbios.aem4 : BIOS.obj (.text:ti_sysbios_family_arm_m3_Hwi_setPriority__E)
                  2001590c    00000004     --HOLE-- [fill = 0]
                  20015910    0000001c                  : BIOS.obj (.text:ti_sysbios_gates_GateMutex_Instance_init__E)
                  2001592c    0000001c     app_pem4.oem4 (.text:ti_sysbios_knl_Queue_Object__destruct__S)
                  20015948    0000001c     sysbios.aem4 : BIOS.obj (.text:ti_sysbios_knl_Task_enter__I)
                  20015964    0000001c     driverlib.a : udma.obj (.text:uDMAChannelEnable)
                  20015980    0000001c     ti.targets.arm.rtsarm.aem4 : Error.oem4 (.text:xdc_runtime_Error_raiseX__E)
                  2001599c    0000001c                                : Memory.oem4 (.text:xdc_runtime_Memory_valloc__E)
                  200159b8    0000001c                                : SysMin.oem4 (.text:xdc_runtime_SysMin_exit__E)
                  200159d4    0000001c                                : System.oem4 (.text:xdc_runtime_System_abort__E)
                  200159f0    0000001a     driverlib.a : gpio.obj (.text:GPIOIntDisable)
                  20015a0a    0000001a                 : gpio.obj (.text:GPIOIntEnable)
                  20015a24    0000001a                 : pin.obj (.text:PinTypeUART)
                  20015a3e    0000001a                 : spi.obj (.text:SPIDmaDisable)
                  20015a58    0000001a                 : spi.obj (.text:SPIDmaEnable)
                  20015a72    0000001a                 : spi.obj (.text:SPIFIFODisable)
                  20015a8c    0000001a                 : spi.obj (.text:SPIFIFOEnable)
                  20015aa6    0000001a     app_pem4.oem4 (.text:ti_sysbios_family_arm_m3_Hwi_Handle__label__S)
                  20015ac0    0000001a     sysbios.aem4 : m3_Hwi_asm.obj (.text:ti_sysbios_family_arm_m3_Hwi_pendSV__I)
                  20015ada    0000001a     app_pem4.oem4 (.text:ti_sysbios_gates_GateHwi_Handle__label__S)
                  20015af4    0000001a     app_pem4.oem4 (.text:ti_sysbios_gates_GateMutex_Handle__label__S)
                  20015b0e    0000001a     app_pem4.oem4 (.text:ti_sysbios_heaps_HeapMem_Handle__label__S)
                  20015b28    0000001a     app_pem4.oem4 (.text:ti_sysbios_knl_Swi_Handle__label__S)
                  20015b42    0000001a     app_pem4.oem4 (.text:ti_sysbios_knl_Task_Handle__label__S)
                  20015b5c    00000004     --HOLE-- [fill = 0]
                  20015b60    0000001a     sysbios.aem4 : BIOS.obj (.text:ti_sysbios_knl_Task_sleepTimeout__I)
                  20015b7a    0000001a     app_pem4.oem4 (.text:xdc_runtime_LoggerBuf_Handle__label__S)
                  20015b94    0000001a     app_pem4.oem4 (.text:xdc_runtime_System_aprintf__E)
                  20015bae    0000001a     app_pem4.oem4 (.text:xdc_runtime_System_printf__E)
                  20015bc8    00000018     driverlib.a : gpio.obj (.text:GPIOPinRead)
                  20015be0    00000018                 : spi.obj (.text:SPICSDisable)
                  20015bf8    00000018                 : spi.obj (.text:SPICSEnable)
                  20015c10    00000018                 : spi.obj (.text:SPIDisable)
                  20015c28    00000018                 : spi.obj (.text:SPIEnable)
                  20015c40    00000018                 : systick.obj (.text:SysTickPeriodSet)
                  20015c58    00000018                 : timer.obj (.text:TimerIntDisable)
                  20015c70    00000018                 : timer.obj (.text:TimerIntEnable)
                  20015c88    00000018                 : uart.obj (.text:UARTCharsAvail)
                  20015ca0    00000018     simplelink.a : driver.obj (.text:_SlDrvObjUnLock)
                  20015cb8    00000018                  : driver.obj (.text:_SlDrvSyncObjSignal)
                  20015cd0    00000018                  : device.obj (.text:_sl_GetStartResponseConvert)
                  20015ce8    00000018     app_pem4.oem4 (.text:free)
                  20015d00    00000018     rtsv7M4_T_le_eabi.lib : args_main.obj (.text)
                  20015d18    00000018     app_pem4.oem4 (.text:ti_sysbios_BIOS_rtsUnlock__I)
                  20015d30    00000018     app_pem4.oem4 (.text:ti_sysbios_family_arm_m3_Hwi_Module__startupDone__F)
                  20015d48    00000018     app_pem4.oem4 (.text:ti_sysbios_family_arm_m3_Timer_Module__startupDone__F)
                  20015d60    00000018     sysbios.aem4 : BIOS.obj (.text:ti_sysbios_gates_GateMutex_leave__E)
                  20015d78    00000018     ti.targets.arm.rtsarm.aem4 : Error.oem4 (.text:xdc_runtime_Error_check__E)
                  20015d90    00000018                                : System.oem4 (.text:xdc_runtime_System_exit__E)
                  20015da8    00000018                                : Text.oem4 (.text:xdc_runtime_Text_ropeText__E)
                  20015dc0    00000016     driverlib.a : i2c.obj (.text:I2CMasterDataPut)
                  20015dd6    00000016                 : i2c.obj (.text:I2CMasterEnable)
                  20015dec    00000016                 : prcm.obj (.text:PRCMHIBRegRead)
                  20015e02    00000016                 : prcm.obj (.text:PRCMHIBRegWrite)
                  20015e18    00000016     simplelink.a : driver.obj (.text:_SlDrvMemZero)
                  20015e2e    00000016     rtsv7M4_T_le_eabi.lib : strchr.obj (.text)
                  20015e44    00000016     app_pem4.oem4 (.text:ti_sysbios_BIOS_exitFunc__I)
                  20015e5a    00000014     driverlib.a : cpu.obj (.text:CPUcpsie)
                  20015e6e    00000014                 : gpio.obj (.text:GPIOIntClear)
                  20015e82    00000002     --HOLE-- [fill = 0]
                  20015e84    00000014     rtsv7M4_T_le_eabi.lib : _lock.obj (.text)
                  20015e98    00000014                           : strcpy.obj (.text)
                  20015eac    00000014                           : strlen.obj (.text)
                  20015ec0    00000014     app_pem4.oem4 (.text:ti_sysbios_family_arm_m3_Hwi_Object__get__S)
                  20015ed4    00000004     --HOLE-- [fill = 0]
                  20015ed8    00000014     sysbios.aem4 : BIOS.obj (.text:ti_sysbios_family_arm_m3_Hwi_switchFromBootStack__E)
                  20015eec    00000014     app_pem4.oem4 (.text:ti_sysbios_heaps_HeapMem_Object__get__S)
                  20015f00    00000014     app_pem4.oem4 (.text:ti_sysbios_knl_Swi_Object__get__S)
                  20015f14    00000014     app_pem4.oem4 (.text:xdc_runtime_LoggerBuf_Object__get__S)
                  20015f28    00000012     driverlib.a : i2c.obj (.text:I2CMasterControl)
                  20015f3a    00000012                 : i2c.obj (.text:I2CMasterIntClearEx)
                  20015f4c    00000012                 : i2c.obj (.text:I2CMasterTimeoutSet)
                  20015f5e    00000012                 : timer.obj (.text:TimerIntClear)
                  20015f70    00000012     sysbios.aem4 : BIOS.obj (.text:ti_sysbios_hal_Hwi_Module_startup__E)
                  20015f82    00000006     rtsv7M4_T_le_eabi.lib : copy_decompress_rle.obj (.text:decompress:rle24)
                  20015f88    00000012     sysbios.aem4 : BIOS.obj (.text:ti_sysbios_hal_Timer_Module_startup__E)
                  20015f9a    00000012     ti.targets.arm.rtsarm.aem4 : LoggerBuf.oem4 (.text:xdc_runtime_LoggerBuf_Instance_finalize__E)
                  20015fac    00000012                                : LoggerBuf.oem4 (.text:xdc_runtime_LoggerBuf_write1__E)
                  20015fbe    00000012                                : LoggerBuf.oem4 (.text:xdc_runtime_LoggerBuf_write2__E)
                  20015fd0    00000012     app_pem4.oem4 (.text:xdc_runtime_Startup_exec__I)
                  20015fe2    00000002     --HOLE-- [fill = 0]
                  20015fe4    00000010     driverlib.a : systick.obj (.text:SysTickEnable)
                  20015ff4    00000010                 : systick.obj (.text:SysTickIntEnable)
                  20016004    00000004     --HOLE-- [fill = 0]
                  20016008    00000010     sysbios.aem4 : BIOS.obj (.text:ti_sysbios_BIOS_setThreadType__E)
                  20016018    00000010                  : BIOS.obj (.text:ti_sysbios_BIOS_start__E)
                  20016028    00000010                  : BIOS.obj (.text:ti_sysbios_family_arm_m3_Hwi_getHandle__E)
                  20016038    00000010                  : m3_TaskSupport_asm.obj (.text:ti_sysbios_family_arm_m3_TaskSupport_glue)
                  20016048    00000010                  : m3_TaskSupport_asm.obj (.text:ti_sysbios_family_arm_m3_TaskSupport_swap__E)
                  20016058    00000010                  : BIOS.obj (.text:ti_sysbios_gates_GateMutex_Instance_finalize__E)
                  20016068    00000010     app_pem4.oem4 (.text:ti_sysbios_knl_Mailbox_Object__get__S)
                  20016078    00000010     sysbios.aem4 : BIOS.obj (.text:ti_sysbios_knl_Semaphore_Instance_finalize__E)
                  20016088    00000010                  : BIOS.obj (.text:ti_sysbios_knl_Swi_disable__E)
                  20016098    00000010     app_pem4.oem4 (.text:ti_sysbios_knl_Task_Object__get__S)
                  200160a8    00000010     sysbios.aem4 : BIOS.obj (.text:ti_sysbios_knl_Task_disable__E)
                  200160b8    00000010     ti.targets.arm.rtsarm.aem4 : Gate.oem4 (.text:xdc_runtime_Gate_leaveSystem__E)
                  200160c8    00000010                                : LoggerBuf.oem4 (.text:xdc_runtime_LoggerBuf_write0__E)
                  200160d8    00000010                                : Memory.oem4 (.text:xdc_runtime_Memory_free__E)
                  200160e8    00000010                                : SysMin.oem4 (.text:xdc_runtime_SysMin_ready__E)
                  200160f8    00000010                                : System.oem4 (.text:xdc_runtime_System_vsnprintf__E)
                  20016108    00000010     app_pem4.oem4 (.text:xdc_runtime_Text_visitRope__I)
                  20016118    0000000e     driverlib.a : i2c.obj (.text:I2CMasterDataGet)
                  20016126    0000000e     simplelink.a : driver.obj (.text:_SlDrvResetCmdExt)
                  20016134    0000000e     rtsv7M4_T_le_eabi.lib : copy_decompress_none.obj (.text:decompress:none)
                  20016142    00000006                           : log.obj (.text)
                  20016148    0000000e     sysbios.aem4 : BIOS.obj (.text:ti_sysbios_knl_Idle_loop__E)
                  20016156    00000002     --HOLE-- [fill = 0]
                  20016158    0000000e                  : BIOS.obj (.text:ti_sysbios_knl_Queue_empty__E)
                  20016166    00000002     --HOLE-- [fill = 0]
                  20016168    0000000c     simplelink.a : cc_pal.obj (.text:NwpMaskInterrupt)
                  20016174    0000000c                  : cc_pal.obj (.text:NwpUnMaskInterrupt)
                  20016180    0000000c     rtsv7M4_T_le_eabi.lib : copy_zero_init.obj (.text:decompress:ZI)
                  2001618c    0000000c     simplelink.a : wlan.obj (.text:sl_WlanDisconnect)
                  20016198    0000000c                  : wlan.obj (.text:sl_WlanSmartConfigStop)
                  200161a4    0000000c     app_pem4.oem4 (.text:ti_sysbios_family_arm_m3_Hwi_Params__init__S)
                  200161b0    0000000c     sysbios.aem4 : BIOS.obj (.text:ti_sysbios_family_arm_m3_Hwi_disableFxn__E)
                  200161bc    00000004     --HOLE-- [fill = 0]
                  200161c0    0000000c                  : BIOS.obj (.text:ti_sysbios_family_arm_m3_TaskSupport_checkStack__E)
                  200161cc    00000004     --HOLE-- [fill = 0]
                  200161d0    0000000c                  : BIOS.obj (.text:ti_sysbios_family_arm_m3_TaskSupport_getStackAlignment__E)
                  200161dc    00000004     --HOLE-- [fill = 0]
                  200161e0    0000000c                  : BIOS.obj (.text:ti_sysbios_gates_GateHwi_enter__E)
                  200161ec    0000000c     app_pem4.oem4 (.text:ti_sysbios_knl_Queue_Object__get__S)
                  200161f8    0000000c     app_pem4.oem4 (.text:ti_sysbios_knl_Semaphore_Params__init__S)
                  20016204    0000000c     app_pem4.oem4 (.text:ti_sysbios_knl_Task_Params__init__S)
                  20016210    0000000c     ti.targets.arm.rtsarm.aem4 : Error.oem4 (.text:xdc_runtime_Error_init__E)
                  2001621c    0000000c                                : Gate.oem4 (.text:xdc_runtime_Gate_enterSystem__E)
                  20016228    0000000c                                : Memory.oem4 (.text:xdc_runtime_Memory_calloc__E)
                  20016234    0000000c                                : Memory.oem4 (.text:xdc_runtime_Memory_getMaxDefaultTypeAlign__E)
                  20016240    0000000a     driverlib.a : interrupt.obj (.text:IntMasterEnable)
                  2001624a    0000000a     app_pem4.oem4 (.text:xdc_runtime_IHeap_alloc)
                  20016254    0000000a     app_pem4.oem4 (.text:xdc_runtime_IHeap_free)
                  2001625e    0000000a     ti.targets.arm.rtsarm.aem4 : LoggerBuf.oem4 (.text:xdc_runtime_LoggerBuf_disable__E)
                  20016268    0000000a                                : LoggerBuf.oem4 (.text:xdc_runtime_LoggerBuf_enable__E)
                  20016272    00000006                                : System.oem4 (.text:xdc_runtime_System_Module_startup__E)
                  20016278    00000008     sysbios.aem4 : BIOS.obj (.text:ti_sysbios_family_arm_m3_Hwi_doSwiRestore__I)
                  20016280    00000008                  : BIOS.obj (.text:ti_sysbios_family_arm_m3_Hwi_startup__E)
                  20016288    00000006                  : BIOS.obj (.text:ti_sysbios_family_arm_m3_Hwi_restoreFxn__E)
                  2001628e    00000002     --HOLE-- [fill = 0]
                  20016290    00000006                  : BIOS.obj (.text:ti_sysbios_gates_GateHwi_leave__E)
                  20016296    00000002     --HOLE-- [fill = 0]
                  20016298    00000006                  : BIOS.obj (.text:ti_sysbios_heaps_HeapMem_isBlocking__E)
                  2001629e    00000002     --HOLE-- [fill = 0]
                  200162a0    00000006                  : BIOS.obj (.text:ti_sysbios_knl_Queue_Instance_init__E)
                  200162a6    00000002     --HOLE-- [fill = 0]
                  200162a8    00000004                  : BIOS.obj (.text:ti_sysbios_family_arm_m3_Timer_getMaxTicks__E)
                  200162ac    00000004     --HOLE-- [fill = 0]
                  200162b0    00000004                  : BIOS.obj (.text:ti_sysbios_gates_GateHwi_query__E)
                  200162b4    00000004     --HOLE-- [fill = 0]
                  200162b8    00000004                  : BIOS.obj (.text:ti_sysbios_gates_GateMutex_query__E)
                  200162bc    00000004     --HOLE-- [fill = 0]
                  200162c0    00000004                  : BIOS.obj (.text:ti_sysbios_knl_Task_startup__E)
                  200162c4    00000004     --HOLE-- [fill = 0]
                  200162c8    00000002                  : BIOS.obj (.text:ti_sysbios_gates_GateHwi_Instance_init__E)

.const     0    200162d0    00002b70     
                  200162d0    000018cb     app_pem4.oem4 (.const:xdc_runtime_Text_charTab__A)
                  20017b9b    0000018b     main.obj (.const:.string)
                  20017d26    00000101     rtsv7M4_T_le_eabi.lib : ctype.obj (.const:.string:_ctypes_)
                  20017e27    00000001     app_pem4.oem4 (.const:xdc_runtime_Error_policy__C)
                  20017e28    00000100     driverlib.a : pin.obj (.const:g_ulPinToPadMap)
                  20017f28    000000b8     app_pem4.oem4 (.const:xdc_runtime_Text_nodeTab__A)
                  20017fe0    000000b0     simplelink.a : wlan.obj (.const:$P$T0$1)
                  20018090    000000a8     driverlib.a : prcm.obj (.const:PRCM_PeriphRegsList)
                  20018138    00000080                 : interrupt.obj (.const)
                  200181b8    00000062     network_if.obj (.const:.string)
                  2001821a    00000002     app_pem4.oem4 (.const:ti_sysbios_family_arm_m3_Hwi_Module__id__C)
                  2001821c    00000060     rtsv7M4_T_le_eabi.lib : mktime.obj (.const)
                  2001827c    0000005f     libEmail.a : email.obj (.const:.string)
                  200182db    0000004d     main.obj (.const:.string:pucUARTErrorSocketCreateString)
                  20018328    00000048     app_pem4.oem4 (.const:.string)
                  20018370    00000048     rtsv7M4_T_le_eabi.lib : xexp.obj (.const)
                  200183b8    00000040     libEmail.a : base64.obj (.const:.string:g_ccB64Tbl)
                  200183f8    00000040     main.obj (.const:.string:pucUARTIntroString3)
                  20018438    0000003c     simplelink.a : driver.obj (.const:OpcodeTranslateTable)
                  20018474    0000003c                  : wlan.obj (.const)
                  200184b0    0000003c     app_pem4.oem4 (.const:ti_sysbios_knl_Task_Object__PARAMS__C)
                  200184ec    0000003c     app_pem4.oem4 (.const:xdc_runtime_LoggerBuf_Module__FXNS__C)
                  20018528    00000038     simplelink.a : driver.obj (.const:_SlActionLookupTable)
                  20018560    00000038     rtsv7M4_T_le_eabi.lib : xlog.obj (.const:p)
                  20018598    00000034     simplelink.a : driver.obj (.const)
                  200185cc    00000034                  : socket.obj (.const)
                  20018600    00000034     app_pem4.oem4 (.const:ti_sysbios_knl_Mailbox_Object__PARAMS__C)
                  20018634    00000031     main.obj (.const:.string:pucUARTParamString1)
                  20018665    00000001     --HOLE-- [fill = 0]
                  20018666    00000002     app_pem4.oem4 (.const:ti_sysbios_family_arm_m3_Hwi_Module__loggerDefined__C)
                  20018668    00000030     rtsv7M4_T_le_eabi.lib : xdint.obj (.const)
                  20018698    00000030     app_pem4.oem4 (.const:ti_sysbios_family_arm_m3_Hwi_Object__PARAMS__C)
                  200186c8    00000030     app_pem4.oem4 (.const:xdc_runtime_Startup_sfxnTab__A)
                  200186f8    0000002f     main.obj (.const:.string:pucUARTSmartConfigString)
                  20018727    00000001     --HOLE-- [fill = 0]
                  20018728    0000002c     network_if.obj (.const:$P$T1$2)
                  20018754    00000028     main.obj (.const:.string:pucUARTParamString3)
                  2001877c    00000028     simplelink.a : netapp.obj (.const)
                  200187a4    00000028     app_pem4.oem4 (.const:ti_sysbios_heaps_HeapMem_Module__FXNS__C)
                  200187cc    00000027     main.obj (.const:.string:pucUARTIntroString6)
                  200187f3    00000024     NTPTime.obj (.const:$P$T1$2)
                  20018817    00000001     --HOLE-- [fill = 0]
                  20018818    00000024     network_if.obj (.const)
                  2001883c    00000024     app_pem4.oem4 (.const:ti_sysbios_gates_GateHwi_Module__FXNS__C)
                  20018860    00000024     app_pem4.oem4 (.const:ti_sysbios_gates_GateMutex_Module__FXNS__C)
                  20018884    00000024     app_pem4.oem4 (.const:ti_sysbios_heaps_HeapMem_Object__PARAMS__C)
                  200188a8    00000024     app_pem4.oem4 (.const:ti_sysbios_knl_Semaphore_Object__PARAMS__C)
                  200188cc    00000024     app_pem4.oem4 (.const:xdc_runtime_LoggerBuf_Object__PARAMS__C)
                  200188f0    00000023     smartconfig.obj (.const:.string)
                  20018913    00000022     network_if.obj (.const:.string:$P$T0$1)
                  20018935    00000021     main.obj (.const:.string:pucUARTIntroString4)
                  20018956    00000021     main.obj (.const:.string:pucUARTParamString2)
                  20018977    00000001     --HOLE-- [fill = 0]
                  20018978    00000020     app_pem4.oem4 (.const:ti_sysbios_family_arm_m3_Hwi_Object__DESC__C)
                  20018998    00000020     app_pem4.oem4 (.const:ti_sysbios_gates_GateHwi_Object__DESC__C)
                  200189b8    00000020     app_pem4.oem4 (.const:ti_sysbios_gates_GateMutex_Object__DESC__C)
                  200189d8    00000020     app_pem4.oem4 (.const:ti_sysbios_heaps_HeapMem_Object__DESC__C)
                  200189f8    00000020     app_pem4.oem4 (.const:ti_sysbios_knl_Mailbox_Object__DESC__C)
                  20018a18    00000020     app_pem4.oem4 (.const:ti_sysbios_knl_Queue_Object__DESC__C)
                  20018a38    00000020     app_pem4.oem4 (.const:ti_sysbios_knl_Semaphore_Object__DESC__C)
                  20018a58    00000020     app_pem4.oem4 (.const:ti_sysbios_knl_Task_Object__DESC__C)
                  20018a78    00000020     app_pem4.oem4 (.const:xdc_runtime_LoggerBuf_Object__DESC__C)
                  20018a98    00000018     driverlib.a : spi.obj (.const)
                  20018ab0    00000018     app_pem4.oem4 (.const:ti_sysbios_gates_GateHwi_Object__PARAMS__C)
                  20018ac8    00000018     app_pem4.oem4 (.const:ti_sysbios_gates_GateMutex_Object__PARAMS__C)
                  20018ae0    00000018     app_pem4.oem4 (.const:ti_sysbios_knl_Queue_Object__PARAMS__C)
                  20018af8    00000018     app_pem4.oem4 (.const:xdc_runtime_Startup_sfxnRts__A)
                  20018b10    00000015     NTPTime.obj (.const)
                  20018b25    00000014     NTPTime.obj (.const:.string)
                  20018b39    00000001     --HOLE-- [fill = 0]
                  20018b3a    00000014     simplelink.a : device.obj (.const)
                  20018b4e    00000010                  : socket.obj (.const:.string)
                  20018b5e    00000002     app_pem4.oem4 (.const:ti_sysbios_family_arm_m3_Timer_Module__id__C)
                  20018b60    0000000c     app_pem4.oem4 (.const:xdc_runtime_Startup_firstFxns__A)
                  20018b6c    00000008     simplelink.a : device.obj (.const:.string)
                  20018b74    00000008                  : netcfg.obj (.const)
                  20018b7c    00000008     app_pem4.oem4 (.const:ti_sysbios_family_arm_m3_Hwi_excHookFuncs__A)
                  20018b84    00000008     app_pem4.oem4 (.const:ti_sysbios_knl_Idle_funcList__C)
                  20018b8c    00000008     app_pem4.oem4 (.const:xdc_runtime_Startup_firstFxns__C)
                  20018b94    00000008     app_pem4.oem4 (.const:xdc_runtime_Startup_lastFxns__C)
                  20018b9c    00000004     app_pem4.oem4 (.const:ti_sysbios_family_arm_m3_Hwi_E_NMI__C)
                  20018ba0    00000004     app_pem4.oem4 (.const:ti_sysbios_family_arm_m3_Hwi_E_alreadyDefined__C)
                  20018ba4    00000004     app_pem4.oem4 (.const:ti_sysbios_family_arm_m3_Hwi_E_busFault__C)
                  20018ba8    00000004     app_pem4.oem4 (.const:ti_sysbios_family_arm_m3_Hwi_E_debugMon__C)
                  20018bac    00000004     app_pem4.oem4 (.const:ti_sysbios_family_arm_m3_Hwi_E_hardFault__C)
                  20018bb0    00000004     app_pem4.oem4 (.const:ti_sysbios_family_arm_m3_Hwi_E_memFault__C)
                  20018bb4    00000004     app_pem4.oem4 (.const:ti_sysbios_family_arm_m3_Hwi_E_noIsr__C)
                  20018bb8    00000004     app_pem4.oem4 (.const:ti_sysbios_family_arm_m3_Hwi_E_reserved__C)
                  20018bbc    00000004     app_pem4.oem4 (.const:ti_sysbios_family_arm_m3_Hwi_E_svCall__C)
                  20018bc0    00000004     app_pem4.oem4 (.const:ti_sysbios_family_arm_m3_Hwi_E_usageFault__C)
                  20018bc4    00000004     app_pem4.oem4 (.const:ti_sysbios_family_arm_m3_Hwi_LD_end__C)
                  20018bc8    00000004     app_pem4.oem4 (.const:ti_sysbios_family_arm_m3_Hwi_LM_begin__C)
                  20018bcc    00000004     app_pem4.oem4 (.const:ti_sysbios_family_arm_m3_Hwi_Module__diagsEnabled__C)
                  20018bd0    00000004     app_pem4.oem4 (.const:ti_sysbios_family_arm_m3_Hwi_Module__diagsIncluded__C)
                  20018bd4    00000004     app_pem4.oem4 (.const:ti_sysbios_family_arm_m3_Hwi_Module__diagsMask__C)
                  20018bd8    00000004     app_pem4.oem4 (.const:ti_sysbios_family_arm_m3_Hwi_Module__loggerFxn1__C)
                  20018bdc    00000004     app_pem4.oem4 (.const:ti_sysbios_family_arm_m3_Hwi_Module__loggerFxn8__C)
                  20018be0    00000004     app_pem4.oem4 (.const:ti_sysbios_family_arm_m3_Hwi_Module__loggerObj__C)
                  20018be4    00000004     app_pem4.oem4 (.const:ti_sysbios_family_arm_m3_Hwi_NUM_INTERRUPTS__C)
                  20018be8    00000004     app_pem4.oem4 (.const:ti_sysbios_family_arm_m3_Hwi_Object__count__C)
                  20018bec    00000004     app_pem4.oem4 (.const:ti_sysbios_family_arm_m3_Hwi_ccr__C)
                  20018bf0    00000004     app_pem4.oem4 (.const:ti_sysbios_family_arm_m3_Hwi_excHandlerFunc__C)
                  20018bf4    00000004     app_pem4.oem4 (.const:ti_sysbios_family_arm_m3_Hwi_excHookFuncs__C)
                  20018bf8    00000004     app_pem4.oem4 (.const:ti_sysbios_family_arm_m3_Hwi_nullIsrFunc__C)
                  20018bfc    00000004     app_pem4.oem4 (.const:ti_sysbios_family_arm_m3_Hwi_priGroup__C)
                  20018c00    00000004     app_pem4.oem4 (.const:ti_sysbios_family_arm_m3_TaskSupport_stackAlignment__C)
                  20018c04    00000004     app_pem4.oem4 (.const:ti_sysbios_family_arm_m3_Timer_E_cannotSupport__C)
                  20018c08    00000004     app_pem4.oem4 (.const:ti_sysbios_family_arm_m3_Timer_startupNeeded__C)
                  20018c0c    00000004     app_pem4.oem4 (.const:ti_sysbios_gates_GateMutex_A_badContext__C)
                  20018c10    00000004     app_pem4.oem4 (.const:ti_sysbios_gates_GateMutex_Instance_State_sem__O)
                  20018c14    00000004     app_pem4.oem4 (.const:ti_sysbios_gates_GateMutex_Module__diagsEnabled__C)
                  20018c18    00000004     app_pem4.oem4 (.const:ti_sysbios_gates_GateMutex_Module__diagsIncluded__C)
                  20018c1c    00000004     app_pem4.oem4 (.const:ti_sysbios_gates_GateMutex_Module__diagsMask__C)
                  20018c20    00000004     app_pem4.oem4 (.const:ti_sysbios_hal_Hwi_E_stackOverflow__C)
                  20018c24    00000004     app_pem4.oem4 (.const:ti_sysbios_heaps_HeapMem_A_align__C)
                  20018c28    00000004     app_pem4.oem4 (.const:ti_sysbios_heaps_HeapMem_A_heapSize__C)
                  20018c2c    00000004     app_pem4.oem4 (.const:ti_sysbios_heaps_HeapMem_A_invalidFree__C)
                  20018c30    00000004     app_pem4.oem4 (.const:ti_sysbios_heaps_HeapMem_A_zeroBlock__C)
                  20018c34    00000004     app_pem4.oem4 (.const:ti_sysbios_heaps_HeapMem_E_memory__C)
                  20018c38    00000004     app_pem4.oem4 (.const:ti_sysbios_heaps_HeapMem_Module__diagsEnabled__C)
                  20018c3c    00000004     app_pem4.oem4 (.const:ti_sysbios_heaps_HeapMem_Module__diagsIncluded__C)
                  20018c40    00000004     app_pem4.oem4 (.const:ti_sysbios_heaps_HeapMem_Module__diagsMask__C)
                  20018c44    00000004     app_pem4.oem4 (.const:ti_sysbios_heaps_HeapMem_Module__gateObj__C)
                  20018c48    00000004     app_pem4.oem4 (.const:ti_sysbios_heaps_HeapMem_Object__count__C)
                  20018c4c    00000004     app_pem4.oem4 (.const:ti_sysbios_heaps_HeapMem_reqAlign__C)
                  20018c50    00000004     app_pem4.oem4 (.const:ti_sysbios_knl_Clock_LM_begin__C)
                  20018c54    00000004     app_pem4.oem4 (.const:ti_sysbios_knl_Clock_LM_tick__C)
                  20018c58    00000004     app_pem4.oem4 (.const:ti_sysbios_knl_Clock_LW_delayed__C)
                  20018c5c    00000004     app_pem4.oem4 (.const:ti_sysbios_knl_Clock_Module_State_clockQ__O)
                  20018c60    00000004     app_pem4.oem4 (.const:ti_sysbios_knl_Clock_Module__diagsEnabled__C)
                  20018c64    00000004     app_pem4.oem4 (.const:ti_sysbios_knl_Clock_Module__diagsIncluded__C)
                  20018c68    00000004     app_pem4.oem4 (.const:ti_sysbios_knl_Clock_Module__diagsMask__C)
                  20018c6c    00000004     app_pem4.oem4 (.const:ti_sysbios_knl_Clock_Module__loggerFxn1__C)
                  20018c70    00000004     app_pem4.oem4 (.const:ti_sysbios_knl_Clock_Module__loggerFxn2__C)
                  20018c74    00000004     app_pem4.oem4 (.const:ti_sysbios_knl_Clock_Module__loggerObj__C)
                  20018c78    00000004     app_pem4.oem4 (.const:ti_sysbios_knl_Clock_tickPeriod__C)
                  20018c7c    00000004     app_pem4.oem4 (.const:ti_sysbios_knl_Idle_funcList__A)
                  20018c80    00000004     app_pem4.oem4 (.const:ti_sysbios_knl_Mailbox_A_invalidBufSize__C)
                  20018c84    00000004     app_pem4.oem4 (.const:ti_sysbios_knl_Mailbox_Instance_State_dataQue__O)
                  20018c88    00000004     app_pem4.oem4 (.const:ti_sysbios_knl_Mailbox_Instance_State_dataSem__O)
                  20018c8c    00000004     app_pem4.oem4 (.const:ti_sysbios_knl_Mailbox_Instance_State_freeQue__O)
                  20018c90    00000004     app_pem4.oem4 (.const:ti_sysbios_knl_Mailbox_Instance_State_freeSem__O)
                  20018c94    00000004     app_pem4.oem4 (.const:ti_sysbios_knl_Mailbox_Module__diagsEnabled__C)
                  20018c98    00000004     app_pem4.oem4 (.const:ti_sysbios_knl_Mailbox_Module__diagsIncluded__C)
                  20018c9c    00000004     app_pem4.oem4 (.const:ti_sysbios_knl_Mailbox_Module__diagsMask__C)
                  20018ca0    00000004     app_pem4.oem4 (.const:ti_sysbios_knl_Mailbox_Object__count__C)
                  20018ca4    00000004     app_pem4.oem4 (.const:ti_sysbios_knl_Mailbox_maxTypeAlign__C)
                  20018ca8    00000004     app_pem4.oem4 (.const:ti_sysbios_knl_Semaphore_A_badContext__C)
                  20018cac    00000004     app_pem4.oem4 (.const:ti_sysbios_knl_Semaphore_A_noEvents__C)
                  20018cb0    00000004     app_pem4.oem4 (.const:ti_sysbios_knl_Semaphore_A_overflow__C)
                  20018cb4    00000004     app_pem4.oem4 (.const:ti_sysbios_knl_Semaphore_A_pendTaskDisabled__C)
                  20018cb8    00000004     app_pem4.oem4 (.const:ti_sysbios_knl_Semaphore_Instance_State_pendQ__O)
                  20018cbc    00000004     app_pem4.oem4 (.const:ti_sysbios_knl_Semaphore_LM_pend__C)
                  20018cc0    00000004     app_pem4.oem4 (.const:ti_sysbios_knl_Semaphore_LM_post__C)
                  20018cc4    00000004     app_pem4.oem4 (.const:ti_sysbios_knl_Semaphore_Module__diagsEnabled__C)
                  20018cc8    00000004     app_pem4.oem4 (.const:ti_sysbios_knl_Semaphore_Module__diagsIncluded__C)
                  20018ccc    00000004     app_pem4.oem4 (.const:ti_sysbios_knl_Semaphore_Module__diagsMask__C)
                  20018cd0    00000004     app_pem4.oem4 (.const:ti_sysbios_knl_Semaphore_Module__loggerFxn2__C)
                  20018cd4    00000004     app_pem4.oem4 (.const:ti_sysbios_knl_Semaphore_Module__loggerFxn4__C)
                  20018cd8    00000004     app_pem4.oem4 (.const:ti_sysbios_knl_Semaphore_Module__loggerObj__C)
                  20018cdc    00000004     app_pem4.oem4 (.const:ti_sysbios_knl_Swi_LD_end__C)
                  20018ce0    00000004     app_pem4.oem4 (.const:ti_sysbios_knl_Swi_LM_begin__C)
                  20018ce4    00000004     app_pem4.oem4 (.const:ti_sysbios_knl_Swi_LM_post__C)
                  20018ce8    00000004     app_pem4.oem4 (.const:ti_sysbios_knl_Swi_Module__diagsEnabled__C)
                  20018cec    00000004     app_pem4.oem4 (.const:ti_sysbios_knl_Swi_Module__diagsIncluded__C)
                  20018cf0    00000004     app_pem4.oem4 (.const:ti_sysbios_knl_Swi_Module__diagsMask__C)
                  20018cf4    00000004     app_pem4.oem4 (.const:ti_sysbios_knl_Swi_Module__loggerFxn1__C)
                  20018cf8    00000004     app_pem4.oem4 (.const:ti_sysbios_knl_Swi_Module__loggerFxn4__C)
                  20018cfc    00000004     app_pem4.oem4 (.const:ti_sysbios_knl_Swi_Module__loggerObj__C)
                  20018d00    00000004     app_pem4.oem4 (.const:ti_sysbios_knl_Swi_Object__count__C)
                  20018d04    00000004     app_pem4.oem4 (.const:ti_sysbios_knl_Task_A_badPriority__C)
                  20018d08    00000004     app_pem4.oem4 (.const:ti_sysbios_knl_Task_A_badTaskState__C)
                  20018d0c    00000004     app_pem4.oem4 (.const:ti_sysbios_knl_Task_A_badThreadType__C)
                  20018d10    00000004     app_pem4.oem4 (.const:ti_sysbios_knl_Task_A_badTimeout__C)
                  20018d14    00000004     app_pem4.oem4 (.const:ti_sysbios_knl_Task_A_noPendElem__C)
                  20018d18    00000004     app_pem4.oem4 (.const:ti_sysbios_knl_Task_A_sleepTaskDisabled__C)
                  20018d1c    00000004     app_pem4.oem4 (.const:ti_sysbios_knl_Task_E_spOutOfBounds__C)
                  20018d20    00000004     app_pem4.oem4 (.const:ti_sysbios_knl_Task_E_stackOverflow__C)
                  20018d24    00000004     app_pem4.oem4 (.const:ti_sysbios_knl_Task_LD_block__C)
                  20018d28    00000004     app_pem4.oem4 (.const:ti_sysbios_knl_Task_LD_exit__C)
                  20018d2c    00000004     app_pem4.oem4 (.const:ti_sysbios_knl_Task_LD_ready__C)
                  20018d30    00000004     app_pem4.oem4 (.const:ti_sysbios_knl_Task_LM_sleep__C)
                  20018d34    00000004     app_pem4.oem4 (.const:ti_sysbios_knl_Task_LM_switch__C)
                  20018d38    00000004     app_pem4.oem4 (.const:ti_sysbios_knl_Task_LM_yield__C)
                  20018d3c    00000004     app_pem4.oem4 (.const:ti_sysbios_knl_Task_Module_State_inactiveQ__O)
                  20018d40    00000004     app_pem4.oem4 (.const:ti_sysbios_knl_Task_Module__diagsEnabled__C)
                  20018d44    00000004     app_pem4.oem4 (.const:ti_sysbios_knl_Task_Module__diagsIncluded__C)
                  20018d48    00000004     app_pem4.oem4 (.const:ti_sysbios_knl_Task_Module__diagsMask__C)
                  20018d4c    00000004     app_pem4.oem4 (.const:ti_sysbios_knl_Task_Module__loggerFxn2__C)
                  20018d50    00000004     app_pem4.oem4 (.const:ti_sysbios_knl_Task_Module__loggerFxn4__C)
                  20018d54    00000004     app_pem4.oem4 (.const:ti_sysbios_knl_Task_Module__loggerObj__C)
                  20018d58    00000004     app_pem4.oem4 (.const:ti_sysbios_knl_Task_Object__count__C)
                  20018d5c    00000004     app_pem4.oem4 (.const:ti_sysbios_knl_Task_allBlockedFunc__C)
                  20018d60    00000004     app_pem4.oem4 (.const:ti_sysbios_knl_Task_defaultStackHeap__C)
                  20018d64    00000004     app_pem4.oem4 (.const:ti_sysbios_knl_Task_defaultStackSize__C)
                  20018d68    00000004     app_pem4.oem4 (.const:ti_sysbios_knl_Task_numConstructedTasks__C)
                  20018d6c    00000004     app_pem4.oem4 (.const:xdc_runtime_Assert_E_assertFailed__C)
                  20018d70    00000004     app_pem4.oem4 (.const:xdc_runtime_Core_A_initializedParams__C)
                  20018d74    00000004     app_pem4.oem4 (.const:xdc_runtime_Core_Module__diagsEnabled__C)
                  20018d78    00000004     app_pem4.oem4 (.const:xdc_runtime_Core_Module__diagsIncluded__C)
                  20018d7c    00000004     app_pem4.oem4 (.const:xdc_runtime_Core_Module__diagsMask__C)
                  20018d80    00000004     app_pem4.oem4 (.const:xdc_runtime_Error_E_memory__C)
                  20018d84    00000004     app_pem4.oem4 (.const:xdc_runtime_Error_Module__diagsEnabled__C)
                  20018d88    00000004     app_pem4.oem4 (.const:xdc_runtime_Error_Module__diagsIncluded__C)
                  20018d8c    00000004     app_pem4.oem4 (.const:xdc_runtime_Error_Module__diagsMask__C)
                  20018d90    00000004     app_pem4.oem4 (.const:xdc_runtime_Error_Module__loggerFxn8__C)
                  20018d94    00000004     app_pem4.oem4 (.const:xdc_runtime_Error_Module__loggerObj__C)
                  20018d98    00000004     app_pem4.oem4 (.const:xdc_runtime_Error_policyFxn__C)
                  20018d9c    00000004     app_pem4.oem4 (.const:xdc_runtime_Error_raiseHook__C)
                  20018da0    00000004     app_pem4.oem4 (.const:xdc_runtime_IFilterLogger_Interface__BASE__C)
                  20018da4    00000004     app_pem4.oem4 (.const:xdc_runtime_IGateProvider_Interface__BASE__C)
                  20018da8    00000004     app_pem4.oem4 (.const:xdc_runtime_IHeap_Interface__BASE__C)
                  20018dac    00000004     app_pem4.oem4 (.const:xdc_runtime_ILogger_Interface__BASE__C)
                  20018db0    00000004     app_pem4.oem4 (.const:xdc_runtime_IModule_Interface__BASE__C)
                  20018db4    00000004     app_pem4.oem4 (.const:xdc_runtime_Log_L_error__C)
                  20018db8    00000004     app_pem4.oem4 (.const:xdc_runtime_LoggerBuf_E_badLevel__C)
                  20018dbc    00000004     app_pem4.oem4 (.const:xdc_runtime_LoggerBuf_Module__gateObj__C)
                  20018dc0    00000004     app_pem4.oem4 (.const:xdc_runtime_LoggerBuf_Object__count__C)
                  20018dc4    00000004     app_pem4.oem4 (.const:xdc_runtime_LoggerBuf_statusLogger__C)
                  20018dc8    00000004     app_pem4.oem4 (.const:xdc_runtime_Memory_defaultHeapInstance__C)
                  20018dcc    00000004     app_pem4.oem4 (.const:xdc_runtime_Startup_execImpl__C)
                  20018dd0    00000004     app_pem4.oem4 (.const:xdc_runtime_Startup_maxPasses__C)
                  20018dd4    00000004     app_pem4.oem4 (.const:xdc_runtime_Startup_sfxnRts__C)
                  20018dd8    00000004     app_pem4.oem4 (.const:xdc_runtime_Startup_sfxnTab__C)
                  20018ddc    00000004     app_pem4.oem4 (.const:xdc_runtime_SysMin_bufSize__C)
                  20018de0    00000004     app_pem4.oem4 (.const:xdc_runtime_SysMin_outputFunc__C)
                  20018de4    00000004     app_pem4.oem4 (.const:xdc_runtime_System_Module__gateObj__C)
                  20018de8    00000004     app_pem4.oem4 (.const:xdc_runtime_System_abortFxn__C)
                  20018dec    00000004     app_pem4.oem4 (.const:xdc_runtime_System_exitFxn__C)
[...]
20018c60  ti_sysbios_knl_Clock_Module__diagsEnabled__C                
20018c64  ti_sysbios_knl_Clock_Module__diagsIncluded__C               
20018c68  ti_sysbios_knl_Clock_Module__diagsMask__C                   
20018c6c  ti_sysbios_knl_Clock_Module__loggerFxn1__C                  
20018c70  ti_sysbios_knl_Clock_Module__loggerFxn2__C                  
20018c74  ti_sysbios_knl_Clock_Module__loggerObj__C                   
20018c78  ti_sysbios_knl_Clock_tickPeriod__C                          
20018c7c  ti_sysbios_knl_Idle_funcList__A                             
20018c80  ti_sysbios_knl_Mailbox_A_invalidBufSize__C                  
20018c84  ti_sysbios_knl_Mailbox_Instance_State_dataQue__O            
20018c88  ti_sysbios_knl_Mailbox_Instance_State_dataSem__O            
20018c8c  ti_sysbios_knl_Mailbox_Instance_State_freeQue__O            
20018c90  ti_sysbios_knl_Mailbox_Instance_State_freeSem__O            
20018c94  ti_sysbios_knl_Mailbox_Module__diagsEnabled__C              
20018c98  ti_sysbios_knl_Mailbox_Module__diagsIncluded__C             
20018c9c  ti_sysbios_knl_Mailbox_Module__diagsMask__C                 
20018ca0  ti_sysbios_knl_Mailbox_Object__count__C                     
20018ca4  ti_sysbios_knl_Mailbox_maxTypeAlign__C                      
20018ca8  ti_sysbios_knl_Semaphore_A_badContext__C                    
20018cac  ti_sysbios_knl_Semaphore_A_noEvents__C                      
20018cb0  ti_sysbios_knl_Semaphore_A_overflow__C                      
20018cb4  ti_sysbios_knl_Semaphore_A_pendTaskDisabled__C              
20018cb8  ti_sysbios_knl_Semaphore_Instance_State_pendQ__O            
20018cbc  ti_sysbios_knl_Semaphore_LM_pend__C                         
20018cc0  ti_sysbios_knl_Semaphore_LM_post__C                         
20018cc4  ti_sysbios_knl_Semaphore_Module__diagsEnabled__C            
20018cc8  ti_sysbios_knl_Semaphore_Module__diagsIncluded__C           
20018ccc  ti_sysbios_knl_Semaphore_Module__diagsMask__C               
20018cd0  ti_sysbios_knl_Semaphore_Module__loggerFxn2__C              
20018cd4  ti_sysbios_knl_Semaphore_Module__loggerFxn4__C              
20018cd8  ti_sysbios_knl_Semaphore_Module__loggerObj__C               
20018cdc  ti_sysbios_knl_Swi_LD_end__C                                
20018ce0  ti_sysbios_knl_Swi_LM_begin__C                              
20018ce4  ti_sysbios_knl_Swi_LM_post__C                               
20018ce8  ti_sysbios_knl_Swi_Module__diagsEnabled__C                  
20018cec  ti_sysbios_knl_Swi_Module__diagsIncluded__C                 
20018cf0  ti_sysbios_knl_Swi_Module__diagsMask__C                     
20018cf4  ti_sysbios_knl_Swi_Module__loggerFxn1__C                    
20018cf8  ti_sysbios_knl_Swi_Module__loggerFxn4__C                    
20018cfc  ti_sysbios_knl_Swi_Module__loggerObj__C                     
20018d00  ti_sysbios_knl_Swi_Object__count__C                         
20018d04  ti_sysbios_knl_Task_A_badPriority__C                        
20018d08  ti_sysbios_knl_Task_A_badTaskState__C                       
20018d0c  ti_sysbios_knl_Task_A_badThreadType__C                      
20018d10  ti_sysbios_knl_Task_A_badTimeout__C                         
20018d14  ti_sysbios_knl_Task_A_noPendElem__C                         
20018d18  ti_sysbios_knl_Task_A_sleepTaskDisabled__C                  
20018d1c  ti_sysbios_knl_Task_E_spOutOfBounds__C                      
20018d20  ti_sysbios_knl_Task_E_stackOverflow__C                      
20018d24  ti_sysbios_knl_Task_LD_block__C                             
20018d28  ti_sysbios_knl_Task_LD_exit__C                              
20018d2c  ti_sysbios_knl_Task_LD_ready__C                             
20018d30  ti_sysbios_knl_Task_LM_sleep__C                             
20018d34  ti_sysbios_knl_Task_LM_switch__C                            
20018d38  ti_sysbios_knl_Task_LM_yield__C                             
20018d3c  ti_sysbios_knl_Task_Module_State_inactiveQ__O               
20018d40  ti_sysbios_knl_Task_Module__diagsEnabled__C                 
20018d44  ti_sysbios_knl_Task_Module__diagsIncluded__C                
20018d48  ti_sysbios_knl_Task_Module__diagsMask__C                    
20018d4c  ti_sysbios_knl_Task_Module__loggerFxn2__C                   
20018d50  ti_sysbios_knl_Task_Module__loggerFxn4__C                   
20018d54  ti_sysbios_knl_Task_Module__loggerObj__C                    
20018d58  ti_sysbios_knl_Task_Object__count__C                        
20018d5c  ti_sysbios_knl_Task_allBlockedFunc__C                       
20018d60  ti_sysbios_knl_Task_defaultStackHeap__C                     
20018d64  ti_sysbios_knl_Task_defaultStackSize__C                     
20018d68  ti_sysbios_knl_Task_numConstructedTasks__C                  
20018d6c  xdc_runtime_Assert_E_assertFailed__C                        
20018d70  xdc_runtime_Core_A_initializedParams__C                     
20018d74  xdc_runtime_Core_Module__diagsEnabled__C                    
20018d78  xdc_runtime_Core_Module__diagsIncluded__C                   
20018d7c  xdc_runtime_Core_Module__diagsMask__C                       
20018d80  xdc_runtime_Error_E_memory__C                               
20018d84  xdc_runtime_Error_Module__diagsEnabled__C                   
20018d88  xdc_runtime_Error_Module__diagsIncluded__C                  
20018d8c  xdc_runtime_Error_Module__diagsMask__C                      
20018d90  xdc_runtime_Error_Module__loggerFxn8__C                     
20018d94  xdc_runtime_Error_Module__loggerObj__C                      
20018d98  xdc_runtime_Error_policyFxn__C                              
20018d9c  xdc_runtime_Error_raiseHook__C                              
20018da0  xdc_runtime_IFilterLogger_Interface__BASE__C                
20018da4  xdc_runtime_IGateProvider_Interface__BASE__C                
20018da8  xdc_runtime_IHeap_Interface__BASE__C                        
20018dac  xdc_runtime_ILogger_Interface__BASE__C                      
20018db0  xdc_runtime_IModule_Interface__BASE__C                      
20018db4  xdc_runtime_Log_L_error__C                                  
20018db8  xdc_runtime_LoggerBuf_E_badLevel__C                         
20018dbc  xdc_runtime_LoggerBuf_Module__gateObj__C                    
20018dc0  xdc_runtime_LoggerBuf_Object__count__C                      
20018dc4  xdc_runtime_LoggerBuf_statusLogger__C                       
20018dc8  xdc_runtime_Memory_defaultHeapInstance__C                   
20018dcc  xdc_runtime_Startup_execImpl__C                             
20018dd0  xdc_runtime_Startup_maxPasses__C                            
20018dd4  xdc_runtime_Startup_sfxnRts__C                              
20018dd8  xdc_runtime_Startup_sfxnTab__C                              
20018ddc  xdc_runtime_SysMin_bufSize__C                               
20018de0  xdc_runtime_SysMin_outputFunc__C                            
20018de4  xdc_runtime_System_Module__gateObj__C                       
20018de8  xdc_runtime_System_abortFxn__C                              
20018dec  xdc_runtime_System_exitFxn__C                               
20018df0  xdc_runtime_System_extendFxn__C                             
20018df4  xdc_runtime_System_maxAtexitHandlers__C                     
20018df8  xdc_runtime_Text_charTab__C                                 
20018dfc  xdc_runtime_Text_nameEmpty__C                               
20018e00  xdc_runtime_Text_nameStatic__C                              
20018e04  xdc_runtime_Text_nameUnknown__C                             
20018e08  xdc_runtime_Text_nodeTab__C                                 
20018e0c  xdc_runtime_Text_visitRopeFxn__C                            
20018e10  ti_sysbios_family_arm_m3_TimestampProvider_configTimer__C   
20018e12  ti_sysbios_gates_GateMutex_Module__id__C                    
20018e14  ti_sysbios_hal_Hwi_Module__id__C                            
20018e16  ti_sysbios_heaps_HeapMem_Module__id__C                      
20018e18  ti_sysbios_knl_Clock_Module__id__C                          
20018e1a  ti_sysbios_knl_Clock_Module__loggerDefined__C               
20018e1c  ti_sysbios_knl_Mailbox_Module__id__C                        
20018e1e  ti_sysbios_knl_Semaphore_Module__id__C                      
20018e20  ti_sysbios_knl_Semaphore_Module__loggerDefined__C           
20018e22  ti_sysbios_knl_Swi_Module__id__C                            
20018e24  ti_sysbios_knl_Swi_Module__loggerDefined__C                 
20018e26  ti_sysbios_knl_Task_Module__id__C                           
20018e28  ti_sysbios_knl_Task_Module__loggerDefined__C                
20018e2a  xdc_runtime_Core_Module__id__C                              
20018e2c  xdc_runtime_Error_Module__loggerDefined__C                  
20018e2e  xdc_runtime_Error_maxDepth__C                               
20018e30  xdc_runtime_LoggerBuf_Module__id__C                         
20018e32  xdc_runtime_LoggerBuf_filterByLevel__C                      
20018e34  xdc_runtime_Memory_Module__id__C                            
20018e36  xdc_runtime_SysMin_flushAtExit__C                           
20018e38  xdc_runtime_Text_charCnt__C                                 
20018e3a  xdc_runtime_Text_isLoaded__C                                
20018e3c  xdc_runtime_Text_registryModsLastId__C                      
20018e3e  xdc_runtime_Text_unnamedModsLastId__C                       
20018e40  __TI_static_base__                                          
200191f0  __TI_Handler_Table_Base                                     
200191fc  __TI_Handler_Table_Limit                                    
20019208  __TI_CINIT_Base                                             
20019218  __TI_CINIT_Limit                                            
2001a000  ti_sysbios_heaps_HeapMem_Instance_State_0_buf__A            
20022000  ti_sysbios_knl_Task_Instance_State_0_stack__A               
20022800  xdc_runtime_LoggerBuf_Instance_State_0_entryArr__A          
20022c00  xdc_runtime_SysMin_Module_State_0_outbuf__A                 
20023000  ti_sysbios_family_arm_m3_Hwi_dispatchTable                  
2002330c  g_StatMem                                                   
20023484  __CIOBUF_                                                   
200235a4  g_cDestinationEmailRfc                                      
200236a4  g_cUsernameRfc                                              
200237a4  g_sDestination                                              
200238a3  g_sEmail                                                    
200239a2  ucUARTBuffer                                                
20023a6a  g_cBasekey1                                                 
20023aea  g_cBasekey2                                                 
20023b6a  g_cBuf                                                      
20023bce  g_cCmdBuf                                                   
20023c32  g_usConnectIndex                                            
20023c34  g_ucDinDout                                                 
20023c84  g_cMessage                                                  
20023cc4  pcEmailmessage                                              
20023d04  g_sSubject                                                  
20023d41  RxIrqCnt                                                    
20023d42  g_usTimerInts                                               
20023d44  g_sEmailOpt                                                 
20023d68  g_ucConnectionSSID                                          
20023d8c  g_sSourcePass                                               
20023dab  pcEmailsubject                                              
20023dc7  pcEmailto                                                   
20023de3  g_ucConnectionBSSID                                         
20023df3  g_cConnectStatus                                            
20023df4  DMAMsgQ                                                     
20023df8  SimpleLinkSpawnTaskHndl                                     
20023e00  g_PBQueue                                                   
20023e04  g_S2InterruptHdl                                            
20023e08  g_S3InterruptHdl                                            
20023e0c  g_cDummy                                                    
20023e10  pcOfemailmessage                                            
20023e14  pcOfemailsubject                                            
20023e18  pcOfemailto                                                 
20023e1c  simpleLink_mailbox                                          
20023e20  uiUartCmd                                                   
20023e24  g_ucLED1Pin                                                 
20023e25  g_ucLED2Pin                                                 
20023e26  g_ucLED3Pin                                                 
20023e28  ti_sysbios_family_arm_m3_Hwi_Module__root__V                
20023e30  ti_sysbios_family_arm_m3_Hwi_Object__table__V               
20023e48  ti_sysbios_family_arm_m3_Hwi_Module_State_0_excActive__A    
20023e4c  ti_sysbios_family_arm_m3_Hwi_Module_State_0_excContext__A   
20023e50  ti_sysbios_family_arm_m3_Hwi_Module_State_0_excStack__A     
20023e54  ti_sysbios_family_arm_m3_Timer_Module__root__V              
20023e5c  ti_sysbios_family_arm_m3_Timer_Module__state__V             
20023e68  ti_sysbios_family_arm_m3_TimestampProvider_Module__state__V 
20023e6c  ti_sysbios_gates_GateHwi_Module__root__V                    
20023e74  ti_sysbios_gates_GateHwi_Object__table__V                   
20023e78  ti_sysbios_gates_GateMutex_Module__root__V                  
20023e80  ti_sysbios_hal_Hwi_Module__root__V                          
20023e88  ti_sysbios_hal_Timer_Module__root__V                        
20023e90  ti_sysbios_heaps_HeapMem_Module__root__V                    
20023e98  ti_sysbios_heaps_HeapMem_Object__table__V                   
20023eb0  ti_sysbios_knl_Clock_Module__root__V                        
20023eb8  ti_sysbios_knl_Event_Module__root__V                        
20023ec0  ti_sysbios_knl_Mailbox_Module__root__V                      
20023ec8  ti_sysbios_knl_Queue_Module__root__V                        
20023ed0  ti_sysbios_knl_Semaphore_Module__root__V                    
20023ed8  ti_sysbios_knl_Swi_Module__root__V                          
20023ee0  ti_sysbios_knl_Swi_Module__state__V                         
20023efc  ti_sysbios_knl_Task_Module__root__V                         
20023f04  ti_sysbios_knl_Task_Module_State_0_idleTask__A              
20023f08  xdc_runtime_Error_Module__state__V                          
20023f0c  xdc_runtime_LoggerBuf_Module__root__V                       
20023f14  xdc_runtime_LoggerBuf_Module__state__V                      
20023f1c  xdc_runtime_Memory_Module__state__V                         
20023f20  xdc_runtime_Registry_Module__state__V                       
20023f28  xdc_runtime_Startup_Module__state__V                        
20023f30  xdc_runtime_SysMin_Module__state__V                         
20023f3c  xdc_runtime_System_Module_State_0_atexitHandlers__A         
20023f4c  xdc_runtime_System_Module__state__V                         
20023f54  xdc_runtime_Text_Module__state__V                           
20023f5c  __xdc__init__addr                                           
20024010  _Denorm                                                     
20024020  _Eps                                                        
20024030  _Hugeval                                                    
20024040  _Inf                                                        
20024050  _Nan                                                        
20024060  _Snan                                                       
20024070  _Rteps                                                      
20024080  _Xbig                                                       
20024088  _Zero                                                       
20024090  ti_sysbios_knl_Swi_Module_State_0_readyQ__A                 
20024110  ti_sysbios_knl_Task_Module_State_0_readyQ__A                
20024190  _FDenorm                                                    
200241a0  _FEps                                                       
200241b0  _FInf                                                       
200241c0  _FNan                                                       
200241d0  _FSnan                                                      
200241e0  _FRteps                                                     
200241f0  _FXbig                                                      
200241f4  _FZero                                                      
200241f8  ti_sysbios_knl_Task_Object__table__V                        
20024244  ti_sysbios_knl_Task_Module__state__V                        
20024288  ti_sysbios_gates_GateMutex_Object__table__V                 
200242c0  ti_sysbios_family_arm_m3_Hwi_Module__state__V               
200242f4  ti_sysbios_family_arm_m3_Timer_Object__table__V             
20024324  ti_sysbios_knl_Swi_Object__table__V                         
20024354  ti_sysbios_knl_Clock_Module__state__V                       
200243a4  ti_sysbios_BIOS_Module__state__V                            
200243c8  xdc_runtime_LoggerBuf_Object__table__V                      
20024400  g_uiLED1Port                                                
20024404  g_uiLED2Port                                                
20024408  g_uiLED3Port                                                
2002440c  g_secondCounter                                             
20024410  SecurityParams                                              
2002441c  g_uiPBCount                                                 
20024420  g_uiSmtpStatus                                              
20024424  g_iConnectStatus                                            
20024428  g_lSmtpSocket                                               
2002442c  g_uiEmailSetStatus                                          
20024430  g_uiEmailErrorInfo                                          
20024434  _tz                                                         
20024444  g_ulStatus                                                  
20024448  g_ulStaIp                                                   
2002444c  g_ulGatewayIP                                               
20024450  g_SpiFd                                                     
20024454  g_pHostIntHdl                                               
20024458  g_ucDMAEnabled                                              
2002445c  g_pCB                                                       
20024460  pPingCallBackFunc                                           
20024464  gFirstCmdMode                                               
20024468  _lock                                                       
2002446c  _unlock                                                     
20024470  __TI_cleanup_ptr                                            
20024474  __TI_dtors_ptr                                              
20024478  _Fenv                                                       
2002447c  _Tls_setup__Fenv                                            
20024480  _Errno                                                      
20024484  main_func_sp                                                
2002e000  __stack                                                     
20030000  __STACK_END                                                 
e000e000  ti_sysbios_family_arm_m3_Hwi_nvic                           
ffffffff  __binit__                                                   
ffffffff  __c_args__                                                  
ffffffff  binit                                                       
UNDEFED   SHT$$INIT_ARRAY$$Base                                       
UNDEFED   SHT$$INIT_ARRAY$$Limit                                      

[1134 symbols]
