******************************************************************************
                  TI ARM Linker PC v5.2.7                      
******************************************************************************
>> Linked Sat Mar 05 06:44:29 2016

OUTPUT FILE NAME:   <email.out>
ENTRY POINT SYMBOL: "_c_int00"  address: 20014675


MEMORY CONFIGURATION

         name            origin    length      used     unused   attr    fill
----------------------  --------  ---------  --------  --------  ----  --------
  SRAM_CODE             20004000   00016000  000157e2  0000081e  RW X
  SRAM_DATA             2001a000   00016000  0000c4af  00009b51  RW X


SEGMENT ALLOCATION MAP

run origin  load origin   length   init length attrs members
----------  ----------- ---------- ----------- ----- -------
20004000    20004000    000157f0   000157f0    r-x
  20004000    20004000    0000030c   0000030c    r-- .resetVecs
  20004310    20004310    000124f2   000124f2    r-x .text
  20016808    20016808    00002c0c   00002c0c    r-- .const
  20019418    20019418    000003d8   000003d8    r-- .cinit
2001a000    2001a000    0000a4b0   00000000    rw-
  2001a000    2001a000    00009e4f   00000000    rw- .bss
  20023e50    20023e50    00000660   00000000    rw- .data
2002e000    2002e000    00002000   00000000    rw-
  2002e000    2002e000    00002000   00000000    rw- .stack


SECTION ALLOCATION MAP

 output                                  attributes/
section   page    origin      length       input sections
--------  ----  ----------  ----------   ----------------
.init_array 
*          0    20004000    00000000     UNINITIALIZED

.resetVecs 
*          0    20004000    0000030c     
                  20004000    0000030c     app_pem4.oem4 (.resetVecs)

.text      0    20004310    000124f2     
                  20004310    000012c8     network_if.obj (.text)
                  200055d8    000010a6     rtsv7M4_T_le_eabi.lib : _printfi.obj (.text)
                  2000667e    00000002     driverlib.a : interrupt.obj (.text:IntDefaultHandler)
                  20006680    00000edc     main.obj (.text)
                  2000755c    00000ba4     libEmail.a : email.obj (.text)
                  20008100    000006a8     NTPTime.obj (.text)
                  200087a8    000005ec     simplelink.a : driver.obj (.text:_SlDrvMsgRead)
                  20008d94    00000544     ti_rtos.a : osi_tirtos.obj (.text)
                  200092d8    00000480     rtsv7M4_T_le_eabi.lib : pow.obj (.text)
                  20009758    00000448     tmp006drv.obj (.text)
                  20009ba0    00000430     sysbios.aem4 : BIOS.obj (.text:ti_sysbios_family_arm_m3_Hwi_excDumpRegs__I)
                  20009fd0    00000394     gpio_if.obj (.text)
                  2000a364    0000034c     ti.targets.arm.rtsarm.aem4 : System.oem4 (.text:xdc_runtime_System_doPrint__I)
                  2000a6b0    00000314     sysbios.aem4 : BIOS.obj (.text:ti_sysbios_knl_Semaphore_pend__E)
                  2000a9c4    000002e4     rtsv7M4_T_le_eabi.lib : xlog.obj (.text)
                  2000aca8    000002d4                           : trgdrv.obj (.text)
                  2000af7c    000002a8                           : mktime.obj (.text)
                  2000b224    00000290     i2c_if.obj (.text)
                  2000b4b4    00000280     uart_if.obj (.text)
                  2000b734    00000004     app_pem4.oem4 (.text:ti_sysbios_BIOS_RtsGateProxy_enter__E)
                  2000b738    00000254     sysbios.aem4 : BIOS.obj (.text:ti_sysbios_heaps_HeapMem_free__E)
                  2000b98c    00000248     simplelink.a : driver.obj (.text:_SlDrvRxHdrRead)
                  2000bbd4    00000004     app_pem4.oem4 (.text:ti_sysbios_BIOS_RtsGateProxy_leave__E)
                  2000bbd8    00000248     sysbios.aem4 : BIOS.obj (.text:ti_sysbios_heaps_HeapMem_alloc__E)
                  2000be20    00000244     simplelink.a : wlan.obj (.text:sl_WlanConnect)
                  2000c064    00000004     app_pem4.oem4 (.text:ti_sysbios_family_arm_m3_Hwi_delete)
                  2000c068    0000022c     sysbios.aem4 : BIOS.obj (.text:ti_sysbios_knl_Task_Instance_finalize__E)
                  2000c294    00000004     app_pem4.oem4 (.text:ti_sysbios_family_arm_m3_TaskSupport_Module__startupDone__S)
                  2000c298    00000200     sysbios.aem4 : BIOS.obj (.text:ti_sysbios_knl_Task_sleep__E)
                  2000c498    000001fc     rtsv7M4_T_le_eabi.lib : xexp.obj (.text)
                  2000c694    00000004     app_pem4.oem4 (.text:ti_sysbios_heaps_HeapMem_Module_GateProxy_enter__E)
                  2000c698    000001fc     sysbios.aem4 : BIOS.obj (.text:ti_sysbios_family_arm_m3_Hwi_excHandlerMax__I)
                  2000c894    000001f4     rtsv7M4_T_le_eabi.lib : ull_div_t2.obj (.text)
                  2000ca88    000001d0     simplelink.a : driver.obj (.text:_SlDrvReleasePoolObj)
                  2000cc58    000001cc                  : driver.obj (.text:_SlDrvMsgWrite)
                  2000ce24    00000004     app_pem4.oem4 (.text:ti_sysbios_heaps_HeapMem_Module_GateProxy_leave__E)
                  2000ce28    000001c8     sysbios.aem4 : BIOS.obj (.text:ti_sysbios_knl_Task_Instance_init__E)
                  2000cff0    000001c0     timer_if.obj (.text)
                  2000d1b0    000001b6     rtsv7M4_T_le_eabi.lib : fd_add_t2.obj (.text)
                  2000d366    00000002                           : i_div0.obj (.text)
                  2000d368    0000019c     sysbios.aem4 : BIOS.obj (.text:ti_sysbios_knl_Task_Module_startup__E)
                  2000d504    00000190     simplelink.a : driver.obj (.text:_SlDrvWaitForPoolObj)
                  2000d694    00000174                  : driver.obj (.text:_SlDrvDriverCBInit)
                  2000d808    00000174     sysbios.aem4 : BIOS.obj (.text:ti_sysbios_family_arm_m3_Hwi_excBusFault__I)
                  2000d97c    00000170     simplelink.a : driver.obj (.text:_SlFindAndSetActiveObj)
                  2000daec    00000004     app_pem4.oem4 (.text:ti_sysbios_knl_Clock_TimerProxy_getMaxTicks__E)
                  2000daf0    00000164     sysbios.aem4 : BIOS.obj (.text:ti_sysbios_family_arm_m3_Hwi_excUsageFault__I)
                  2000dc54    00000004     app_pem4.oem4 (.text:ti_sysbios_knl_Mailbox_delete)
                  2000dc58    00000158     sysbios.aem4 : BIOS.obj (.text:ti_sysbios_knl_Mailbox_Instance_init__E)
                  2000ddb0    00000150     button_if.obj (.text)
                  2000df00    0000014c     simplelink.a : cc_pal.obj (.text:spi_Open)
                  2000e04c    00000004     app_pem4.oem4 (.text:ti_sysbios_knl_Queue_destruct)
                  2000e050    00000148     sysbios.aem4 : BIOS.obj (.text:ti_sysbios_family_arm_m3_Hwi_excMemFault__I)
                  2000e198    00000140                  : BIOS.obj (.text:ti_sysbios_knl_Semaphore_post__E)
                  2000e2d8    0000013c     libEmail.a : base64.obj (.text)
                  2000e414    00000004     app_pem4.oem4 (.text:ti_sysbios_knl_Semaphore_delete)
                  2000e418    0000013c     sysbios.aem4 : BIOS.obj (.text:ti_sysbios_heaps_HeapMem_Instance_init__E)
                  2000e554    00000004     app_pem4.oem4 (.text:ti_sysbios_knl_Semaphore_destruct)
                  2000e558    00000138     sysbios.aem4 : BIOS.obj (.text:ti_sysbios_family_arm_m3_Hwi_dispatchC__I)
                  2000e690    00000138     ti.targets.arm.rtsarm.aem4 : LoggerBuf.oem4 (.text:xdc_runtime_LoggerBuf_write8__E)
                  2000e7c8    00000136     rtsv7M4_T_le_eabi.lib : fd_div_t2.obj (.text)
                  2000e8fe    00000002     app_pem4.oem4 (.text:ti_sysbios_BIOS_nullFunc__I)
                  2000e900    00000134     driverlib.a : prcm.obj (.text:PRCMCC3200MCUInit)
                  2000ea34    00000004     app_pem4.oem4 (.text:ti_sysbios_knl_Task_delete)
                  2000ea38    00000134     sysbios.aem4 : BIOS.obj (.text:ti_sysbios_knl_Clock_workFunc__E)
                  2000eb6c    00000128     simplelink.a : driver.obj (.text:_SlDrvDataReadOp)
                  2000ec94    00000004     ti.targets.arm.rtsarm.aem4 : Error.oem4 (.text:xdc_runtime_Error_getSite__E)
                  2000ec98    0000011c     sysbios.aem4 : BIOS.obj (.text:ti_sysbios_knl_Swi_run__I)
                  2000edb4    00000118     simplelink.a : socket.obj (.text:sl_SendTo)
                  2000eecc    00000118     ti.targets.arm.rtsarm.aem4 : Error.oem4 (.text:xdc_runtime_Error_policyDefault__E)
                  2000efe4    00000110     rtsv7M4_T_le_eabi.lib : xdscale.obj (.text)
                  2000f0f4    0000010c     simplelink.a : socket.obj (.text:sl_RecvFrom)
                  2000f200    00000108                  : socket.obj (.text:sl_Connect)
                  2000f308    00000108                  : socket.obj (.text:sl_Send)
                  2000f410    00000104                  : driver.obj (.text:_SlDrvDataWriteOp)
                  2000f514    00000104                  : netapp.obj (.text:sl_NetAppDnsGetHostByName)
                  2000f618    00000100     ti.targets.arm.rtsarm.aem4 : Core-mem.oem4 (.text:xdc_runtime_Core_createObject__I)
                  2000f718    000000fe     simplelink.a : netapp.obj (.text:_SlDrvNetAppEventHandler)
                  2000f816    000000fc     rtsv7M4_T_le_eabi.lib : fd_mul_t2.obj (.text)
                  2000f912    000000fa                           : fs_add_t2.obj (.text)
                  2000fa0c    000000f8     ti.targets.arm.rtsarm.aem4 : Startup.oem4 (.text:xdc_runtime_Startup_startMods__I)
                  2000fb04    000000f8     app_pem4.oem4 (.text:xdc_runtime_System_printfExtend__I)
                  2000fbfc    000000f4     simplelink.a : driver.obj (.text:_SlDrvDriverCBDeinit)
                  2000fcf0    000000f0     driverlib.a : udma.obj (.text:uDMAChannelTransferSet)
                  2000fde0    000000e8     smartconfig.obj (.text)
                  2000fec8    000000dc     simplelink.a : cc_pal.obj (.text:spi_Read)
                  2000ffa4    000000d8                  : driver.obj (.text:_SlDrvClassifyRxMsg)
                  2001007c    000000d4                  : device.obj (.text:sl_Stop)
                  20010150    000000d4     utils_if.obj (.text)
                  20010224    000000d4     ti.targets.arm.rtsarm.aem4 : LoggerBuf.oem4 (.text:xdc_runtime_LoggerBuf_write4__E)
                  200102f8    000000d0     sysbios.aem4 : BIOS.obj (.text:ti_sysbios_family_arm_m3_Hwi_Module_startup__E)
                  200103c8    000000d0                  : m3_Hwi_asm.obj (.text:ti_sysbios_family_arm_m3_Hwi_dispatch__I)
                  20010498    000000cc                  : BIOS.obj (.text:ti_sysbios_knl_Task_schedule__I)
                  20010564    000000cc     ti.targets.arm.rtsarm.aem4 : Core-smem.oem4 (.text:xdc_runtime_Core_constructObject__I)
                  20010630    000000c8     simplelink.a : netapp.obj (.text:_sl_HandleAsync_DnsGetHostByService)
                  200106f8    000000c0                  : driver.obj (.text:_SlRemoveFromList)
                  200107b8    000000c0     rtsv7M4_T_le_eabi.lib : xdint.obj (.text)
                  20010878    000000be                           : xdnorm.obj (.text)
                  20010936    00000002     app_pem4.oem4 (.text:xdc_runtime_Startup_reset__I)
                  20010938    000000bc     simplelink.a : driver.obj (.text:_SlDrvMsgReadCmdCtx)
                  200109f4    000000bc                  : device.obj (.text:sl_Start)
                  20010ab0    000000bc     sysbios.aem4 : BIOS.obj (.text:ti_sysbios_family_arm_m3_Hwi_excDebugMon__I)
                  20010b6c    00000004     app_pem4.oem4 (.text:xdc_runtime_LoggerBuf_Module_GateProxy_enter__E)
                  20010b70    000000bc     sysbios.aem4 : BIOS.obj (.text:ti_sysbios_family_arm_m3_Hwi_excHardFault__I)
                  20010c2c    00000004     app_pem4.oem4 (.text:xdc_runtime_LoggerBuf_Module_GateProxy_leave__E)
                  20010c30    000000bc     sysbios.aem4 : BIOS.obj (.text:ti_sysbios_knl_Task_startCore__E)
                  20010cec    000000b8     simplelink.a : driver.obj (.text:_SlAsyncEventGenericHandler)
                  20010da4    000000b8     pinmux.obj (.text)
                  20010e5c    000000b4     simplelink.a : netapp.obj (.text:sl_NetAppMDNSRegisterUnregisterService)
                  20010f10    000000b4     sysbios.aem4 : BIOS.obj (.text:ti_sysbios_gates_GateMutex_enter__E)
                  20010fc4    00000004     app_pem4.oem4 (.text:xdc_runtime_System_Module_GateProxy_enter__E)
                  20010fc8    000000b4     sysbios.aem4 : BIOS.obj (.text:ti_sysbios_knl_Task_checkStacks__E)
                  2001107c    00000004     app_pem4.oem4 (.text:xdc_runtime_System_Module_GateProxy_leave__E)
                  20011080    000000b4     sysbios.aem4 : BIOS.obj (.text:ti_sysbios_knl_Task_yield__E)
                  20011134    00000004     ti.targets.arm.rtsarm.aem4 : System.oem4 (.text:xdc_runtime_System_aprintf_va__F)
                  20011138    000000ac     sysbios.aem4 : BIOS.obj (.text:ti_sysbios_knl_Swi_post__E)
                  200111e4    000000a8     driverlib.a : interrupt.obj (.text:IntDisable)
                  2001128c    000000a8                 : interrupt.obj (.text:IntEnable)
                  20011334    000000a8     simplelink.a : netcfg.obj (.text:sl_NetCfgGet)
                  200113dc    00000004     ti.targets.arm.rtsarm.aem4 : System.oem4 (.text:xdc_runtime_System_printf_va__F)
                  200113e0    000000a8     sysbios.aem4 : BIOS.obj (.text:ti_sysbios_knl_Task_blockI__E)
                  20011488    000000a8                  : BIOS.obj (.text:ti_sysbios_knl_Task_postInit__I)
                  20011530    000000a4     rtsv7M4_T_le_eabi.lib : asctime.obj (.text)
                  200115d4    000000a0     driverlib.a : spi.obj (.text:SPIConfigSetExpClk)
                  20011674    000000a0     auto_init.aem4 : auto_init.oem4 (.text)
                  20011714    000000a0     ti.targets.arm.rtsarm.aem4 : Text.oem4 (.text:xdc_runtime_Text_putMod__E)
                  200117b4    0000009c     simplelink.a : driver.obj (.text:_SlDrvMsgReadSpawnCtx)
                  20011850    0000009c     rtsv7M4_T_le_eabi.lib : memcpy_t2.obj (.text)
                  200118ec    0000009c     simplelink.a : device.obj (.text:sl_DevGet)
                  20011988    0000009c     sysbios.aem4 : BIOS.obj (.text:ti_sysbios_knl_Semaphore_Instance_init__E)
                  20011a24    0000009c     ti.targets.arm.rtsarm.aem4 : LoggerBuf.oem4 (.text:xdc_runtime_LoggerBuf_setFilterLevel__E)
                  20011ac0    0000009a                                : Text.oem4 (.text:xdc_runtime_Text_putSite__E)
                  20011b5a    00000006     driverlib.a : utils.obj (.text:UtilsDelay)
                  20011b60    00000098     sysbios.aem4 : BIOS.obj (.text:ti_sysbios_knl_Mailbox_post__E)
                  20011bf8    00000094     driverlib.a : prcm.obj (.text:PRCMPeripheralClockGet)
                  20011c8c    00000094     rtsv7M4_T_le_eabi.lib : snprintf.obj (.text)
                  20011d20    00000094     sysbios.aem4 : BIOS.obj (.text:ti_sysbios_family_arm_m3_Hwi_Instance_init__E)
                  20011db4    00000004     --HOLE-- [fill = 0]
                  20011db8    00000094                  : BIOS.obj (.text:ti_sysbios_knl_Task_exit__E)
                  20011e4c    00000092     rtsv7M4_T_le_eabi.lib : fs_div_t2.obj (.text)
                  20011ede    00000002     --HOLE-- [fill = 0]
                  20011ee0    00000090     simplelink.a : wlan.obj (.text:sl_WlanSmartConfigStart)
                  20011f70    00000090     sysbios.aem4 : BIOS.obj (.text:ti_sysbios_knl_Task_unblockI__E)
                  20012000    0000008c     simplelink.a : cc_pal.obj (.text:SetupDMAReceive)
                  2001208c    0000008c                  : cc_pal.obj (.text:SetupDMASend)
                  20012118    0000008c                  : netapp.obj (.text:_sl_HandleAsync_DnsGetHostByName)
                  200121a4    0000008c                  : netapp.obj (.text:_sl_HandleAsync_PingResponse)
                  20012230    0000008c                  : cc_pal.obj (.text:spi_Write)
                  200122bc    00000004     --HOLE-- [fill = 0]
                  200122c0    0000008c     sysbios.aem4 : BIOS.obj (.text:ti_sysbios_knl_Mailbox_pend__E)
                  2001234c    00000088     driverlib.a : prcm.obj (.text:PRCMHibernateIntervalSet)
                  200123d4    00000088                 : pin.obj (.text:PinConfigSet)
                  2001245c    00000088     rtsv7M4_T_le_eabi.lib : vsnprintf.obj (.text)
                  200124e4    00000088     simplelink.a : socket.obj (.text:sl_Bind)
                  2001256c    00000004     --HOLE-- [fill = 0]
                  20012570    00000088     sysbios.aem4 : BIOS.obj (.text:ti_sysbios_family_arm_m3_Hwi_initNVIC__E)
                  200125f8    00000088                  : BIOS.obj (.text:ti_sysbios_knl_Mailbox_Module_startup__E)
                  20012680    00000086     rtsv7M4_T_le_eabi.lib : fd_cmp_t2.obj (.text:__aeabi_cdcmple)
                  20012706    00000086                           : fd_cmp_t2.obj (.text:__aeabi_cdrcmple)
                  2001278c    00000084     driverlib.a : i2c.obj (.text:I2CMasterInitExpClk)
                  20012810    00000084     simplelink.a : cc_pal.obj (.text:NwpPowerOnPreamble)
                  20012894    00000004     --HOLE-- [fill = 0]
                  20012898    00000084     sysbios.aem4 : BIOS.obj (.text:ti_sysbios_family_arm_m3_Hwi_postInit__I)
                  2001291c    00000082     driverlib.a : gpio.obj (.text:GPIOIntTypeSet)
                  2001299e    00000002     --HOLE-- [fill = 0]
                  200129a0    00000080     simplelink.a : driver.obj (.text:_SlDrvCmdOp)
                  20012a20    00000080                  : cc_pal.obj (.text:spi_Read_CPU)
                  20012aa0    00000080                  : cc_pal.obj (.text:spi_Write_CPU)
                  20012b20    0000007c                  : device.obj (.text:_sl_HandleAsync_InitComplete)
                  20012b9c    00000004     --HOLE-- [fill = 0]
                  20012ba0    0000007c     sysbios.aem4 : BIOS.obj (.text:ti_sysbios_family_arm_m3_TimestampProvider_get64__E)
                  20012c1c    0000007a     rtsv7M4_T_le_eabi.lib : fs_mul_t2.obj (.text)
                  20012c96    0000007a                           : memset_t2.obj (.text)
                  20012d10    00000078     simplelink.a : socket.obj (.text:_sl_HandleAsync_Connect)
                  20012d88    00000078                  : cc_pal.obj (.text:spi_Close)
                  20012e00    00000076     driverlib.a : uart.obj (.text:UARTConfigSetExpClk)
                  20012e76    00000002     --HOLE-- [fill = 0]
                  20012e78    00000074     simplelink.a : socket.obj (.text:sl_Recv)
                  20012eec    00000074     ti.targets.arm.rtsarm.aem4 : LoggerBuf.oem4 (.text:xdc_runtime_LoggerBuf_getFilterLevel__E)
                  20012f60    00000070     driverlib.a : hwspinlock.obj (.text:HwSpinLockTryAcquire)
                  20012fd0    00000070     sysbios.aem4 : BIOS.obj (.text:ti_sysbios_knl_Mailbox_Instance_finalize__E)
                  20013040    0000006e     rtsv7M4_T_le_eabi.lib : fd_tos_t2.obj (.text)
                  200130ae    00000002     --HOLE-- [fill = 0]
                  200130b0    0000006d     ti.targets.arm.rtsarm.aem4 : System.oem4 (.text:xdc_runtime_System_formatNum__I)
                  2001311d    00000003     --HOLE-- [fill = 0]
                  20013120    0000006c     simplelink.a : driver.obj (.text:_SlDrvCmdSend)
                  2001318c    00000004     --HOLE-- [fill = 0]
                  20013190    0000006c     sysbios.aem4 : BIOS.obj (.text:ti_sysbios_knl_Swi_restoreHwi__E)
                  200131fc    0000006c     ti.targets.arm.rtsarm.aem4 : Error.oem4 (.text:xdc_runtime_Error_print__E)
                  20013268    0000006c                                : Memory.oem4 (.text:xdc_runtime_Memory_alloc__E)
                  200132d4    0000006a     rtsv7M4_T_le_eabi.lib : copy_decompress_rle.obj (.text)
                  2001333e    00000002     --HOLE-- [fill = 0]
                  20013340    00000068     driverlib.a : timer.obj (.text:TimerIntUnregister)
                  200133a8    00000068     simplelink.a : netapp.obj (.text:_sl_NetAppSendTokenValue)
                  20013410    00000068     rtsv7M4_T_le_eabi.lib : trgmsg.obj (.text)
                  20013478    00000068     simplelink.a : netcfg.obj (.text:sl_NetCfgSet)
                  200134e0    00000068                  : socket.obj (.text:sl_SetSockOpt)
                  20013548    00000068                  : wlan.obj (.text:sl_WlanSet)
                  200135b0    00000066     rtsv7M4_T_le_eabi.lib : xdunscal.obj (.text)
                  20013616    00000066     ti.targets.arm.rtsarm.aem4 : Core-mem.oem4 (.text:xdc_runtime_Core_deleteObject__I)
                  2001367c    00000064     app_pem4.oem4 (.text:ti_sysbios_family_arm_m3_Hwi_create)
                  200136e0    00000064     app_pem4.oem4 (.text:ti_sysbios_knl_Mailbox_create)
                  20013744    00000064     driverlib.a : udma.obj (.text:uDMAChannelAttributeDisable)
                  200137a8    00000064                 : udma.obj (.text:uDMAChannelAttributeEnable)
                  2001380c    00000060     simplelink.a : socket.obj (.text:_sl_HandleAsync_Accept)
                  2001386c    00000060                  : wlan.obj (.text:sl_WlanPolicySet)
                  200138cc    00000004     --HOLE-- [fill = 0]
                  200138d0    00000060     sysbios.aem4 : BIOS.obj (.text:ti_sysbios_knl_Clock_logTick__E)
                  20013930    0000005c     simplelink.a : socket.obj (.text:sl_Socket)
                  2001398c    00000004     --HOLE-- [fill = 0]
                  20013990    0000005c     sysbios.aem4 : BIOS.obj (.text:ti_sysbios_knl_Swi_schedule__I)
                  200139ec    0000005c     app_pem4.oem4 (.text:ti_sysbios_knl_Task_create)
                  20013a48    0000005c     app_pem4.oem4 (.text:xdc_runtime_LoggerBuf_Object__create__S)
                  20013aa4    0000005b     ti.targets.arm.rtsarm.aem4 : Text.oem4 (.text:xdc_runtime_Text_putLab__E)
                  20013aff    00000001     --HOLE-- [fill = 0]
                  20013b00    00000058     driverlib.a : interrupt.obj (.text:IntPendClear)
                  20013b58    00000058                 : prcm.obj (.text:PRCMPeripheralReset)
                  20013bb0    00000058     sysbios.aem4 : BIOS.obj (.text:ti_sysbios_family_arm_m3_Timer_setPeriod__E)
                  20013c08    00000056     rtsv7M4_T_le_eabi.lib : ltoa.obj (.text)
                  20013c5e    00000002     --HOLE-- [fill = 0]
                  20013c60    00000054     simplelink.a : socket.obj (.text:_sl_HandleAsync_Select)
                  20013cb4    00000054                  : wlan.obj (.text:sl_WlanRxFilterSet)
                  20013d08    00000054     sysbios.aem4 : BIOS.obj (.text:ti_sysbios_family_arm_m3_Timer_start__E)
                  20013d5c    00000054     ti.targets.arm.rtsarm.aem4 : Assert.oem4 (.text:xdc_runtime_Assert_raise__I)
                  20013db0    00000050     simplelink.a : device.obj (.text:_sl_HandleAsync_Stop)
                  20013e00    00000050     rtsv7M4_T_le_eabi.lib : _tvaltostr.obj (.text)
                  20013e50    00000050     ti.targets.arm.rtsarm.aem4 : Startup.oem4 (.text:xdc_runtime_Startup_exec__E)
                  20013ea0    00000050                                : Text.oem4 (.text:xdc_runtime_Text_visitRope2__I)
                  20013ef0    0000004c     driverlib.a : hwspinlock.obj (.text:HwSpinLockRelease)
                  20013f3c    0000004c                 : spi.obj (.text:SPIIntEnable)
                  20013f88    0000004c     simplelink.a : driver.obj (.text:_SlDrvProtectAsyncRespSetting)
                  20013fd4    0000004c                  : driver.obj (.text:_SlDrvRxIrqHandler)
                  20014020    0000004c                  : socket.obj (.text:_sl_BuildAddress)
                  2001406c    0000004c     rtsv7M4_T_le_eabi.lib : atoi.obj (.text)
                  200140b8    0000004c                           : cpy_tbl.obj (.text)
                  20014104    0000004c                           : localtim.obj (.text)
                  20014150    0000004c     sysbios.aem4 : m3_TaskSupport_asm.obj (.text:ti_sysbios_family_arm_m3_TaskSupport_buildTaskStack)
                  2001419c    00000004     --HOLE-- [fill = 0]
                  200141a0    0000004c                  : BIOS.obj (.text:ti_sysbios_heaps_HeapMem_getStats__E)
                  200141ec    00000004     --HOLE-- [fill = 0]
                  200141f0    0000004c                  : BIOS.obj (.text:ti_sysbios_knl_Swi_runLoop__I)
                  2001423c    00000004     --HOLE-- [fill = 0]
                  20014240    0000004c                  : BIOS.obj (.text:ti_sysbios_knl_Task_allBlockedFunction__I)
                  2001428c    0000004c     driverlib.a : udma.obj (.text:uDMAChannelAssign)
                  200142d8    00000048                 : prcm.obj (.text:PRCMHibernateWakeupSourceEnable)
                  20014320    00000048                 : spi.obj (.text:SPIIntClear)
                  20014368    00000048     simplelink.a : driver.obj (.text:_SlDrvBasicCmd)
                  200143b0    00000048     rtsv7M4_T_le_eabi.lib : fd_toi_t2.obj (.text)
                  200143f8    00000048     sysbios.aem4 : BIOS.obj (.text:ti_sysbios_family_arm_m3_Hwi_disableInterrupt__E)
                  20014440    00000048                  : BIOS.obj (.text:ti_sysbios_family_arm_m3_Hwi_enableInterrupt__E)
                  20014488    00000048                  : BIOS.obj (.text:ti_sysbios_family_arm_m3_Hwi_excReserved__I)
                  200144d0    00000048                  : m3_Hwi_asm_switch.obj (.text:ti_sysbios_family_arm_m3_Hwi_initStacks__E)
                  20014518    00000048                  : BIOS.obj (.text:ti_sysbios_family_arm_m3_Timer_initDevice__I)
                  20014560    00000046     rtsv7M4_T_le_eabi.lib : ldexp.obj (.text)
                  200145a6    00000046     ti.targets.arm.rtsarm.aem4 : Core-params.oem4 (.text:xdc_runtime_Core_assignParams__I)
                  200145ec    00000044     driverlib.a : spi.obj (.text:SPIDmaMaskGet)
                  20014630    00000044                 : timer.obj (.text:TimerConfigure)
                  20014674    00000044     boot.aem4 : boot.oem4 (.text)
                  200146b8    00000044     simplelink.a : cc_pal.obj (.text:cc_SetupTransfer)
                  200146fc    00000044     rtsv7M4_T_le_eabi.lib : exit.obj (.text)
                  20014740    00000044     sysbios.aem4 : BIOS.obj (.text:ti_sysbios_family_arm_m3_Hwi_getStackInfo__E)
                  20014784    00000004     --HOLE-- [fill = 0]
                  20014788    00000044                  : BIOS.obj (.text:ti_sysbios_knl_Mailbox_postInit__I)
                  200147cc    00000044     ti.targets.arm.rtsarm.aem4 : Error.oem4 (.text:xdc_runtime_Error_setX__E)
                  20014810    00000044                                : LoggerBuf.oem4 (.text:xdc_runtime_LoggerBuf_filterOutEvent__I)
                  20014854    00000044                                : SysMin.oem4 (.text:xdc_runtime_SysMin_flush__E)
                  20014898    00000044                                : Text.oem4 (.text:xdc_runtime_Text_xprintf__I)
                  200148dc    00000042     simplelink.a : socket.obj (.text:sl_Htonl)
                  2001491e    00000002     --HOLE-- [fill = 0]
                  20014920    00000040     driverlib.a : pin.obj (.text:PinModeSet)
                  20014960    00000040     rtsv7M4_T_le_eabi.lib : signal.obj (.text)
                  200149a0    00000040                           : u_divt2.obj (.text)
                  200149e0    00000040     sysbios.aem4 : BIOS.obj (.text:ti_sysbios_family_arm_m3_Timer_Module_startup__E)
                  20014a20    0000003e     app_pem4.oem4 (.text:realloc)
                  20014a5e    0000003c     simplelink.a : netapp.obj (.text:CopyPingResultsToReport)
                  20014a9a    00000002     --HOLE-- [fill = 0]
                  20014a9c    0000003c     driverlib.a : prcm.obj (.text:PRCMPeripheralClkEnable)
                  20014ad8    0000003c     simplelink.a : socket.obj (.text:_sl_TruncatePayloadByProtocol)
                  20014b14    0000003c                  : socket.obj (.text:sl_Htons)
                  20014b50    0000003c     sysbios.aem4 : BIOS.obj (.text:ti_sysbios_family_arm_m3_Hwi_excSvCall__I)
                  20014b8c    00000004     --HOLE-- [fill = 0]
                  20014b90    0000003c                  : BIOS.obj (.text:ti_sysbios_heaps_HeapMem_init__I)
                  20014bcc    00000004     --HOLE-- [fill = 0]
                  20014bd0    0000003c                  : BIOS.obj (.text:ti_sysbios_knl_Swi_startup__E)
                  20014c0c    0000003c     driverlib.a : udma.obj (.text:uDMAChannelControlSet)
                  20014c48    0000003a     ti.targets.arm.rtsarm.aem4 : LoggerBuf.oem4 (.text:xdc_runtime_LoggerBuf_Instance_init__E)
                  20014c82    00000002     --HOLE-- [fill = 0]
                  20014c84    00000038     simplelink.a : cc_pal.obj (.text:NwpPowerOff)
                  20014cbc    00000038     rtsv7M4_T_le_eabi.lib : fs_tod_t2.obj (.text)
                  20014cf4    00000038                           : i_tofs_t2.obj (.text)
                  20014d2c    00000004     --HOLE-- [fill = 0]
                  20014d30    00000038     sysbios.aem4 : BIOS.obj (.text:ti_sysbios_family_arm_m3_Hwi_excNoIsr__I)
                  20014d68    00000038                  : BIOS.obj (.text:ti_sysbios_knl_Task_processVitalTaskFlag__I)
                  20014da0    00000038     ti.targets.arm.rtsarm.aem4 : SysMin.oem4 (.text:xdc_runtime_SysMin_putch__E)
                  20014dd8    00000038                                : System.oem4 (.text:xdc_runtime_System_atexit__E)
                  20014e10    00000036     driverlib.a : gpio.obj (.text:GPIODirModeSet)
                  20014e46    00000036     simplelink.a : netapp.obj (.text:sl_NetAppMDNSUnRegisterService)
                  20014e7c    00000034     driverlib.a : prcm.obj (.text:PRCMPeripheralStatusGet)
                  20014eb0    00000034                 : spi.obj (.text:SPIFIFOLevelSet)
                  20014ee4    00000034     rtsv7M4_T_le_eabi.lib : feraiseexcept.obj (.text)
                  20014f18    00000034     sysbios.aem4 : BIOS.obj (.text:ti_sysbios_family_arm_m3_Hwi_Instance_finalize__E)
                  20014f4c    00000004     --HOLE-- [fill = 0]
                  20014f50    00000034                  : BIOS.obj (.text:ti_sysbios_family_arm_m3_Hwi_excNmi__I)
                  20014f84    00000004     --HOLE-- [fill = 0]
                  20014f88    00000034                  : BIOS.obj (.text:ti_sysbios_family_arm_m3_Timer_periodicStub__I)
                  20014fbc    00000004     --HOLE-- [fill = 0]
                  20014fc0    00000034                  : BIOS.obj (.text:ti_sysbios_hal_Hwi_checkStack)
                  20014ff4    00000034     app_pem4.oem4 (.text:ti_sysbios_knl_Semaphore_create)
                  20015028    00000034     ti.targets.arm.rtsarm.aem4 : Core-label.oem4 (.text:xdc_runtime_Core_assignLabel__I)
                  2001505c    00000033                                : Text.oem4 (.text:xdc_runtime_Text_printVisFxn__I)
                  2001508f    00000001     --HOLE-- [fill = 0]
                  20015090    00000032     sysbios.aem4 : BIOS.obj (.text:ti_sysbios_hal_Hwi_initStack)
                  200150c2    00000006     ti.targets.arm.rtsarm.aem4 : xdc_noinit.oem4 (.text:__xdc__init)
                  200150c8    00000032     sysbios.aem4 : BIOS.obj (.text:ti_sysbios_knl_Semaphore_pendTimeout__I)
                  200150fa    00000030     driverlib.a : pin.obj (.text:PinTypeGPIO)
                  2001512a    00000002     --HOLE-- [fill = 0]
                  2001512c    00000030                 : uart.obj (.text:UARTDisable)
                  2001515c    00000030     simplelink.a : device.obj (.text:_SlDrvDeviceEventHandler)
                  2001518c    00000030     rtsv7M4_T_le_eabi.lib : strncpy.obj (.text)
                  200151bc    00000030                           : xferaise.obj (.text)
                  200151ec    00000030     simplelink.a : socket.obj (.text:sl_Close)
                  2001521c    00000030                  : wlan.obj (.text:sl_WlanProfileDel)
                  2001524c    00000030                  : wlan.obj (.text:sl_WlanSetMode)
                  2001527c    00000030     app_pem4.oem4 (.text:ti_sysbios_BIOS_atExitFunc__I)
                  200152ac    00000004     --HOLE-- [fill = 0]
                  200152b0    00000030     sysbios.aem4 : BIOS.obj (.text:ti_sysbios_family_arm_m3_TaskSupport_start__E)
                  200152e0    00000030     app_pem4.oem4 (.text:ti_sysbios_gates_GateHwi_Object__create__S)
                  20015310    00000030     app_pem4.oem4 (.text:ti_sysbios_gates_GateMutex_Object__create__S)
                  20015340    00000030     app_pem4.oem4 (.text:ti_sysbios_heaps_HeapMem_Object__create__S)
                  20015370    00000030     app_pem4.oem4 (.text:ti_sysbios_knl_Semaphore_construct)
                  200153a0    00000030     ti.targets.arm.rtsarm.aem4 : SysMin.oem4 (.text:xdc_runtime_SysMin_abort__E)
                  200153d0    00000030                                : System.oem4 (.text:xdc_runtime_System_processAtExit__E)
                  20015400    0000002e     app_pem4.oem4 (.text:malloc)
                  2001542e    0000002e     rtsv7M4_T_le_eabi.lib : i_tofd_t2.obj (.text)
                  2001545c    0000002e                           : raise.obj (.text)
                  2001548a    00000002     --HOLE-- [fill = 0]
                  2001548c    0000002c     simplelink.a : cc_pal.obj (.text:DmaSpiSwIntHandler)
                  200154b8    0000002c     driverlib.a : i2c.obj (.text:I2CMasterErr)
                  200154e4    0000002c     simplelink.a : cc_pal.obj (.text:NwpPowerOn)
                  20015510    0000002c     driverlib.a : prcm.obj (.text:PRCMSysResetCauseGet)
                  2001553c    0000002c     app_pem4.oem4 (.text:ti_sysbios_knl_Clock_doTick__I)
                  20015568    0000002c     app_pem4.oem4 (.text:ti_sysbios_knl_Queue_construct)
                  20015594    00000004     --HOLE-- [fill = 0]
                  20015598    0000002c     sysbios.aem4 : BIOS.obj (.text:ti_sysbios_knl_Task_restore__E)
                  200155c4    0000002c     ti.targets.arm.rtsarm.aem4 : Text.oem4 (.text:xdc_runtime_Text_cordText__E)
                  200155f0    0000002a     driverlib.a : timer.obj (.text:TimerLoadSet)
                  2001561a    0000002a                 : timer.obj (.text:TimerPrescaleSet)
                  20015644    0000002a     rtsv7M4_T_le_eabi.lib : xdclass.obj (.text)
                  2001566e    0000002a     ti.targets.arm.rtsarm.aem4 : System.oem4 (.text:xdc_runtime_System_putchar__I)
                  20015698    00000028     driverlib.a : prcm.obj (.text:PRCMPeripheralClkDisable)
                  200156c0    00000028     sysbios.aem4 : BIOS.obj (.text:ti_sysbios_knl_Swi_Module_startup__E)
                  200156e8    00000028     ti.targets.arm.rtsarm.aem4 : LoggerBuf.oem4 (.text:xdc_runtime_LoggerBuf_Module_startup__E)
                  20015710    00000026     simplelink.a : cc_pal.obj (.text:NwpRegisterInterruptHandler)
                  20015736    00000026     ti.targets.arm.rtsarm.aem4 : System.oem4 (.text:xdc_runtime_System_avprintf__E)
                  2001575c    00000024     driverlib.a : interrupt.obj (.text:IntUnregister)
                  20015780    00000024                 : uart.obj (.text:UARTEnable)
                  200157a4    00000024     simplelink.a : driver.obj (.text:_SlDrvProtectionObjLockWaitForever)
                  200157c8    00000024     rtsv7M4_T_le_eabi.lib : memmov.obj (.text)
                  200157ec    00000024     app_pem4.oem4 (.text:ti_sysbios_BIOS_errorRaiseHook__I)
                  20015810    00000024     app_pem4.oem4 (.text:ti_sysbios_BIOS_registerRTSLock__I)
                  20015834    00000024     app_pem4.oem4 (.text:ti_sysbios_BIOS_removeRTSLock__I)
                  20015858    00000024     app_pem4.oem4 (.text:ti_sysbios_BIOS_startFunc__I)
                  2001587c    00000004     --HOLE-- [fill = 0]
                  20015880    00000024     sysbios.aem4 : BIOS.obj (.text:ti_sysbios_family_arm_m3_Hwi_doTaskRestore__I)
                  200158a4    00000004     --HOLE-- [fill = 0]
                  200158a8    00000024                  : BIOS.obj (.text:ti_sysbios_family_arm_m3_Timer_startup__E)
                  200158cc    00000024     app_pem4.oem4 (.text:ti_sysbios_gates_GateMutex_Object__delete__S)
                  200158f0    00000024     sysbios.aem4 : BIOS.obj (.text:ti_sysbios_knl_Clock_Module_startup__E)
                  20015914    00000024     app_pem4.oem4 (.text:ti_sysbios_knl_Semaphore_Object__delete__S)
                  20015938    00000024     ti.targets.arm.rtsarm.aem4 : System.oem4 (.text:xdc_runtime_System_vprintf__E)
                  2001595c    00000022     driverlib.a : gpio.obj (.text:GPIOIntStatus)
                  2001597e    00000022                 : i2c.obj (.text:I2CMasterSlaveAddrSet)
                  200159a0    00000022                 : spi.obj (.text:SPIReset)
                  200159c2    00000022                 : spi.obj (.text:SPIWordCountSet)
                  200159e4    00000022     rtsv7M4_T_le_eabi.lib : frexp.obj (.text)
                  20015a06    00000022     app_pem4.oem4 (.text:xdc_runtime_SysMin_output__I)
                  20015a28    00000020     driverlib.a : gpio.obj (.text:GPIOPinWrite)
                  20015a48    00000020                 : spi.obj (.text:SPIDataGet)
                  20015a68    00000020     simplelink.a : driver.obj (.text:_SlDrvProtectionObjUnLock)
                  20015a88    00000020     app_pem4.oem4 (.text:ti_sysbios_BIOS_rtsLock__I)
                  20015aa8    00000020     app_pem4.oem4 (.text:ti_sysbios_family_arm_m3_Hwi_Object__delete__S)
                  20015ac8    00000020     sysbios.aem4 : m3_Hwi_asm.obj (.text:ti_sysbios_family_arm_m3_Hwi_excHandlerAsm__I)
                  20015ae8    00000020                  : BIOS.obj (.text:ti_sysbios_family_arm_m3_Hwi_excHandler__I)
                  20015b08    00000020                  : BIOS.obj (.text:ti_sysbios_family_arm_m3_TimestampProvider_Module_startup__E)
                  20015b28    00000020     app_pem4.oem4 (.text:ti_sysbios_gates_GateHwi_Object__delete__S)
                  20015b48    00000020     app_pem4.oem4 (.text:ti_sysbios_heaps_HeapMem_Object__delete__S)
                  20015b68    00000020     sysbios.aem4 : BIOS.obj (.text:ti_sysbios_knl_Idle_run__E)
                  20015b88    00000020     app_pem4.oem4 (.text:ti_sysbios_knl_Mailbox_Object__delete__S)
                  20015ba8    00000020     app_pem4.oem4 (.text:ti_sysbios_knl_Semaphore_Object__destruct__S)
                  20015bc8    00000020     app_pem4.oem4 (.text:ti_sysbios_knl_Task_Object__delete__S)
                  20015be8    00000020     app_pem4.oem4 (.text:xdc_runtime_LoggerBuf_Object__delete__S)
                  20015c08    00000020     ti.targets.arm.rtsarm.aem4 : LoggerBuf.oem4 (.text:xdc_runtime_LoggerBuf_reset__E)
                  20015c28    00000020                                : Registry.oem4 (.text:xdc_runtime_Registry_findById__E)
                  20015c48    00000020                                : SysMin.oem4 (.text:xdc_runtime_SysMin_Module_startup__E)
                  20015c68    0000001e     driverlib.a : i2c.obj (.text:I2CMasterIntStatusEx)
                  20015c86    0000001e                 : spi.obj (.text:SPIDataPut)
                  20015ca4    0000001e                 : timer.obj (.text:TimerDisable)
                  20015cc2    0000001e                 : timer.obj (.text:TimerEnable)
                  20015ce0    0000001e                 : timer.obj (.text:TimerIntStatus)
                  20015cfe    0000001e                 : uart.obj (.text:UARTCharPut)
                  20015d1c    0000001e     simplelink.a : cc_pal.obj (.text:cc_UDMAChannelSelect)
                  20015d3a    0000001e     rtsv7M4_T_le_eabi.lib : strcat.obj (.text)
                  20015d58    0000001e     sysbios.aem4 : m3_Hwi_asm_switch.obj (.text:ti_sysbios_family_xxx_Hwi_switchAndRunFunc)
                  20015d76    0000001c     driverlib.a : pin.obj (.text:PinTypeI2C)
                  20015d92    0000001c                 : timer.obj (.text:TimerValueGet)
                  20015dae    0000001c                 : uart.obj (.text:UARTCharGetNonBlocking)
                  20015dca    0000001c     simplelink.a : driver.obj (.text:_SlDrvObjLockWaitForever)
                  20015de6    0000001c                  : driver.obj (.text:_SlDrvSyncObjWaitForever)
                  20015e02    00000002     --HOLE-- [fill = 0]
                  20015e04    0000001c     rtsv7M4_T_le_eabi.lib : gmtime.obj (.text)
                  20015e20    0000001c                           : memccpy.obj (.text)
                  20015e3c    00000004     --HOLE-- [fill = 0]
                  20015e40    0000001c     sysbios.aem4 : BIOS.obj (.text:ti_sysbios_family_arm_m3_Hwi_setPriority__E)
                  20015e5c    00000004     --HOLE-- [fill = 0]
                  20015e60    0000001c                  : BIOS.obj (.text:ti_sysbios_gates_GateMutex_Instance_init__E)
                  20015e7c    0000001c     app_pem4.oem4 (.text:ti_sysbios_knl_Queue_Object__destruct__S)
                  20015e98    0000001c     sysbios.aem4 : BIOS.obj (.text:ti_sysbios_knl_Task_enter__I)
                  20015eb4    0000001c     driverlib.a : udma.obj (.text:uDMAChannelEnable)
                  20015ed0    0000001c     ti.targets.arm.rtsarm.aem4 : Error.oem4 (.text:xdc_runtime_Error_raiseX__E)
                  20015eec    0000001c                                : Memory.oem4 (.text:xdc_runtime_Memory_valloc__E)
                  20015f08    0000001c                                : SysMin.oem4 (.text:xdc_runtime_SysMin_exit__E)
                  20015f24    0000001c                                : System.oem4 (.text:xdc_runtime_System_abort__E)
                  20015f40    0000001a     driverlib.a : gpio.obj (.text:GPIOIntDisable)
                  20015f5a    0000001a                 : gpio.obj (.text:GPIOIntEnable)
                  20015f74    0000001a                 : pin.obj (.text:PinTypeUART)
                  20015f8e    0000001a                 : spi.obj (.text:SPIDmaDisable)
                  20015fa8    0000001a                 : spi.obj (.text:SPIDmaEnable)
                  20015fc2    0000001a                 : spi.obj (.text:SPIFIFODisable)
                  20015fdc    0000001a                 : spi.obj (.text:SPIFIFOEnable)
                  20015ff6    0000001a     app_pem4.oem4 (.text:ti_sysbios_family_arm_m3_Hwi_Handle__label__S)
                  20016010    0000001a     sysbios.aem4 : m3_Hwi_asm.obj (.text:ti_sysbios_family_arm_m3_Hwi_pendSV__I)
                  2001602a    0000001a     app_pem4.oem4 (.text:ti_sysbios_gates_GateHwi_Handle__label__S)
                  20016044    0000001a     app_pem4.oem4 (.text:ti_sysbios_gates_GateMutex_Handle__label__S)
                  2001605e    0000001a     app_pem4.oem4 (.text:ti_sysbios_heaps_HeapMem_Handle__label__S)
                  20016078    0000001a     app_pem4.oem4 (.text:ti_sysbios_knl_Swi_Handle__label__S)
                  20016092    0000001a     app_pem4.oem4 (.text:ti_sysbios_knl_Task_Handle__label__S)
                  200160ac    00000004     --HOLE-- [fill = 0]
                  200160b0    0000001a     sysbios.aem4 : BIOS.obj (.text:ti_sysbios_knl_Task_sleepTimeout__I)
                  200160ca    0000001a     app_pem4.oem4 (.text:xdc_runtime_LoggerBuf_Handle__label__S)
                  200160e4    0000001a     app_pem4.oem4 (.text:xdc_runtime_System_aprintf__E)
                  200160fe    0000001a     app_pem4.oem4 (.text:xdc_runtime_System_printf__E)
                  20016118    00000018     driverlib.a : gpio.obj (.text:GPIOPinRead)
                  20016130    00000018                 : prcm.obj (.text:PRCMHibernateEnter)
                  20016148    00000018                 : spi.obj (.text:SPICSDisable)
                  20016160    00000018                 : spi.obj (.text:SPICSEnable)
                  20016178    00000018                 : spi.obj (.text:SPIDisable)
                  20016190    00000018                 : spi.obj (.text:SPIEnable)
                  200161a8    00000018                 : timer.obj (.text:TimerIntDisable)
                  200161c0    00000018                 : timer.obj (.text:TimerIntEnable)
                  200161d8    00000018                 : uart.obj (.text:UARTCharsAvail)
                  200161f0    00000018     simplelink.a : driver.obj (.text:_SlDrvObjUnLock)
                  20016208    00000018                  : driver.obj (.text:_SlDrvSyncObjSignal)
                  20016220    00000018                  : device.obj (.text:_sl_GetStartResponseConvert)
                  20016238    00000018     app_pem4.oem4 (.text:free)
                  20016250    00000018     rtsv7M4_T_le_eabi.lib : args_main.obj (.text)
                  20016268    00000018     app_pem4.oem4 (.text:ti_sysbios_BIOS_rtsUnlock__I)
                  20016280    00000018     app_pem4.oem4 (.text:ti_sysbios_family_arm_m3_Hwi_Module__startupDone__F)
                  20016298    00000018     app_pem4.oem4 (.text:ti_sysbios_family_arm_m3_Timer_Module__startupDone__F)
                  200162b0    00000018     sysbios.aem4 : BIOS.obj (.text:ti_sysbios_gates_GateMutex_leave__E)
                  200162c8    00000018     ti.targets.arm.rtsarm.aem4 : Error.oem4 (.text:xdc_runtime_Error_check__E)
                  200162e0    00000018                                : System.oem4 (.text:xdc_runtime_System_exit__E)
                  200162f8    00000018                                : Text.oem4 (.text:xdc_runtime_Text_ropeText__E)
                  20016310    00000016     driverlib.a : i2c.obj (.text:I2CMasterDataPut)
                  20016326    00000016                 : i2c.obj (.text:I2CMasterEnable)
                  2001633c    00000016                 : prcm.obj (.text:PRCMHIBRegRead)
                  20016352    00000016                 : prcm.obj (.text:PRCMHIBRegWrite)
                  20016368    00000016     simplelink.a : driver.obj (.text:_SlDrvMemZero)
                  2001637e    00000016     rtsv7M4_T_le_eabi.lib : strchr.obj (.text)
                  20016394    00000016     app_pem4.oem4 (.text:ti_sysbios_BIOS_exitFunc__I)
                  200163aa    00000014     driverlib.a : cpu.obj (.text:CPUcpsie)
                  200163be    00000014                 : gpio.obj (.text:GPIOIntClear)
                  200163d2    00000002     --HOLE-- [fill = 0]
                  200163d4    00000014     rtsv7M4_T_le_eabi.lib : _lock.obj (.text)
                  200163e8    00000014                           : strcpy.obj (.text)
                  200163fc    00000014                           : strlen.obj (.text)
                  20016410    00000014     app_pem4.oem4 (.text:ti_sysbios_family_arm_m3_Hwi_Object__get__S)
                  20016424    00000004     --HOLE-- [fill = 0]
                  20016428    00000014     sysbios.aem4 : BIOS.obj (.text:ti_sysbios_family_arm_m3_Hwi_switchFromBootStack__E)
                  2001643c    00000014     app_pem4.oem4 (.text:ti_sysbios_heaps_HeapMem_Object__get__S)
                  20016450    00000014     app_pem4.oem4 (.text:ti_sysbios_knl_Swi_Object__get__S)
                  20016464    00000014     app_pem4.oem4 (.text:xdc_runtime_LoggerBuf_Object__get__S)
                  20016478    00000012     driverlib.a : i2c.obj (.text:I2CMasterControl)
                  2001648a    00000012                 : i2c.obj (.text:I2CMasterIntClearEx)
                  2001649c    00000012                 : i2c.obj (.text:I2CMasterTimeoutSet)
                  200164ae    00000012                 : timer.obj (.text:TimerIntClear)
                  200164c0    00000012     sysbios.aem4 : BIOS.obj (.text:ti_sysbios_hal_Hwi_Module_startup__E)
                  200164d2    00000006     rtsv7M4_T_le_eabi.lib : copy_decompress_rle.obj (.text:decompress:rle24)
                  200164d8    00000012     sysbios.aem4 : BIOS.obj (.text:ti_sysbios_hal_Timer_Module_startup__E)
                  200164ea    00000012     ti.targets.arm.rtsarm.aem4 : LoggerBuf.oem4 (.text:xdc_runtime_LoggerBuf_Instance_finalize__E)
                  200164fc    00000012                                : LoggerBuf.oem4 (.text:xdc_runtime_LoggerBuf_write1__E)
                  2001650e    00000012                                : LoggerBuf.oem4 (.text:xdc_runtime_LoggerBuf_write2__E)
                  20016520    00000012     app_pem4.oem4 (.text:xdc_runtime_Startup_exec__I)
                  20016532    00000006     rtsv7M4_T_le_eabi.lib : log.obj (.text)
                  20016538    00000010     sysbios.aem4 : BIOS.obj (.text:ti_sysbios_BIOS_setThreadType__E)
                  20016548    00000010                  : BIOS.obj (.text:ti_sysbios_BIOS_start__E)
                  20016558    00000010                  : BIOS.obj (.text:ti_sysbios_family_arm_m3_Hwi_getHandle__E)
                  20016568    00000010                  : m3_TaskSupport_asm.obj (.text:ti_sysbios_family_arm_m3_TaskSupport_glue)
                  20016578    00000010                  : m3_TaskSupport_asm.obj (.text:ti_sysbios_family_arm_m3_TaskSupport_swap__E)
                  20016588    00000010                  : BIOS.obj (.text:ti_sysbios_gates_GateMutex_Instance_finalize__E)
                  20016598    00000010     app_pem4.oem4 (.text:ti_sysbios_knl_Mailbox_Object__get__S)
                  200165a8    00000010     sysbios.aem4 : BIOS.obj (.text:ti_sysbios_knl_Semaphore_Instance_finalize__E)
                  200165b8    00000010                  : BIOS.obj (.text:ti_sysbios_knl_Swi_disable__E)
                  200165c8    00000010     app_pem4.oem4 (.text:ti_sysbios_knl_Task_Object__get__S)
                  200165d8    00000010     sysbios.aem4 : BIOS.obj (.text:ti_sysbios_knl_Task_disable__E)
                  200165e8    00000010     ti.targets.arm.rtsarm.aem4 : Gate.oem4 (.text:xdc_runtime_Gate_leaveSystem__E)
                  200165f8    00000010                                : LoggerBuf.oem4 (.text:xdc_runtime_LoggerBuf_write0__E)
                  20016608    00000010                                : Memory.oem4 (.text:xdc_runtime_Memory_free__E)
                  20016618    00000010                                : SysMin.oem4 (.text:xdc_runtime_SysMin_ready__E)
                  20016628    00000010                                : System.oem4 (.text:xdc_runtime_System_vsnprintf__E)
                  20016638    00000010     app_pem4.oem4 (.text:xdc_runtime_Text_visitRope__I)
                  20016648    0000000e     driverlib.a : i2c.obj (.text:I2CMasterDataGet)
                  20016656    0000000e     simplelink.a : driver.obj (.text:_SlDrvResetCmdExt)
                  20016664    0000000e     rtsv7M4_T_le_eabi.lib : copy_decompress_none.obj (.text:decompress:none)
                  20016672    0000000e                           : time.obj (.text)
                  20016680    0000000e     sysbios.aem4 : BIOS.obj (.text:ti_sysbios_knl_Idle_loop__E)
                  2001668e    00000002     --HOLE-- [fill = 0]
                  20016690    0000000e                  : BIOS.obj (.text:ti_sysbios_knl_Queue_empty__E)
                  2001669e    00000002     --HOLE-- [fill = 0]
                  200166a0    0000000c     simplelink.a : cc_pal.obj (.text:NwpMaskInterrupt)
                  200166ac    0000000c                  : cc_pal.obj (.text:NwpUnMaskInterrupt)
                  200166b8    0000000c     rtsv7M4_T_le_eabi.lib : copy_zero_init.obj (.text:decompress:ZI)
                  200166c4    0000000c     simplelink.a : wlan.obj (.text:sl_WlanDisconnect)
                  200166d0    0000000c                  : wlan.obj (.text:sl_WlanSmartConfigStop)
                  200166dc    0000000c     app_pem4.oem4 (.text:ti_sysbios_family_arm_m3_Hwi_Params__init__S)
                  200166e8    0000000c     sysbios.aem4 : BIOS.obj (.text:ti_sysbios_family_arm_m3_Hwi_disableFxn__E)
                  200166f4    00000004     --HOLE-- [fill = 0]
                  200166f8    0000000c                  : BIOS.obj (.text:ti_sysbios_family_arm_m3_TaskSupport_checkStack__E)
                  20016704    00000004     --HOLE-- [fill = 0]
                  20016708    0000000c                  : BIOS.obj (.text:ti_sysbios_family_arm_m3_TaskSupport_getStackAlignment__E)
                  20016714    00000004     --HOLE-- [fill = 0]
                  20016718    0000000c                  : BIOS.obj (.text:ti_sysbios_gates_GateHwi_enter__E)
                  20016724    0000000c     app_pem4.oem4 (.text:ti_sysbios_knl_Queue_Object__get__S)
                  20016730    0000000c     app_pem4.oem4 (.text:ti_sysbios_knl_Semaphore_Params__init__S)
                  2001673c    0000000c     app_pem4.oem4 (.text:ti_sysbios_knl_Task_Params__init__S)
                  20016748    0000000c     ti.targets.arm.rtsarm.aem4 : Error.oem4 (.text:xdc_runtime_Error_init__E)
                  20016754    0000000c                                : Gate.oem4 (.text:xdc_runtime_Gate_enterSystem__E)
                  20016760    0000000c                                : Memory.oem4 (.text:xdc_runtime_Memory_calloc__E)
                  2001676c    0000000c                                : Memory.oem4 (.text:xdc_runtime_Memory_getMaxDefaultTypeAlign__E)
                  20016778    0000000a     driverlib.a : interrupt.obj (.text:IntMasterEnable)
                  20016782    0000000a     app_pem4.oem4 (.text:xdc_runtime_IHeap_alloc)
                  2001678c    0000000a     app_pem4.oem4 (.text:xdc_runtime_IHeap_free)
                  20016796    0000000a     ti.targets.arm.rtsarm.aem4 : LoggerBuf.oem4 (.text:xdc_runtime_LoggerBuf_disable__E)
                  200167a0    0000000a                                : LoggerBuf.oem4 (.text:xdc_runtime_LoggerBuf_enable__E)
                  200167aa    00000006                                : System.oem4 (.text:xdc_runtime_System_Module_startup__E)
                  200167b0    00000008     sysbios.aem4 : BIOS.obj (.text:ti_sysbios_family_arm_m3_Hwi_doSwiRestore__I)
                  200167b8    00000008                  : BIOS.obj (.text:ti_sysbios_family_arm_m3_Hwi_startup__E)
                  200167c0    00000006                  : BIOS.obj (.text:ti_sysbios_family_arm_m3_Hwi_restoreFxn__E)
                  200167c6    00000002     --HOLE-- [fill = 0]
                  200167c8    00000006                  : BIOS.obj (.text:ti_sysbios_gates_GateHwi_leave__E)
                  200167ce    00000002     --HOLE-- [fill = 0]
                  200167d0    00000006                  : BIOS.obj (.text:ti_sysbios_heaps_HeapMem_isBlocking__E)
                  200167d6    00000002     --HOLE-- [fill = 0]
                  200167d8    00000006                  : BIOS.obj (.text:ti_sysbios_knl_Queue_Instance_init__E)
                  200167de    00000002     --HOLE-- [fill = 0]
                  200167e0    00000004                  : BIOS.obj (.text:ti_sysbios_family_arm_m3_Timer_getMaxTicks__E)
                  200167e4    00000004     --HOLE-- [fill = 0]
                  200167e8    00000004                  : BIOS.obj (.text:ti_sysbios_gates_GateHwi_query__E)
                  200167ec    00000004     --HOLE-- [fill = 0]
                  200167f0    00000004                  : BIOS.obj (.text:ti_sysbios_gates_GateMutex_query__E)
                  200167f4    00000004     --HOLE-- [fill = 0]
                  200167f8    00000004                  : BIOS.obj (.text:ti_sysbios_knl_Task_startup__E)
                  200167fc    00000004     --HOLE-- [fill = 0]
                  20016800    00000002                  : BIOS.obj (.text:ti_sysbios_gates_GateHwi_Instance_init__E)

.const     0    20016808    00002c0c     
                  20016808    000018cb     app_pem4.oem4 (.const:xdc_runtime_Text_charTab__A)
                  200180d3    0000018b     main.obj (.const:.string)
                  2001825e    00000101     rtsv7M4_T_le_eabi.lib : ctype.obj (.const:.string:_ctypes_)
                  2001835f    00000001     app_pem4.oem4 (.const:xdc_runtime_Error_policy__C)
                  20018360    00000100     driverlib.a : pin.obj (.const:g_ulPinToPadMap)
                  20018460    000000b8     app_pem4.oem4 (.const:xdc_runtime_Text_nodeTab__A)
                  20018518    000000b0     simplelink.a : wlan.obj (.const:$P$T0$1)
                  200185c8    000000a8     driverlib.a : prcm.obj (.const:PRCM_PeriphRegsList)
                  20018670    00000080                 : interrupt.obj (.const)
                  200186f0    00000062     network_if.obj (.const:.string)
                  20018752    00000002     app_pem4.oem4 (.const:ti_sysbios_family_arm_m3_Hwi_Module__id__C)
                  20018754    00000060     rtsv7M4_T_le_eabi.lib : mktime.obj (.const)
                  200187b4    0000005f     libEmail.a : email.obj (.const:.string)
                  20018813    0000004d     main.obj (.const:.string:pucUARTErrorSocketCreateString)
                  20018860    0000004c     rtsv7M4_T_le_eabi.lib : asctime.obj (.const:.string)
                  200188ac    0000004c                           : asctime.obj (.const)
                  200188f8    00000048     app_pem4.oem4 (.const:.string)
                  20018940    00000048     rtsv7M4_T_le_eabi.lib : xexp.obj (.const)
                  20018988    00000040     libEmail.a : base64.obj (.const:.string:g_ccB64Tbl)
                  200189c8    00000040     main.obj (.const:.string:pucUARTIntroString3)
                  20018a08    0000003c     simplelink.a : driver.obj (.const:OpcodeTranslateTable)
                  20018a44    0000003c                  : wlan.obj (.const)
                  20018a80    0000003c     app_pem4.oem4 (.const:ti_sysbios_knl_Task_Object__PARAMS__C)
                  20018abc    0000003c     app_pem4.oem4 (.const:xdc_runtime_LoggerBuf_Module__FXNS__C)
                  20018af8    00000038     simplelink.a : driver.obj (.const:_SlActionLookupTable)
                  20018b30    00000038     rtsv7M4_T_le_eabi.lib : xlog.obj (.const:p)
                  20018b68    00000034     simplelink.a : driver.obj (.const)
                  20018b9c    00000034                  : socket.obj (.const)
                  20018bd0    00000034     app_pem4.oem4 (.const:ti_sysbios_knl_Mailbox_Object__PARAMS__C)
                  20018c04    00000031     main.obj (.const:.string:pucUARTParamString1)
                  20018c35    00000001     --HOLE-- [fill = 0]
                  20018c36    00000002     app_pem4.oem4 (.const:ti_sysbios_family_arm_m3_Hwi_Module__loggerDefined__C)
                  20018c38    00000030     rtsv7M4_T_le_eabi.lib : xdint.obj (.const)
                  20018c68    00000030     app_pem4.oem4 (.const:ti_sysbios_family_arm_m3_Hwi_Object__PARAMS__C)
                  20018c98    00000030     app_pem4.oem4 (.const:xdc_runtime_Startup_sfxnTab__A)
                  20018cc8    0000002f     main.obj (.const:.string:pucUARTSmartConfigString)
                  20018cf7    00000001     --HOLE-- [fill = 0]
                  20018cf8    0000002c     network_if.obj (.const:$P$T1$2)
                  20018d24    00000028     main.obj (.const:.string:pucUARTParamString3)
                  20018d4c    00000028     simplelink.a : netapp.obj (.const)
                  20018d74    00000028     app_pem4.oem4 (.const:ti_sysbios_heaps_HeapMem_Module__FXNS__C)
                  20018d9c    00000027     main.obj (.const:.string:pucUARTIntroString6)
                  20018dc3    00000024     NTPTime.obj (.const:$P$T1$2)
                  20018de7    00000001     --HOLE-- [fill = 0]
                  20018de8    00000024     network_if.obj (.const)
                  20018e0c    00000024     app_pem4.oem4 (.const:ti_sysbios_gates_GateHwi_Module__FXNS__C)
                  20018e30    00000024     app_pem4.oem4 (.const:ti_sysbios_gates_GateMutex_Module__FXNS__C)
                  20018e54    00000024     app_pem4.oem4 (.const:ti_sysbios_heaps_HeapMem_Object__PARAMS__C)
                  20018e78    00000024     app_pem4.oem4 (.const:ti_sysbios_knl_Semaphore_Object__PARAMS__C)
                  20018e9c    00000024     app_pem4.oem4 (.const:xdc_runtime_LoggerBuf_Object__PARAMS__C)
                  20018ec0    00000023     smartconfig.obj (.const:.string)
                  20018ee3    00000022     network_if.obj (.const:.string:$P$T0$1)
                  20018f05    00000021     main.obj (.const:.string:pucUARTIntroString4)
                  20018f26    00000021     main.obj (.const:.string:pucUARTParamString2)
                  20018f47    00000001     --HOLE-- [fill = 0]
                  20018f48    00000020     app_pem4.oem4 (.const:ti_sysbios_family_arm_m3_Hwi_Object__DESC__C)
                  20018f68    00000020     app_pem4.oem4 (.const:ti_sysbios_gates_GateHwi_Object__DESC__C)
                  20018f88    00000020     app_pem4.oem4 (.const:ti_sysbios_gates_GateMutex_Object__DESC__C)
                  20018fa8    00000020     app_pem4.oem4 (.const:ti_sysbios_heaps_HeapMem_Object__DESC__C)
                  20018fc8    00000020     app_pem4.oem4 (.const:ti_sysbios_knl_Mailbox_Object__DESC__C)
                  20018fe8    00000020     app_pem4.oem4 (.const:ti_sysbios_knl_Queue_Object__DESC__C)
                  20019008    00000020     app_pem4.oem4 (.const:ti_sysbios_knl_Semaphore_Object__DESC__C)
                  20019028    00000020     app_pem4.oem4 (.const:ti_sysbios_knl_Task_Object__DESC__C)
                  20019048    00000020     app_pem4.oem4 (.const:xdc_runtime_LoggerBuf_Object__DESC__C)
                  20019068    00000018     driverlib.a : spi.obj (.const)
                  20019080    00000018     app_pem4.oem4 (.const:ti_sysbios_gates_GateHwi_Object__PARAMS__C)
                  20019098    00000018     app_pem4.oem4 (.const:ti_sysbios_gates_GateMutex_Object__PARAMS__C)
                  200190b0    00000018     app_pem4.oem4 (.const:ti_sysbios_knl_Queue_Object__PARAMS__C)
                  200190c8    00000018     app_pem4.oem4 (.const:xdc_runtime_Startup_sfxnRts__A)
                  200190e0    00000015     NTPTime.obj (.const)
                  200190f5    00000014     NTPTime.obj (.const:.string)
                  20019109    00000001     --HOLE-- [fill = 0]
                  2001910a    00000014     simplelink.a : device.obj (.const)
                  2001911e    00000010                  : socket.obj (.const:.string)
                  2001912e    00000002     app_pem4.oem4 (.const:ti_sysbios_family_arm_m3_Timer_Module__id__C)
                  20019130    0000000c     app_pem4.oem4 (.const:xdc_runtime_Startup_firstFxns__A)
                  2001913c    00000008     simplelink.a : device.obj (.const:.string)
                  20019144    00000008                  : netcfg.obj (.const)
                  2001914c    00000008     app_pem4.oem4 (.const:ti_sysbios_family_arm_m3_Hwi_excHookFuncs__A)
                  20019154    00000008     app_pem4.oem4 (.const:ti_sysbios_knl_Idle_funcList__C)
                  2001915c    00000008     app_pem4.oem4 (.const:xdc_runtime_Startup_firstFxns__C)
                  20019164    00000008     app_pem4.oem4 (.const:xdc_runtime_Startup_lastFxns__C)
                  2001916c    00000004     driverlib.a : hwspinlock.obj (.const)
                  20019170    00000004     app_pem4.oem4 (.const:ti_sysbios_family_arm_m3_Hwi_E_NMI__C)
                  20019174    00000004     app_pem4.oem4 (.const:ti_sysbios_family_arm_m3_Hwi_E_alreadyDefined__C)
                  20019178    00000004     app_pem4.oem4 (.const:ti_sysbios_family_arm_m3_Hwi_E_busFault__C)
                  2001917c    00000004     app_pem4.oem4 (.const:ti_sysbios_family_arm_m3_Hwi_E_debugMon__C)
                  20019180    00000004     app_pem4.oem4 (.const:ti_sysbios_family_arm_m3_Hwi_E_hardFault__C)
                  20019184    00000004     app_pem4.oem4 (.const:ti_sysbios_family_arm_m3_Hwi_E_memFault__C)
                  20019188    00000004     app_pem4.oem4 (.const:ti_sysbios_family_arm_m3_Hwi_E_noIsr__C)
                  2001918c    00000004     app_pem4.oem4 (.const:ti_sysbios_family_arm_m3_Hwi_E_reserved__C)
                  20019190    00000004     app_pem4.oem4 (.const:ti_sysbios_family_arm_m3_Hwi_E_svCall__C)
                  20019194    00000004     app_pem4.oem4 (.const:ti_sysbios_family_arm_m3_Hwi_E_usageFault__C)
                  20019198    00000004     app_pem4.oem4 (.const:ti_sysbios_family_arm_m3_Hwi_LD_end__C)
                  2001919c    00000004     app_pem4.oem4 (.const:ti_sysbios_family_arm_m3_Hwi_LM_begin__C)
                  200191a0    00000004     app_pem4.oem4 (.const:ti_sysbios_family_arm_m3_Hwi_Module__diagsEnabled__C)
                  200191a4    00000004     app_pem4.oem4 (.const:ti_sysbios_family_arm_m3_Hwi_Module__diagsIncluded__C)
                  200191a8    00000004     app_pem4.oem4 (.const:ti_sysbios_family_arm_m3_Hwi_Module__diagsMask__C)
                  200191ac    00000004     app_pem4.oem4 (.const:ti_sysbios_family_arm_m3_Hwi_Module__loggerFxn1__C)
                  200191b0    00000004     app_pem4.oem4 (.const:ti_sysbios_family_arm_m3_Hwi_Module__loggerFxn8__C)
                  200191b4    00000004     app_pem4.oem4 (.const:ti_sysbios_family_arm_m3_Hwi_Module__loggerObj__C)
                  200191b8    00000004     app_pem4.oem4 (.const:ti_sysbios_family_arm_m3_Hwi_NUM_INTERRUPTS__C)
                  200191bc    00000004     app_pem4.oem4 (.const:ti_sysbios_family_arm_m3_Hwi_Object__count__C)
                  200191c0    00000004     app_pem4.oem4 (.const:ti_sysbios_family_arm_m3_Hwi_ccr__C)
                  200191c4    00000004     app_pem4.oem4 (.const:ti_sysbios_family_arm_m3_Hwi_excHandlerFunc__C)
                  200191c8    00000004     app_pem4.oem4 (.const:ti_sysbios_family_arm_m3_Hwi_excHookFuncs__C)
                  200191cc    00000004     app_pem4.oem4 (.const:ti_sysbios_family_arm_m3_Hwi_nullIsrFunc__C)
                  200191d0    00000004     app_pem4.oem4 (.const:ti_sysbios_family_arm_m3_Hwi_priGroup__C)
                  200191d4    00000004     app_pem4.oem4 (.const:ti_sysbios_family_arm_m3_TaskSupport_stackAlignment__C)
                  200191d8    00000004     app_pem4.oem4 (.const:ti_sysbios_family_arm_m3_Timer_E_cannotSupport__C)
                  200191dc    00000004     app_pem4.oem4 (.const:ti_sysbios_family_arm_m3_Timer_startupNeeded__C)
                  200191e0    00000004     app_pem4.oem4 (.const:ti_sysbios_gates_GateMutex_A_badContext__C)
                  200191e4    00000004     app_pem4.oem4 (.const:ti_sysbios_gates_GateMutex_Instance_State_sem__O)
                  200191e8    00000004     app_pem4.oem4 (.const:ti_sysbios_gates_GateMutex_Module__diagsEnabled__C)
                  200191ec    00000004     app_pem4.oem4 (.const:ti_sysbios_gates_GateMutex_Module__diagsIncluded__C)
                  200191f0    00000004     app_pem4.oem4 (.const:ti_sysbios_gates_GateMutex_Module__diagsMask__C)
                  200191f4    00000004     app_pem4.oem4 (.const:ti_sysbios_hal_Hwi_E_stackOverflow__C)
                  200191f8    00000004     app_pem4.oem4 (.const:ti_sysbios_heaps_HeapMem_A_align__C)
                  200191fc    00000004     app_pem4.oem4 (.const:ti_sysbios_heaps_HeapMem_A_heapSize__C)
                  20019200    00000004     app_pem4.oem4 (.const:ti_sysbios_heaps_HeapMem_A_invalidFree__C)
                  20019204    00000004     app_pem4.oem4 (.const:ti_sysbios_heaps_HeapMem_A_zeroBlock__C)
                  20019208    00000004     app_pem4.oem4 (.const:ti_sysbios_heaps_HeapMem_E_memory__C)
                  2001920c    00000004     app_pem4.oem4 (.const:ti_sysbios_heaps_HeapMem_Module__diagsEnabled__C)
                  20019210    00000004     app_pem4.oem4 (.const:ti_sysbios_heaps_HeapMem_Module__diagsIncluded__C)
                  20019214    00000004     app_pem4.oem4 (.const:ti_sysbios_heaps_HeapMem_Module__diagsMask__C)
                  20019218    00000004     app_pem4.oem4 (.const:ti_sysbios_heaps_HeapMem_Module__gateObj__C)
                  2001921c    00000004     app_pem4.oem4 (.const:ti_sysbios_heaps_HeapMem_Object__count__C)
                  20019220    00000004     app_pem4.oem4 (.const:ti_sysbios_heaps_HeapMem_reqAlign__C)
                  20019224    00000004     app_pem4.oem4 (.const:ti_sysbios_knl_Clock_LM_begin__C)
                  20019228    00000004     app_pem4.oem4 (.const:ti_sysbios_knl_Clock_LM_tick__C)
                  2001922c    00000004     app_pem4.oem4 (.const:ti_sysbios_knl_Clock_LW_delayed__C)
                  20019230    00000004     app_pem4.oem4 (.const:ti_sysbios_knl_Clock_Module_State_clockQ__O)
                  20019234    00000004     app_pem4.oem4 (.const:ti_sysbios_knl_Clock_Module__diagsEnabled__C)
                  20019238    00000004     app_pem4.oem4 (.const:ti_sysbios_knl_Clock_Module__diagsIncluded__C)
                  2001923c    00000004     app_pem4.oem4 (.const:ti_sysbios_knl_Clock_Module__diagsMask__C)
                  20019240    00000004     app_pem4.oem4 (.const:ti_sysbios_knl_Clock_Module__loggerFxn1__C)
                  20019244    00000004     app_pem4.oem4 (.const:ti_sysbios_knl_Clock_Module__loggerFxn2__C)
                  20019248    00000004     app_pem4.oem4 (.const:ti_sysbios_knl_Clock_Module__loggerObj__C)
                  2001924c    00000004     app_pem4.oem4 (.const:ti_sysbios_knl_Clock_tickPeriod__C)
                  20019250    00000004     app_pem4.oem4 (.const:ti_sysbios_knl_Idle_funcList__A)
                  20019254    00000004     app_pem4.oem4 (.const:ti_sysbios_knl_Mailbox_A_invalidBufSize__C)
                  20019258    00000004     app_pem4.oem4 (.const:ti_sysbios_knl_Mailbox_Instance_State_dataQue__O)
                  2001925c    00000004     app_pem4.oem4 (.const:ti_sysbios_knl_Mailbox_Instance_State_dataSem__O)
                  20019260    00000004     app_pem4.oem4 (.const:ti_sysbios_knl_Mailbox_Instance_State_freeQue__O)
                  20019264    00000004     app_pem4.oem4 (.const:ti_sysbios_knl_Mailbox_Instance_State_freeSem__O)
                  20019268    00000004     app_pem4.oem4 (.const:ti_sysbios_knl_Mailbox_Module__diagsEnabled__C)
                  2001926c    00000004     app_pem4.oem4 (.const:ti_sysbios_knl_Mailbox_Module__diagsIncluded__C)
                  20019270    00000004     app_pem4.oem4 (.const:ti_sysbios_knl_Mailbox_Module__diagsMask__C)
                  20019274    00000004     app_pem4.oem4 (.const:ti_sysbios_knl_Mailbox_Object__count__C)
                  20019278    00000004     app_pem4.oem4 (.const:ti_sysbios_knl_Mailbox_maxTypeAlign__C)
                  2001927c    00000004     app_pem4.oem4 (.const:ti_sysbios_knl_Semaphore_A_badContext__C)
                  20019280    00000004     app_pem4.oem4 (.const:ti_sysbios_knl_Semaphore_A_noEvents__C)
                  20019284    00000004     app_pem4.oem4 (.const:ti_sysbios_knl_Semaphore_A_overflow__C)
                  20019288    00000004     app_pem4.oem4 (.const:ti_sysbios_knl_Semaphore_A_pendTaskDisabled__C)
                  2001928c    00000004     app_pem4.oem4 (.const:ti_sysbios_knl_Semaphore_Instance_State_pendQ__O)
                  20019290    00000004     app_pem4.oem4 (.const:ti_sysbios_knl_Semaphore_LM_pend__C)
                  20019294    00000004     app_pem4.oem4 (.const:ti_sysbios_knl_Semaphore_LM_post__C)
                  20019298    00000004     app_pem4.oem4 (.const:ti_sysbios_knl_Semaphore_Module__diagsEnabled__C)
                  2001929c    00000004     app_pem4.oem4 (.const:ti_sysbios_knl_Semaphore_Module__diagsIncluded__C)
                  200192a0    00000004     app_pem4.oem4 (.const:ti_sysbios_knl_Semaphore_Module__diagsMask__C)
                  200192a4    00000004     app_pem4.oem4 (.const:ti_sysbios_knl_Semaphore_Module__loggerFxn2__C)
                  200192a8    00000004     app_pem4.oem4 (.const:ti_sysbios_knl_Semaphore_Module__loggerFxn4__C)
                  200192ac    00000004     app_pem4.oem4 (.const:ti_sysbios_knl_Semaphore_Module__loggerObj__C)
                  200192b0    00000004     app_pem4.oem4 (.const:ti_sysbios_knl_Swi_LD_end__C)
                  200192b4    00000004     app_pem4.oem4 (.const:ti_sysbios_knl_Swi_LM_begin__C)
                  200192b8    00000004     app_pem4.oem4 (.const:ti_sysbios_knl_Swi_LM_post__C)
                  200192bc    00000004     app_pem4.oem4 (.const:ti_sysbios_knl_Swi_Module__diagsEnabled__C)
                  200192c0    00000004     app_pem4.oem4 (.const:ti_sysbios_knl_Swi_Module__diagsIncluded__C)
                  200192c4    00000004     app_pem4.oem4 (.const:ti_sysbios_knl_Swi_Module__diagsMask__C)
                  200192c8    00000004     app_pem4.oem4 (.const:ti_sysbios_knl_Swi_Module__loggerFxn1__C)
                  200192cc    00000004     app_pem4.oem4 (.const:ti_sysbios_knl_Swi_Module__loggerFxn4__C)
                  200192d0    00000004     app_pem4.oem4 (.const:ti_sysbios_knl_Swi_Module__loggerObj__C)
                  200192d4    00000004     app_pem4.oem4 (.const:ti_sysbios_knl_Swi_Object__count__C)
                  200192d8    00000004     app_pem4.oem4 (.const:ti_sysbios_knl_Task_A_badPriority__C)
                  200192dc    00000004     app_pem4.oem4 (.const:ti_sysbios_knl_Task_A_badTaskState__C)
                  200192e0    00000004     app_pem4.oem4 (.const:ti_sysbios_knl_Task_A_badThreadType__C)
                  200192e4    00000004     app_pem4.oem4 (.const:ti_sysbios_knl_Task_A_badTimeout__C)
                  200192e8    00000004     app_pem4.oem4 (.const:ti_sysbios_knl_Task_A_noPendElem__C)
                  200192ec    00000004     app_pem4.oem4 (.const:ti_sysbios_knl_Task_A_sleepTaskDisabled__C)
                  200192f0    00000004     app_pem4.oem4 (.const:ti_sysbios_knl_Task_E_spOutOfBounds__C)
                  200192f4    00000004     app_pem4.oem4 (.const:ti_sysbios_knl_Task_E_stackOverflow__C)
                  200192f8    00000004     app_pem4.oem4 (.const:ti_sysbios_knl_Task_LD_block__C)
                  200192fc    00000004     app_pem4.oem4 (.const:ti_sysbios_knl_Task_LD_exit__C)
                  20019300    00000004     app_pem4.oem4 (.const:ti_sysbios_knl_Task_LD_ready__C)
                  20019304    00000004     app_pem4.oem4 (.const:ti_sysbios_knl_Task_LM_sleep__C)
                  20019308    00000004     app_pem4.oem4 (.const:ti_sysbios_knl_Task_LM_switch__C)
                  2001930c    00000004     app_pem4.oem4 (.const:ti_sysbios_knl_Task_LM_yield__C)
                  20019310    00000004     app_pem4.oem4 (.const:ti_sysbios_knl_Task_Module_State_inactiveQ__O)
                  20019314    00000004     app_pem4.oem4 (.const:ti_sysbios_knl_Task_Module__diagsEnabled__C)
                  20019318    00000004     app_pem4.oem4 (.const:ti_sysbios_knl_Task_Module__diagsIncluded__C)
                  2001931c    00000004     app_pem4.oem4 (.const:ti_sysbios_knl_Task_Module__diagsMask__C)
                  20019320    00000004     app_pem4.oem4 (.const:ti_sysbios_knl_Task_Module__loggerFxn2__C)
                  20019324    00000004     app_pem4.oem4 (.const:ti_sysbios_knl_Task_Module__loggerFxn4__C)
                  20019328    00000004     app_pem4.oem4 (.const:ti_sysbios_knl_Task_Module__loggerObj__C)
                  2001932c    00000004     app_pem4.oem4 (.const:ti_sysbios_knl_Task_Object__count__C)
                  20019330    00000004     app_pem4.oem4 (.const:ti_sysbios_knl_Task_allBlockedFunc__C)
                  20019334    00000004     app_pem4.oem4 (.const:ti_sysbios_knl_Task_defaultStackHeap__C)
                  20019338    00000004     app_pem4.oem4 (.const:ti_sysbios_knl_Task_defaultStackSize__C)
                  2001933c    00000004     app_pem4.oem4 (.const:ti_sysbios_knl_Task_numConstructedTasks__C)
                  20019340    00000004     app_pem4.oem4 (.const:xdc_runtime_Assert_E_assertFailed__C)
                  20019344    00000004     app_pem4.oem4 (.const:xdc_runtime_Core_A_initializedParams__C)
                  20019348    00000004     app_pem4.oem4 (.const:xdc_runtime_Core_Module__diagsEnabled__C)
                  2001934c    00000004     app_pem4.oem4 (.const:xdc_runtime_Core_Module__diagsIncluded__C)
                  20019350    00000004     app_pem4.oem4 (.const:xdc_runtime_Core_Module__diagsMask__C)
                  20019354    00000004     app_pem4.oem4 (.const:xdc_runtime_Error_E_memory__C)
                  20019358    00000004     app_pem4.oem4 (.const:xdc_runtime_Error_Module__diagsEnabled__C)
                  2001935c    00000004     app_pem4.oem4 (.const:xdc_runtime_Error_Module__diagsIncluded__C)
                  20019360    00000004     app_pem4.oem4 (.const:xdc_runtime_Error_Module__diagsMask__C)
                  20019364    00000004     app_pem4.oem4 (.const:xdc_runtime_Error_Module__loggerFxn8__C)
                  20019368    00000004     app_pem4.oem4 (.const:xdc_runtime_Error_Module__loggerObj__C)
                  2001936c    00000004     app_pem4.oem4 (.const:xdc_runtime_Error_policyFxn__C)
                  20019370    00000004     app_pem4.oem4 (.const:xdc_runtime_Error_raiseHook__C)
                  20019374    00000004     app_pem4.oem4 (.const:xdc_runtime_IFilterLogger_Interface__BASE__C)
                  20019378    00000004     app_pem4.oem4 (.const:xdc_runtime_IGateProvider_Interface__BASE__C)
                  2001937c    00000004     app_pem4.oem4 (.const:xdc_runtime_IHeap_Interface__BASE__C)
                  20019380    00000004     app_pem4.oem4 (.const:xdc_runtime_ILogger_Interface__BASE__C)
                  20019384    00000004     app_pem4.oem4 (.const:xdc_runtime_IModule_Interface__BASE__C)
                  20019388    00000004     app_pem4.oem4 (.const:xdc_runtime_Log_L_error__C)
                  2001938c    00000004     app_pem4.oem4 (.const:xdc_runtime_LoggerBuf_E_badLevel__C)
                  20019390    00000004     app_pem4.oem4 (.const:xdc_runtime_LoggerBuf_Module__gateObj__C)
                  20019394    00000004     app_pem4.oem4 (.const:xdc_runtime_LoggerBuf_Object__count__C)
                  20019398    00000004     app_pem4.oem4 (.const:xdc_runtime_LoggerBuf_statusLogger__C)
                  2001939c    00000004     app_pem4.oem4 (.const:xdc_runtime_Memory_defaultHeapInstance__C)
                  200193a0    00000004     app_pem4.oem4 (.const:xdc_runtime_Startup_execImpl__C)
                  200193a4    00000004     app_pem4.oem4 (.const:xdc_runtime_Startup_maxPasses__C)
                  200193a8    00000004     app_pem4.oem4 (.const:xdc_runtime_Startup_sfxnRts__C)
[...]
20019234  ti_sysbios_knl_Clock_Module__diagsEnabled__C                
20019238  ti_sysbios_knl_Clock_Module__diagsIncluded__C               
2001923c  ti_sysbios_knl_Clock_Module__diagsMask__C                   
20019240  ti_sysbios_knl_Clock_Module__loggerFxn1__C                  
20019244  ti_sysbios_knl_Clock_Module__loggerFxn2__C                  
20019248  ti_sysbios_knl_Clock_Module__loggerObj__C                   
2001924c  ti_sysbios_knl_Clock_tickPeriod__C                          
20019250  ti_sysbios_knl_Idle_funcList__A                             
20019254  ti_sysbios_knl_Mailbox_A_invalidBufSize__C                  
20019258  ti_sysbios_knl_Mailbox_Instance_State_dataQue__O            
2001925c  ti_sysbios_knl_Mailbox_Instance_State_dataSem__O            
20019260  ti_sysbios_knl_Mailbox_Instance_State_freeQue__O            
20019264  ti_sysbios_knl_Mailbox_Instance_State_freeSem__O            
20019268  ti_sysbios_knl_Mailbox_Module__diagsEnabled__C              
2001926c  ti_sysbios_knl_Mailbox_Module__diagsIncluded__C             
20019270  ti_sysbios_knl_Mailbox_Module__diagsMask__C                 
20019274  ti_sysbios_knl_Mailbox_Object__count__C                     
20019278  ti_sysbios_knl_Mailbox_maxTypeAlign__C                      
2001927c  ti_sysbios_knl_Semaphore_A_badContext__C                    
20019280  ti_sysbios_knl_Semaphore_A_noEvents__C                      
20019284  ti_sysbios_knl_Semaphore_A_overflow__C                      
20019288  ti_sysbios_knl_Semaphore_A_pendTaskDisabled__C              
2001928c  ti_sysbios_knl_Semaphore_Instance_State_pendQ__O            
20019290  ti_sysbios_knl_Semaphore_LM_pend__C                         
20019294  ti_sysbios_knl_Semaphore_LM_post__C                         
20019298  ti_sysbios_knl_Semaphore_Module__diagsEnabled__C            
2001929c  ti_sysbios_knl_Semaphore_Module__diagsIncluded__C           
200192a0  ti_sysbios_knl_Semaphore_Module__diagsMask__C               
200192a4  ti_sysbios_knl_Semaphore_Module__loggerFxn2__C              
200192a8  ti_sysbios_knl_Semaphore_Module__loggerFxn4__C              
200192ac  ti_sysbios_knl_Semaphore_Module__loggerObj__C               
200192b0  ti_sysbios_knl_Swi_LD_end__C                                
200192b4  ti_sysbios_knl_Swi_LM_begin__C                              
200192b8  ti_sysbios_knl_Swi_LM_post__C                               
200192bc  ti_sysbios_knl_Swi_Module__diagsEnabled__C                  
200192c0  ti_sysbios_knl_Swi_Module__diagsIncluded__C                 
200192c4  ti_sysbios_knl_Swi_Module__diagsMask__C                     
200192c8  ti_sysbios_knl_Swi_Module__loggerFxn1__C                    
200192cc  ti_sysbios_knl_Swi_Module__loggerFxn4__C                    
200192d0  ti_sysbios_knl_Swi_Module__loggerObj__C                     
200192d4  ti_sysbios_knl_Swi_Object__count__C                         
200192d8  ti_sysbios_knl_Task_A_badPriority__C                        
200192dc  ti_sysbios_knl_Task_A_badTaskState__C                       
200192e0  ti_sysbios_knl_Task_A_badThreadType__C                      
200192e4  ti_sysbios_knl_Task_A_badTimeout__C                         
200192e8  ti_sysbios_knl_Task_A_noPendElem__C                         
200192ec  ti_sysbios_knl_Task_A_sleepTaskDisabled__C                  
200192f0  ti_sysbios_knl_Task_E_spOutOfBounds__C                      
200192f4  ti_sysbios_knl_Task_E_stackOverflow__C                      
200192f8  ti_sysbios_knl_Task_LD_block__C                             
200192fc  ti_sysbios_knl_Task_LD_exit__C                              
20019300  ti_sysbios_knl_Task_LD_ready__C                             
20019304  ti_sysbios_knl_Task_LM_sleep__C                             
20019308  ti_sysbios_knl_Task_LM_switch__C                            
2001930c  ti_sysbios_knl_Task_LM_yield__C                             
20019310  ti_sysbios_knl_Task_Module_State_inactiveQ__O               
20019314  ti_sysbios_knl_Task_Module__diagsEnabled__C                 
20019318  ti_sysbios_knl_Task_Module__diagsIncluded__C                
2001931c  ti_sysbios_knl_Task_Module__diagsMask__C                    
20019320  ti_sysbios_knl_Task_Module__loggerFxn2__C                   
20019324  ti_sysbios_knl_Task_Module__loggerFxn4__C                   
20019328  ti_sysbios_knl_Task_Module__loggerObj__C                    
2001932c  ti_sysbios_knl_Task_Object__count__C                        
20019330  ti_sysbios_knl_Task_allBlockedFunc__C                       
20019334  ti_sysbios_knl_Task_defaultStackHeap__C                     
20019338  ti_sysbios_knl_Task_defaultStackSize__C                     
2001933c  ti_sysbios_knl_Task_numConstructedTasks__C                  
20019340  xdc_runtime_Assert_E_assertFailed__C                        
20019344  xdc_runtime_Core_A_initializedParams__C                     
20019348  xdc_runtime_Core_Module__diagsEnabled__C                    
2001934c  xdc_runtime_Core_Module__diagsIncluded__C                   
20019350  xdc_runtime_Core_Module__diagsMask__C                       
20019354  xdc_runtime_Error_E_memory__C                               
20019358  xdc_runtime_Error_Module__diagsEnabled__C                   
2001935c  xdc_runtime_Error_Module__diagsIncluded__C                  
20019360  xdc_runtime_Error_Module__diagsMask__C                      
20019364  xdc_runtime_Error_Module__loggerFxn8__C                     
20019368  xdc_runtime_Error_Module__loggerObj__C                      
2001936c  xdc_runtime_Error_policyFxn__C                              
20019370  xdc_runtime_Error_raiseHook__C                              
20019374  xdc_runtime_IFilterLogger_Interface__BASE__C                
20019378  xdc_runtime_IGateProvider_Interface__BASE__C                
2001937c  xdc_runtime_IHeap_Interface__BASE__C                        
20019380  xdc_runtime_ILogger_Interface__BASE__C                      
20019384  xdc_runtime_IModule_Interface__BASE__C                      
20019388  xdc_runtime_Log_L_error__C                                  
2001938c  xdc_runtime_LoggerBuf_E_badLevel__C                         
20019390  xdc_runtime_LoggerBuf_Module__gateObj__C                    
20019394  xdc_runtime_LoggerBuf_Object__count__C                      
20019398  xdc_runtime_LoggerBuf_statusLogger__C                       
2001939c  xdc_runtime_Memory_defaultHeapInstance__C                   
200193a0  xdc_runtime_Startup_execImpl__C                             
200193a4  xdc_runtime_Startup_maxPasses__C                            
200193a8  xdc_runtime_Startup_sfxnRts__C                              
200193ac  xdc_runtime_Startup_sfxnTab__C                              
200193b0  xdc_runtime_SysMin_bufSize__C                               
200193b4  xdc_runtime_SysMin_outputFunc__C                            
200193b8  xdc_runtime_System_Module__gateObj__C                       
200193bc  xdc_runtime_System_abortFxn__C                              
200193c0  xdc_runtime_System_exitFxn__C                               
200193c4  xdc_runtime_System_extendFxn__C                             
200193c8  xdc_runtime_System_maxAtexitHandlers__C                     
200193cc  xdc_runtime_Text_charTab__C                                 
200193d0  xdc_runtime_Text_nameEmpty__C                               
200193d4  xdc_runtime_Text_nameStatic__C                              
200193d8  xdc_runtime_Text_nameUnknown__C                             
200193dc  xdc_runtime_Text_nodeTab__C                                 
200193e0  xdc_runtime_Text_visitRopeFxn__C                            
200193e4  ti_sysbios_family_arm_m3_TimestampProvider_configTimer__C   
200193e6  ti_sysbios_gates_GateMutex_Module__id__C                    
200193e8  ti_sysbios_hal_Hwi_Module__id__C                            
200193ea  ti_sysbios_heaps_HeapMem_Module__id__C                      
200193ec  ti_sysbios_knl_Clock_Module__id__C                          
200193ee  ti_sysbios_knl_Clock_Module__loggerDefined__C               
200193f0  ti_sysbios_knl_Mailbox_Module__id__C                        
200193f2  ti_sysbios_knl_Semaphore_Module__id__C                      
200193f4  ti_sysbios_knl_Semaphore_Module__loggerDefined__C           
200193f6  ti_sysbios_knl_Swi_Module__id__C                            
200193f8  ti_sysbios_knl_Swi_Module__loggerDefined__C                 
200193fa  ti_sysbios_knl_Task_Module__id__C                           
200193fc  ti_sysbios_knl_Task_Module__loggerDefined__C                
200193fe  xdc_runtime_Core_Module__id__C                              
20019400  xdc_runtime_Error_Module__loggerDefined__C                  
20019402  xdc_runtime_Error_maxDepth__C                               
20019404  xdc_runtime_LoggerBuf_Module__id__C                         
20019406  xdc_runtime_LoggerBuf_filterByLevel__C                      
20019408  xdc_runtime_Memory_Module__id__C                            
2001940a  xdc_runtime_SysMin_flushAtExit__C                           
2001940c  xdc_runtime_Text_charCnt__C                                 
2001940e  xdc_runtime_Text_isLoaded__C                                
20019410  xdc_runtime_Text_registryModsLastId__C                      
20019412  xdc_runtime_Text_unnamedModsLastId__C                       
20019418  __TI_static_base__                                          
200197c8  __TI_Handler_Table_Base                                     
200197d4  __TI_Handler_Table_Limit                                    
200197e0  __TI_CINIT_Base                                             
200197f0  __TI_CINIT_Limit                                            
2001a000  ti_sysbios_heaps_HeapMem_Instance_State_0_buf__A            
20022000  ti_sysbios_knl_Task_Instance_State_0_stack__A               
20022800  xdc_runtime_LoggerBuf_Instance_State_0_entryArr__A          
20022c00  xdc_runtime_SysMin_Module_State_0_outbuf__A                 
20023000  ti_sysbios_family_arm_m3_Hwi_dispatchTable                  
2002330c  g_StatMem                                                   
20023484  __CIOBUF_                                                   
200235a4  g_cDestinationEmailRfc                                      
200236a4  g_cUsernameRfc                                              
200237a4  g_sDestination                                              
200238a3  g_sEmail                                                    
200239a2  ucUARTBuffer                                                
20023a6a  g_cBasekey1                                                 
20023aea  g_cBasekey2                                                 
20023b6a  g_cBuf                                                      
20023bce  g_cCmdBuf                                                   
20023c32  g_usConnectIndex                                            
20023c34  g_ucDinDout                                                 
20023c84  g_cMessage                                                  
20023cc4  pcEmailmessage                                              
20023d04  g_sSubject                                                  
20023d41  RxIrqCnt                                                    
20023d42  g_usTimerInts                                               
20023d44  g_sEmailOpt                                                 
20023d68  g_ucConnectionSSID                                          
20023d8c  g_sSourcePass                                               
20023dab  pcEmailsubject                                              
20023dc7  pcEmailto                                                   
20023e0b  g_ucConnectionBSSID                                         
20023e1b  g_cConnectStatus                                            
20023e1c  DMAMsgQ                                                     
20023e20  SimpleLinkSpawnTaskHndl                                     
20023e28  g_PBQueue                                                   
20023e2c  g_S2InterruptHdl                                            
20023e30  g_S3InterruptHdl                                            
20023e34  g_cDummy                                                    
20023e38  pcOfemailmessage                                            
20023e3c  pcOfemailsubject                                            
20023e40  pcOfemailto                                                 
20023e44  simpleLink_mailbox                                          
20023e48  uiUartCmd                                                   
20023e4c  g_ucLED1Pin                                                 
20023e4d  g_ucLED2Pin                                                 
20023e4e  g_ucLED3Pin                                                 
20023e50  ti_sysbios_family_arm_m3_Hwi_Module__root__V                
20023e58  ti_sysbios_family_arm_m3_Hwi_Object__table__V               
20023e70  ti_sysbios_family_arm_m3_Hwi_Module_State_0_excActive__A    
20023e74  ti_sysbios_family_arm_m3_Hwi_Module_State_0_excContext__A   
20023e78  ti_sysbios_family_arm_m3_Hwi_Module_State_0_excStack__A     
20023e7c  ti_sysbios_family_arm_m3_Timer_Module__root__V              
20023e84  ti_sysbios_family_arm_m3_Timer_Module__state__V             
20023e90  ti_sysbios_family_arm_m3_TimestampProvider_Module__state__V 
20023e94  ti_sysbios_gates_GateHwi_Module__root__V                    
20023e9c  ti_sysbios_gates_GateHwi_Object__table__V                   
20023ea0  ti_sysbios_gates_GateMutex_Module__root__V                  
20023ea8  ti_sysbios_hal_Hwi_Module__root__V                          
20023eb0  ti_sysbios_hal_Timer_Module__root__V                        
20023eb8  ti_sysbios_heaps_HeapMem_Module__root__V                    
20023ec0  ti_sysbios_heaps_HeapMem_Object__table__V                   
20023ed8  ti_sysbios_knl_Clock_Module__root__V                        
20023ee0  ti_sysbios_knl_Event_Module__root__V                        
20023ee8  ti_sysbios_knl_Mailbox_Module__root__V                      
20023ef0  ti_sysbios_knl_Queue_Module__root__V                        
20023ef8  ti_sysbios_knl_Semaphore_Module__root__V                    
20023f00  ti_sysbios_knl_Swi_Module__root__V                          
20023f08  ti_sysbios_knl_Swi_Module__state__V                         
20023f24  ti_sysbios_knl_Task_Module__root__V                         
20023f2c  ti_sysbios_knl_Task_Module_State_0_idleTask__A              
20023f30  xdc_runtime_Error_Module__state__V                          
20023f34  xdc_runtime_LoggerBuf_Module__root__V                       
20023f3c  xdc_runtime_LoggerBuf_Module__state__V                      
20023f44  xdc_runtime_Memory_Module__state__V                         
20023f48  xdc_runtime_Registry_Module__state__V                       
20023f50  xdc_runtime_Startup_Module__state__V                        
20023f58  xdc_runtime_SysMin_Module__state__V                         
20023f64  xdc_runtime_System_Module_State_0_atexitHandlers__A         
20023f74  xdc_runtime_System_Module__state__V                         
20023f7c  xdc_runtime_Text_Module__state__V                           
20023f84  __xdc__init__addr                                           
20024038  _Denorm                                                     
20024048  _Eps                                                        
20024058  _Hugeval                                                    
20024068  _Inf                                                        
20024078  _Nan                                                        
20024088  _Snan                                                       
20024098  _Rteps                                                      
200240a8  _Xbig                                                       
200240b0  _Zero                                                       
200240b8  ti_sysbios_knl_Swi_Module_State_0_readyQ__A                 
20024138  ti_sysbios_knl_Task_Module_State_0_readyQ__A                
200241b8  _FDenorm                                                    
200241c8  _FEps                                                       
200241d8  _FInf                                                       
200241e8  _FNan                                                       
200241f8  _FSnan                                                      
20024208  _FRteps                                                     
20024218  _FXbig                                                      
2002421c  _FZero                                                      
20024220  ti_sysbios_knl_Task_Object__table__V                        
2002426c  ti_sysbios_knl_Task_Module__state__V                        
200242b0  ti_sysbios_gates_GateMutex_Object__table__V                 
200242e8  ti_sysbios_family_arm_m3_Hwi_Module__state__V               
2002431c  ti_sysbios_family_arm_m3_Timer_Object__table__V             
2002434c  ti_sysbios_knl_Swi_Object__table__V                         
2002437c  ti_sysbios_knl_Clock_Module__state__V                       
200243cc  ti_sysbios_BIOS_Module__state__V                            
200243f0  xdc_runtime_LoggerBuf_Object__table__V                      
20024428  g_uiLED1Port                                                
2002442c  g_uiLED2Port                                                
20024430  g_uiLED3Port                                                
20024434  g_secondCounter                                             
20024438  SecurityParams                                              
20024444  g_uiPBCount                                                 
20024448  g_uiSmtpStatus                                              
2002444c  g_iConnectStatus                                            
20024450  g_lSmtpSocket                                               
20024454  g_uiEmailSetStatus                                          
20024458  g_uiEmailErrorInfo                                          
2002445c  _tz                                                         
2002446c  g_ulStatus                                                  
20024470  g_ulStaIp                                                   
20024474  g_ulGatewayIP                                               
20024478  g_SpiFd                                                     
2002447c  g_pHostIntHdl                                               
20024480  g_ucDMAEnabled                                              
20024484  g_pCB                                                       
20024488  pPingCallBackFunc                                           
2002448c  gFirstCmdMode                                               
20024490  _lock                                                       
20024494  _unlock                                                     
20024498  __TI_cleanup_ptr                                            
2002449c  __TI_dtors_ptr                                              
200244a0  _Fenv                                                       
200244a4  _Tls_setup__Fenv                                            
200244a8  _Errno                                                      
200244ac  main_func_sp                                                
2002e000  __stack                                                     
20030000  __STACK_END                                                 
e000e000  ti_sysbios_family_arm_m3_Hwi_nvic                           
ffffffff  __binit__                                                   
ffffffff  __c_args__                                                  
ffffffff  binit                                                       
UNDEFED   SHT$$INIT_ARRAY$$Base                                       
UNDEFED   SHT$$INIT_ARRAY$$Limit                                      

[1143 symbols]
